Archive member included to satisfy reference by file (symbol)

c:/st/stm32cubeide_1.3.0/stm32cubeide/plugins/com.st.stm32cube.ide.mcu.externaltools.gnu-tools-for-stm32.7-2018-q2-update.win32_1.0.0.201904181610/tools/bin/../lib/gcc/arm-none-eabi/7.3.1/../../../../arm-none-eabi/lib/thumb/v7-m\libc_nano.a(lib_a-errno.o)
                              Core/Src/syscalls.o (__errno)
c:/st/stm32cubeide_1.3.0/stm32cubeide/plugins/com.st.stm32cube.ide.mcu.externaltools.gnu-tools-for-stm32.7-2018-q2-update.win32_1.0.0.201904181610/tools/bin/../lib/gcc/arm-none-eabi/7.3.1/../../../../arm-none-eabi/lib/thumb/v7-m\libc_nano.a(lib_a-exit.o)
                              c:/st/stm32cubeide_1.3.0/stm32cubeide/plugins/com.st.stm32cube.ide.mcu.externaltools.gnu-tools-for-stm32.7-2018-q2-update.win32_1.0.0.201904181610/tools/bin/../lib/gcc/arm-none-eabi/7.3.1/../../../../arm-none-eabi/lib/thumb/v7-m/crt0.o (exit)
c:/st/stm32cubeide_1.3.0/stm32cubeide/plugins/com.st.stm32cube.ide.mcu.externaltools.gnu-tools-for-stm32.7-2018-q2-update.win32_1.0.0.201904181610/tools/bin/../lib/gcc/arm-none-eabi/7.3.1/../../../../arm-none-eabi/lib/thumb/v7-m\libc_nano.a(lib_a-impure.o)
                              c:/st/stm32cubeide_1.3.0/stm32cubeide/plugins/com.st.stm32cube.ide.mcu.externaltools.gnu-tools-for-stm32.7-2018-q2-update.win32_1.0.0.201904181610/tools/bin/../lib/gcc/arm-none-eabi/7.3.1/../../../../arm-none-eabi/lib/thumb/v7-m\libc_nano.a(lib_a-exit.o) (_global_impure_ptr)
c:/st/stm32cubeide_1.3.0/stm32cubeide/plugins/com.st.stm32cube.ide.mcu.externaltools.gnu-tools-for-stm32.7-2018-q2-update.win32_1.0.0.201904181610/tools/bin/../lib/gcc/arm-none-eabi/7.3.1/../../../../arm-none-eabi/lib/thumb/v7-m\libc_nano.a(lib_a-init.o)
                              c:/st/stm32cubeide_1.3.0/stm32cubeide/plugins/com.st.stm32cube.ide.mcu.externaltools.gnu-tools-for-stm32.7-2018-q2-update.win32_1.0.0.201904181610/tools/bin/../lib/gcc/arm-none-eabi/7.3.1/../../../../arm-none-eabi/lib/thumb/v7-m/crt0.o (__libc_init_array)
c:/st/stm32cubeide_1.3.0/stm32cubeide/plugins/com.st.stm32cube.ide.mcu.externaltools.gnu-tools-for-stm32.7-2018-q2-update.win32_1.0.0.201904181610/tools/bin/../lib/gcc/arm-none-eabi/7.3.1/../../../../arm-none-eabi/lib/thumb/v7-m\libc_nano.a(lib_a-memcpy-stub.o)
                              Core/Src/nrf24l01.o (memcpy)
c:/st/stm32cubeide_1.3.0/stm32cubeide/plugins/com.st.stm32cube.ide.mcu.externaltools.gnu-tools-for-stm32.7-2018-q2-update.win32_1.0.0.201904181610/tools/bin/../lib/gcc/arm-none-eabi/7.3.1/../../../../arm-none-eabi/lib/thumb/v7-m\libc_nano.a(lib_a-memset.o)
                              c:/st/stm32cubeide_1.3.0/stm32cubeide/plugins/com.st.stm32cube.ide.mcu.externaltools.gnu-tools-for-stm32.7-2018-q2-update.win32_1.0.0.201904181610/tools/bin/../lib/gcc/arm-none-eabi/7.3.1/../../../../arm-none-eabi/lib/thumb/v7-m/crt0.o (memset)
c:/st/stm32cubeide_1.3.0/stm32cubeide/plugins/com.st.stm32cube.ide.mcu.externaltools.gnu-tools-for-stm32.7-2018-q2-update.win32_1.0.0.201904181610/tools/bin/../lib/gcc/arm-none-eabi/7.3.1/../../../../arm-none-eabi/lib/thumb/v7-m\libc_nano.a(lib_a-snprintf.o)
                              Core/Src/main.o (snprintf)
c:/st/stm32cubeide_1.3.0/stm32cubeide/plugins/com.st.stm32cube.ide.mcu.externaltools.gnu-tools-for-stm32.7-2018-q2-update.win32_1.0.0.201904181610/tools/bin/../lib/gcc/arm-none-eabi/7.3.1/../../../../arm-none-eabi/lib/thumb/v7-m\libc_nano.a(lib_a-sprintf.o)
                              Core/Src/main.o (sprintf)
c:/st/stm32cubeide_1.3.0/stm32cubeide/plugins/com.st.stm32cube.ide.mcu.externaltools.gnu-tools-for-stm32.7-2018-q2-update.win32_1.0.0.201904181610/tools/bin/../lib/gcc/arm-none-eabi/7.3.1/../../../../arm-none-eabi/lib/thumb/v7-m\libc_nano.a(lib_a-strlen.o)
                              Core/Src/main.o (strlen)
c:/st/stm32cubeide_1.3.0/stm32cubeide/plugins/com.st.stm32cube.ide.mcu.externaltools.gnu-tools-for-stm32.7-2018-q2-update.win32_1.0.0.201904181610/tools/bin/../lib/gcc/arm-none-eabi/7.3.1/../../../../arm-none-eabi/lib/thumb/v7-m\libc_nano.a(lib_a-nano-svfprintf.o)
                              c:/st/stm32cubeide_1.3.0/stm32cubeide/plugins/com.st.stm32cube.ide.mcu.externaltools.gnu-tools-for-stm32.7-2018-q2-update.win32_1.0.0.201904181610/tools/bin/../lib/gcc/arm-none-eabi/7.3.1/../../../../arm-none-eabi/lib/thumb/v7-m\libc_nano.a(lib_a-snprintf.o) (_svfprintf_r)
c:/st/stm32cubeide_1.3.0/stm32cubeide/plugins/com.st.stm32cube.ide.mcu.externaltools.gnu-tools-for-stm32.7-2018-q2-update.win32_1.0.0.201904181610/tools/bin/../lib/gcc/arm-none-eabi/7.3.1/../../../../arm-none-eabi/lib/thumb/v7-m\libc_nano.a(lib_a-nano-vfprintf_i.o)
                              c:/st/stm32cubeide_1.3.0/stm32cubeide/plugins/com.st.stm32cube.ide.mcu.externaltools.gnu-tools-for-stm32.7-2018-q2-update.win32_1.0.0.201904181610/tools/bin/../lib/gcc/arm-none-eabi/7.3.1/../../../../arm-none-eabi/lib/thumb/v7-m\libc_nano.a(lib_a-nano-svfprintf.o) (_printf_i)
[...]
Memory Configuration

Name             Origin             Length             Attributes
RAM              0x0000000020000000 0x0000000000005000 xrw
FLASH            0x0000000008000000 0x0000000000010000 xr
*default*        0x0000000000000000 0xffffffffffffffff

Linker script and memory map

LOAD c:/st/stm32cubeide_1.3.0/stm32cubeide/plugins/com.st.stm32cube.ide.mcu.externaltools.gnu-tools-for-stm32.7-2018-q2-update.win32_1.0.0.201904181610/tools/bin/../lib/gcc/arm-none-eabi/7.3.1/thumb/v7-m/crti.o
LOAD c:/st/stm32cubeide_1.3.0/stm32cubeide/plugins/com.st.stm32cube.ide.mcu.externaltools.gnu-tools-for-stm32.7-2018-q2-update.win32_1.0.0.201904181610/tools/bin/../lib/gcc/arm-none-eabi/7.3.1/thumb/v7-m/crtbegin.o
LOAD c:/st/stm32cubeide_1.3.0/stm32cubeide/plugins/com.st.stm32cube.ide.mcu.externaltools.gnu-tools-for-stm32.7-2018-q2-update.win32_1.0.0.201904181610/tools/bin/../lib/gcc/arm-none-eabi/7.3.1/../../../../arm-none-eabi/lib/thumb/v7-m/crt0.o
LOAD Core/Src/freertos.o
LOAD Core/Src/main.o
LOAD Core/Src/meteo_home.o
LOAD Core/Src/nrf24l01.o
LOAD Core/Src/receiver.o
LOAD Core/Src/stm32f1xx_hal_msp.o
LOAD Core/Src/stm32f1xx_hal_timebase_tim.o
LOAD Core/Src/stm32f1xx_it.o
LOAD Core/Src/syscalls.o
LOAD Core/Src/sysmem.o
LOAD Core/Src/system_stm32f1xx.o
LOAD Core/Startup/startup_stm32f103c8tx.o
LOAD Drivers/STM32F1xx_HAL_Driver/Src/stm32f1xx_hal.o
LOAD Drivers/STM32F1xx_HAL_Driver/Src/stm32f1xx_hal_cortex.o
LOAD Drivers/STM32F1xx_HAL_Driver/Src/stm32f1xx_hal_dma.o
LOAD Drivers/STM32F1xx_HAL_Driver/Src/stm32f1xx_hal_exti.o
LOAD Drivers/STM32F1xx_HAL_Driver/Src/stm32f1xx_hal_flash.o
LOAD Drivers/STM32F1xx_HAL_Driver/Src/stm32f1xx_hal_flash_ex.o
LOAD Drivers/STM32F1xx_HAL_Driver/Src/stm32f1xx_hal_gpio.o
LOAD Drivers/STM32F1xx_HAL_Driver/Src/stm32f1xx_hal_gpio_ex.o
LOAD Drivers/STM32F1xx_HAL_Driver/Src/stm32f1xx_hal_pwr.o
LOAD Drivers/STM32F1xx_HAL_Driver/Src/stm32f1xx_hal_rcc.o
LOAD Drivers/STM32F1xx_HAL_Driver/Src/stm32f1xx_hal_rcc_ex.o
LOAD Drivers/STM32F1xx_HAL_Driver/Src/stm32f1xx_hal_spi.o
LOAD Drivers/STM32F1xx_HAL_Driver/Src/stm32f1xx_hal_tim.o
LOAD Drivers/STM32F1xx_HAL_Driver/Src/stm32f1xx_hal_tim_ex.o
LOAD Drivers/STM32F1xx_HAL_Driver/Src/stm32f1xx_hal_uart.o
LOAD Middlewares/Third_Party/FreeRTOS/Source/CMSIS_RTOS/cmsis_os.o
LOAD Middlewares/Third_Party/FreeRTOS/Source/croutine.o
LOAD Middlewares/Third_Party/FreeRTOS/Source/event_groups.o
LOAD Middlewares/Third_Party/FreeRTOS/Source/list.o
LOAD Middlewares/Third_Party/FreeRTOS/Source/queue.o
LOAD Middlewares/Third_Party/FreeRTOS/Source/stream_buffer.o
LOAD Middlewares/Third_Party/FreeRTOS/Source/tasks.o
LOAD Middlewares/Third_Party/FreeRTOS/Source/timers.o
LOAD Middlewares/Third_Party/FreeRTOS/Source/portable/GCC/ARM_CM3/port.o
LOAD Middlewares/Third_Party/FreeRTOS/Source/portable/MemMang/heap_4.o
START GROUP
LOAD c:/st/stm32cubeide_1.3.0/stm32cubeide/plugins/com.st.stm32cube.ide.mcu.externaltools.gnu-tools-for-stm32.7-2018-q2-update.win32_1.0.0.201904181610/tools/bin/../lib/gcc/arm-none-eabi/7.3.1/../../../../arm-none-eabi/lib/thumb/v7-m\libstdc++_nano.a
LOAD c:/st/stm32cubeide_1.3.0/stm32cubeide/plugins/com.st.stm32cube.ide.mcu.externaltools.gnu-tools-for-stm32.7-2018-q2-update.win32_1.0.0.201904181610/tools/bin/../lib/gcc/arm-none-eabi/7.3.1/../../../../arm-none-eabi/lib/thumb/v7-m\libsupc++_nano.a
END GROUP
LOAD c:/st/stm32cubeide_1.3.0/stm32cubeide/plugins/com.st.stm32cube.ide.mcu.externaltools.gnu-tools-for-stm32.7-2018-q2-update.win32_1.0.0.201904181610/tools/bin/../lib/gcc/arm-none-eabi/7.3.1/../../../../arm-none-eabi/lib/thumb/v7-m\libstdc++_nano.a
LOAD c:/st/stm32cubeide_1.3.0/stm32cubeide/plugins/com.st.stm32cube.ide.mcu.externaltools.gnu-tools-for-stm32.7-2018-q2-update.win32_1.0.0.201904181610/tools/bin/../lib/gcc/arm-none-eabi/7.3.1/../../../../arm-none-eabi/lib/thumb/v7-m\libm.a
LOAD c:/st/stm32cubeide_1.3.0/stm32cubeide/plugins/com.st.stm32cube.ide.mcu.externaltools.gnu-tools-for-stm32.7-2018-q2-update.win32_1.0.0.201904181610/tools/bin/../lib/gcc/arm-none-eabi/7.3.1/../../../../arm-none-eabi/lib/thumb/v7-m\libc_nano.a
START GROUP
LOAD c:/st/stm32cubeide_1.3.0/stm32cubeide/plugins/com.st.stm32cube.ide.mcu.externaltools.gnu-tools-for-stm32.7-2018-q2-update.win32_1.0.0.201904181610/tools/bin/../lib/gcc/arm-none-eabi/7.3.1/thumb/v7-m\libgcc.a
LOAD c:/st/stm32cubeide_1.3.0/stm32cubeide/plugins/com.st.stm32cube.ide.mcu.externaltools.gnu-tools-for-stm32.7-2018-q2-update.win32_1.0.0.201904181610/tools/bin/../lib/gcc/arm-none-eabi/7.3.1/../../../../arm-none-eabi/lib/thumb/v7-m\libc_nano.a
END GROUP
START GROUP
LOAD c:/st/stm32cubeide_1.3.0/stm32cubeide/plugins/com.st.stm32cube.ide.mcu.externaltools.gnu-tools-for-stm32.7-2018-q2-update.win32_1.0.0.201904181610/tools/bin/../lib/gcc/arm-none-eabi/7.3.1/thumb/v7-m\libgcc.a
LOAD c:/st/stm32cubeide_1.3.0/stm32cubeide/plugins/com.st.stm32cube.ide.mcu.externaltools.gnu-tools-for-stm32.7-2018-q2-update.win32_1.0.0.201904181610/tools/bin/../lib/gcc/arm-none-eabi/7.3.1/../../../../arm-none-eabi/lib/thumb/v7-m\libc_nano.a
LOAD c:/st/stm32cubeide_1.3.0/stm32cubeide/plugins/com.st.stm32cube.ide.mcu.externaltools.gnu-tools-for-stm32.7-2018-q2-update.win32_1.0.0.201904181610/tools/bin/../lib/gcc/arm-none-eabi/7.3.1/../../../../arm-none-eabi/lib/thumb/v7-m\libnosys.a
END GROUP
START GROUP
LOAD c:/st/stm32cubeide_1.3.0/stm32cubeide/plugins/com.st.stm32cube.ide.mcu.externaltools.gnu-tools-for-stm32.7-2018-q2-update.win32_1.0.0.201904181610/tools/bin/../lib/gcc/arm-none-eabi/7.3.1/thumb/v7-m\libgcc.a
LOAD c:/st/stm32cubeide_1.3.0/stm32cubeide/plugins/com.st.stm32cube.ide.mcu.externaltools.gnu-tools-for-stm32.7-2018-q2-update.win32_1.0.0.201904181610/tools/bin/../lib/gcc/arm-none-eabi/7.3.1/../../../../arm-none-eabi/lib/thumb/v7-m\libc_nano.a
LOAD c:/st/stm32cubeide_1.3.0/stm32cubeide/plugins/com.st.stm32cube.ide.mcu.externaltools.gnu-tools-for-stm32.7-2018-q2-update.win32_1.0.0.201904181610/tools/bin/../lib/gcc/arm-none-eabi/7.3.1/../../../../arm-none-eabi/lib/thumb/v7-m\libnosys.a
END GROUP
LOAD c:/st/stm32cubeide_1.3.0/stm32cubeide/plugins/com.st.stm32cube.ide.mcu.externaltools.gnu-tools-for-stm32.7-2018-q2-update.win32_1.0.0.201904181610/tools/bin/../lib/gcc/arm-none-eabi/7.3.1/thumb/v7-m/crtend.o
LOAD c:/st/stm32cubeide_1.3.0/stm32cubeide/plugins/com.st.stm32cube.ide.mcu.externaltools.gnu-tools-for-stm32.7-2018-q2-update.win32_1.0.0.201904181610/tools/bin/../lib/gcc/arm-none-eabi/7.3.1/thumb/v7-m/crtn.o
                0x0000000020005000                _estack = (ORIGIN (RAM) + LENGTH (RAM))
                0x0000000000000200                _Min_Heap_Size = 0x200
                0x0000000000000400                _Min_Stack_Size = 0x400

.isr_vector     0x0000000008000000      0x10c
                0x0000000008000000                . = ALIGN (0x4)
 *(.isr_vector)
 .isr_vector    0x0000000008000000      0x10c Core/Startup/startup_stm32f103c8tx.o
                0x0000000008000000                g_pfnVectors
                0x000000000800010c                . = ALIGN (0x4)

.text           0x0000000008000110     0x7600
                0x0000000008000110                . = ALIGN (0x4)
 *(.text)
 .text          0x0000000008000110       0x40 c:/st/stm32cubeide_1.3.0/stm32cubeide/plugins/com.st.stm32cube.ide.mcu.externaltools.gnu-tools-for-stm32.7-2018-q2-update.win32_1.0.0.201904181610/tools/bin/../lib/gcc/arm-none-eabi/7.3.1/thumb/v7-m/crtbegin.o
 .text          0x0000000008000150       0x10 c:/st/stm32cubeide_1.3.0/stm32cubeide/plugins/com.st.stm32cube.ide.mcu.externaltools.gnu-tools-for-stm32.7-2018-q2-update.win32_1.0.0.201904181610/tools/bin/../lib/gcc/arm-none-eabi/7.3.1/../../../../arm-none-eabi/lib/thumb/v7-m\libc_nano.a(lib_a-strlen.o)
                0x0000000008000150                strlen
 *(.text*)
 .text.vApplicationStackOverflowHook
                0x0000000008000160       0x14 Core/Src/freertos.o
                0x0000000008000160                vApplicationStackOverflowHook
 .text.vApplicationMallocFailedHook
                0x0000000008000174        0xc Core/Src/freertos.o
                0x0000000008000174                vApplicationMallocFailedHook
 .text.vApplicationGetIdleTaskMemory
                0x0000000008000180       0x30 Core/Src/freertos.o
                0x0000000008000180                vApplicationGetIdleTaskMemory
 .text.vApplicationGetTimerTaskMemory
                0x00000000080001b0       0x30 Core/Src/freertos.o
                0x00000000080001b0                vApplicationGetTimerTaskMemory
 .text.main     0x00000000080001e0      0x14c Core/Src/main.o
                0x00000000080001e0                main
 .text.SystemClock_Config
                0x000000000800032c       0x8a Core/Src/main.o
                0x000000000800032c                SystemClock_Config
 *fill*         0x00000000080003b6        0x2 
 .text.MX_SPI1_Init
                0x00000000080003b8       0x6c Core/Src/main.o
 .text.MX_USART1_UART_Init
                0x0000000008000424       0x54 Core/Src/main.o
 .text.MX_GPIO_Init
                0x0000000008000478      0x108 Core/Src/main.o
 .text.HAL_GPIO_EXTI_Callback
                0x0000000008000580       0xc4 Core/Src/main.o
                0x0000000008000580                HAL_GPIO_EXTI_Callback
 .text.StartDefaultTask
                0x0000000008000644       0x20 Core/Src/main.o
                0x0000000008000644                StartDefaultTask
 *fill*         0x0000000008000664        0x4 
 .text.StartRadio
                0x0000000008000668      0x20c Core/Src/main.o
                0x0000000008000668                StartRadio
 .text.StartUnixTimeCounter
                0x0000000008000874      0x120 Core/Src/main.o
                0x0000000008000874                StartUnixTimeCounter
 .text.CallbackUnixTimer
                0x0000000008000994       0x34 Core/Src/main.o
                0x0000000008000994                CallbackUnixTimer
 .text.HAL_TIM_PeriodElapsedCallback
                0x00000000080009c8       0x3c Core/Src/main.o
                0x00000000080009c8                HAL_TIM_PeriodElapsedCallback
 .text.Error_Handler
                0x0000000008000a04        0xc Core/Src/main.o
                0x0000000008000a04                Error_Handler
 .text.unixtimeToString
                0x0000000008000a10       0xbc Core/Src/meteo_home.o
                0x0000000008000a10                unixtimeToString
 .text.DWT_Init
                0x0000000008000acc       0x2c Core/Src/nrf24l01.o
                0x0000000008000acc                DWT_Init
 .text.delay_us
                0x0000000008000af8       0x44 Core/Src/nrf24l01.o
                0x0000000008000af8                delay_us
 .text.csn      0x0000000008000b3c       0x2c Core/Src/nrf24l01.o
                0x0000000008000b3c                csn
 .text.ce       0x0000000008000b68       0x24 Core/Src/nrf24l01.o
                0x0000000008000b68                ce
 .text.read_register
                0x0000000008000b8c       0x5c Core/Src/nrf24l01.o
                0x0000000008000b8c                read_register
 .text.write_registerMy
                0x0000000008000be8       0x60 Core/Src/nrf24l01.o
                0x0000000008000be8                write_registerMy
 .text.write_register
                0x0000000008000c48       0x60 Core/Src/nrf24l01.o
                0x0000000008000c48                write_register
 .text.read_payload
                0x0000000008000ca8       0x9c Core/Src/nrf24l01.o
                0x0000000008000ca8                read_payload
 .text.flush_rx
                0x0000000008000d44       0x10 Core/Src/nrf24l01.o
                0x0000000008000d44                flush_rx
 .text.flush_tx
                0x0000000008000d54       0x10 Core/Src/nrf24l01.o
                0x0000000008000d54                flush_tx
 .text.spiTrans
                0x0000000008000d64       0x3c Core/Src/nrf24l01.o
                0x0000000008000d64                spiTrans
 .text.get_status
                0x0000000008000da0       0x10 Core/Src/nrf24l01.o
                0x0000000008000da0                get_status
 .text.setChannel
                0x0000000008000db0       0x1c Core/Src/nrf24l01.o
                0x0000000008000db0                setChannel
 .text.setPayloadSize
                0x0000000008000dcc       0x28 Core/Src/nrf24l01.o
                0x0000000008000dcc                setPayloadSize
 .text.getPayloadSize
                0x0000000008000df4       0x14 Core/Src/nrf24l01.o
                0x0000000008000df4                getPayloadSize
 .text.NRF_Init
                0x0000000008000e08       0xec Core/Src/nrf24l01.o
                0x0000000008000e08                NRF_Init
 .text.isChipConnected
                0x0000000008000ef4       0x2a Core/Src/nrf24l01.o
                0x0000000008000ef4                isChipConnected
 *fill*         0x0000000008000f1e        0x2 
 .text.startListening
                0x0000000008000f20       0x6c Core/Src/nrf24l01.o
                0x0000000008000f20                startListening
 .text.powerUp  0x0000000008000f8c       0x38 Core/Src/nrf24l01.o
                0x0000000008000f8c                powerUp
 .text.available
                0x0000000008000fc4       0x44 Core/Src/nrf24l01.o
                0x0000000008000fc4                available
 .text.read     0x0000000008001008       0x26 Core/Src/nrf24l01.o
                0x0000000008001008                read
 .text.whatHappened
                0x000000000800102e       0x1c Core/Src/nrf24l01.o
                0x000000000800102e                whatHappened
 *fill*         0x000000000800104a        0x2 
 .text.openWritingPipe
                0x000000000800104c       0x44 Core/Src/nrf24l01.o
                0x000000000800104c                openWritingPipe
 .text.openReadingPipe
                0x0000000008001090       0xb0 Core/Src/nrf24l01.o
                0x0000000008001090                openReadingPipe
 .text.closeReadingPipe
                0x0000000008001140       0x40 Core/Src/nrf24l01.o
                0x0000000008001140                closeReadingPipe
 .text.toggle_features
                0x0000000008001180       0x40 Core/Src/nrf24l01.o
                0x0000000008001180                toggle_features
 .text.enableDynamicPayloads
                0x00000000080011c0       0x40 Core/Src/nrf24l01.o
                0x00000000080011c0                enableDynamicPayloads
 .text.enableAckPayload
                0x0000000008001200       0x40 Core/Src/nrf24l01.o
                0x0000000008001200                enableAckPayload
 .text.writeAckPayload
                0x0000000008001240       0x6c Core/Src/nrf24l01.o
                0x0000000008001240                writeAckPayload
 .text.setPALevel
                0x00000000080012ac       0x44 Core/Src/nrf24l01.o
                0x00000000080012ac                setPALevel
 .text.setDataRate
                0x00000000080012f0       0x80 Core/Src/nrf24l01.o
                0x00000000080012f0                setDataRate
 .text.setRetries
                0x0000000008001370       0x36 Core/Src/nrf24l01.o
                0x0000000008001370                setRetries
 .text.receiver_init
                0x00000000080013a6        0xc Core/Src/receiver.o
                0x00000000080013a6                receiver_init
 *fill*         0x00000000080013b2        0x2 
 .text.PackDataToAck
                0x00000000080013b4       0xec Core/Src/receiver.o
                0x00000000080013b4                PackDataToAck
 .text.CreateNullAck
                0x00000000080014a0      0x100 Core/Src/receiver.o
                0x00000000080014a0                CreateNullAck
 .text.HAL_MspInit
                0x00000000080015a0       0x70 Core/Src/stm32f1xx_hal_msp.o
                0x00000000080015a0                HAL_MspInit
 .text.HAL_SPI_MspInit
                0x0000000008001610       0x94 Core/Src/stm32f1xx_hal_msp.o
                0x0000000008001610                HAL_SPI_MspInit
 .text.HAL_UART_MspInit
                0x00000000080016a4       0x98 Core/Src/stm32f1xx_hal_msp.o
                0x00000000080016a4                HAL_UART_MspInit
 .text.HAL_InitTick
                0x000000000800173c       0xb0 Core/Src/stm32f1xx_hal_timebase_tim.o
                0x000000000800173c                HAL_InitTick
 .text.NMI_Handler
                0x00000000080017ec        0xc Core/Src/stm32f1xx_it.o
                0x00000000080017ec                NMI_Handler
 .text.HardFault_Handler
                0x00000000080017f8        0x6 Core/Src/stm32f1xx_it.o
                0x00000000080017f8                HardFault_Handler
 .text.MemManage_Handler
                0x00000000080017fe        0x6 Core/Src/stm32f1xx_it.o
                0x00000000080017fe                MemManage_Handler
 .text.BusFault_Handler
                0x0000000008001804        0x6 Core/Src/stm32f1xx_it.o
                0x0000000008001804                BusFault_Handler
 .text.UsageFault_Handler
                0x000000000800180a        0x6 Core/Src/stm32f1xx_it.o
                0x000000000800180a                UsageFault_Handler
 .text.DebugMon_Handler
                0x0000000008001810        0xc Core/Src/stm32f1xx_it.o
                0x0000000008001810                DebugMon_Handler
 .text.EXTI0_IRQHandler
                0x000000000800181c        0xe Core/Src/stm32f1xx_it.o
                0x000000000800181c                EXTI0_IRQHandler
 *fill*         0x000000000800182a        0x2 
 .text.TIM4_IRQHandler
                0x000000000800182c       0x14 Core/Src/stm32f1xx_it.o
                0x000000000800182c                TIM4_IRQHandler
 .text._sbrk    0x0000000008001840       0x58 Core/Src/sysmem.o
                0x0000000008001840                _sbrk
 .text.SystemInit
                0x0000000008001898       0x68 Core/Src/system_stm32f1xx.o
                0x0000000008001898                SystemInit
 .text.Reset_Handler
                0x0000000008001900       0x48 Core/Startup/startup_stm32f103c8tx.o
                0x0000000008001900                Reset_Handler
 .text.Default_Handler
                0x0000000008001948        0x2 Core/Startup/startup_stm32f103c8tx.o
                0x0000000008001948                RTC_Alarm_IRQHandler
                0x0000000008001948                EXTI2_IRQHandler
                0x0000000008001948                TIM1_CC_IRQHandler
                0x0000000008001948                PVD_IRQHandler
                0x0000000008001948                EXTI3_IRQHandler
                0x0000000008001948                I2C2_EV_IRQHandler
                0x0000000008001948                ADC1_2_IRQHandler
                0x0000000008001948                SPI1_IRQHandler
                0x0000000008001948                TAMPER_IRQHandler
                0x0000000008001948                DMA1_Channel4_IRQHandler
                0x0000000008001948                USART3_IRQHandler
                0x0000000008001948                RTC_IRQHandler
                0x0000000008001948                DMA1_Channel7_IRQHandler
                0x0000000008001948                CAN1_RX1_IRQHandler
                0x0000000008001948                I2C1_EV_IRQHandler
                0x0000000008001948                DMA1_Channel6_IRQHandler
                0x0000000008001948                TIM3_IRQHandler
                0x0000000008001948                RCC_IRQHandler
                0x0000000008001948                TIM1_TRG_COM_IRQHandler
                0x0000000008001948                DMA1_Channel1_IRQHandler
                0x0000000008001948                Default_Handler
                0x0000000008001948                EXTI15_10_IRQHandler
                0x0000000008001948                EXTI9_5_IRQHandler
                0x0000000008001948                SPI2_IRQHandler
                0x0000000008001948                DMA1_Channel5_IRQHandler
                0x0000000008001948                EXTI4_IRQHandler
                0x0000000008001948                USB_LP_CAN1_RX0_IRQHandler
                0x0000000008001948                USB_HP_CAN1_TX_IRQHandler
                0x0000000008001948                DMA1_Channel3_IRQHandler
                0x0000000008001948                TIM1_UP_IRQHandler
                0x0000000008001948                WWDG_IRQHandler
                0x0000000008001948                TIM2_IRQHandler
                0x0000000008001948                TIM1_BRK_IRQHandler
                0x0000000008001948                EXTI1_IRQHandler
                0x0000000008001948                USART2_IRQHandler
                0x0000000008001948                I2C2_ER_IRQHandler
                0x0000000008001948                DMA1_Channel2_IRQHandler
                0x0000000008001948                CAN1_SCE_IRQHandler
                0x0000000008001948                FLASH_IRQHandler
                0x0000000008001948                USART1_IRQHandler
                0x0000000008001948                I2C1_ER_IRQHandler
                0x0000000008001948                USBWakeUp_IRQHandler
 *fill*         0x000000000800194a        0x2 
 .text.HAL_Init
                0x000000000800194c       0x2c Drivers/STM32F1xx_HAL_Driver/Src/stm32f1xx_hal.o
                0x000000000800194c                HAL_Init
 .text.HAL_IncTick
                0x0000000008001978       0x24 Drivers/STM32F1xx_HAL_Driver/Src/stm32f1xx_hal.o
                0x0000000008001978                HAL_IncTick
 .text.HAL_GetTick
                0x000000000800199c       0x14 Drivers/STM32F1xx_HAL_Driver/Src/stm32f1xx_hal.o
                0x000000000800199c                HAL_GetTick
 .text.HAL_Delay
                0x00000000080019b0       0x44 Drivers/STM32F1xx_HAL_Driver/Src/stm32f1xx_hal.o
                0x00000000080019b0                HAL_Delay
 .text.__NVIC_SetPriorityGrouping
                0x00000000080019f4       0x48 Drivers/STM32F1xx_HAL_Driver/Src/stm32f1xx_hal_cortex.o
 .text.__NVIC_GetPriorityGrouping
                0x0000000008001a3c       0x1c Drivers/STM32F1xx_HAL_Driver/Src/stm32f1xx_hal_cortex.o
 .text.__NVIC_EnableIRQ
                0x0000000008001a58       0x38 Drivers/STM32F1xx_HAL_Driver/Src/stm32f1xx_hal_cortex.o
 .text.__NVIC_SetPriority
                0x0000000008001a90       0x54 Drivers/STM32F1xx_HAL_Driver/Src/stm32f1xx_hal_cortex.o
 .text.NVIC_EncodePriority
                0x0000000008001ae4       0x64 Drivers/STM32F1xx_HAL_Driver/Src/stm32f1xx_hal_cortex.o
 .text.HAL_NVIC_SetPriorityGrouping
                0x0000000008001b48       0x16 Drivers/STM32F1xx_HAL_Driver/Src/stm32f1xx_hal_cortex.o
                0x0000000008001b48                HAL_NVIC_SetPriorityGrouping
 .text.HAL_NVIC_SetPriority
                0x0000000008001b5e       0x38 Drivers/STM32F1xx_HAL_Driver/Src/stm32f1xx_hal_cortex.o
                0x0000000008001b5e                HAL_NVIC_SetPriority
 .text.HAL_NVIC_EnableIRQ
                0x0000000008001b96       0x1c Drivers/STM32F1xx_HAL_Driver/Src/stm32f1xx_hal_cortex.o
                0x0000000008001b96                HAL_NVIC_EnableIRQ
 *fill*         0x0000000008001bb2        0x2 
 .text.HAL_GPIO_Init
                0x0000000008001bb4      0x2b4 Drivers/STM32F1xx_HAL_Driver/Src/stm32f1xx_hal_gpio.o
                0x0000000008001bb4                HAL_GPIO_Init
 .text.HAL_GPIO_WritePin
                0x0000000008001e68       0x30 Drivers/STM32F1xx_HAL_Driver/Src/stm32f1xx_hal_gpio.o
                0x0000000008001e68                HAL_GPIO_WritePin
 .text.HAL_GPIO_TogglePin
                0x0000000008001e98       0x30 Drivers/STM32F1xx_HAL_Driver/Src/stm32f1xx_hal_gpio.o
                0x0000000008001e98                HAL_GPIO_TogglePin
 .text.HAL_GPIO_EXTI_IRQHandler
                0x0000000008001ec8       0x30 Drivers/STM32F1xx_HAL_Driver/Src/stm32f1xx_hal_gpio.o
                0x0000000008001ec8                HAL_GPIO_EXTI_IRQHandler
 .text.HAL_RCC_OscConfig
                0x0000000008001ef8      0x500 Drivers/STM32F1xx_HAL_Driver/Src/stm32f1xx_hal_rcc.o
                0x0000000008001ef8                HAL_RCC_OscConfig
 .text.HAL_RCC_ClockConfig
                0x00000000080023f8      0x1d4 Drivers/STM32F1xx_HAL_Driver/Src/stm32f1xx_hal_rcc.o
                0x00000000080023f8                HAL_RCC_ClockConfig
 .text.HAL_RCC_GetSysClockFreq
                0x00000000080025cc       0xc4 Drivers/STM32F1xx_HAL_Driver/Src/stm32f1xx_hal_rcc.o
                0x00000000080025cc                HAL_RCC_GetSysClockFreq
 .text.HAL_RCC_GetHCLKFreq
                0x0000000008002690       0x14 Drivers/STM32F1xx_HAL_Driver/Src/stm32f1xx_hal_rcc.o
                0x0000000008002690                HAL_RCC_GetHCLKFreq
 .text.HAL_RCC_GetPCLK1Freq
                0x00000000080026a4       0x28 Drivers/STM32F1xx_HAL_Driver/Src/stm32f1xx_hal_rcc.o
                0x00000000080026a4                HAL_RCC_GetPCLK1Freq
 .text.HAL_RCC_GetPCLK2Freq
                0x00000000080026cc       0x28 Drivers/STM32F1xx_HAL_Driver/Src/stm32f1xx_hal_rcc.o
                0x00000000080026cc                HAL_RCC_GetPCLK2Freq
 .text.HAL_RCC_GetClockConfig
                0x00000000080026f4       0x60 Drivers/STM32F1xx_HAL_Driver/Src/stm32f1xx_hal_rcc.o
                0x00000000080026f4                HAL_RCC_GetClockConfig
 .text.RCC_Delay
                0x0000000008002754       0x3c Drivers/STM32F1xx_HAL_Driver/Src/stm32f1xx_hal_rcc.o
 .text.HAL_SPI_Init
                0x0000000008002790       0xc2 Drivers/STM32F1xx_HAL_Driver/Src/stm32f1xx_hal_spi.o
                0x0000000008002790                HAL_SPI_Init
 .text.HAL_SPI_Transmit
                0x0000000008002852      0x268 Drivers/STM32F1xx_HAL_Driver/Src/stm32f1xx_hal_spi.o
                0x0000000008002852                HAL_SPI_Transmit
 .text.HAL_SPI_Receive
                0x0000000008002aba      0x212 Drivers/STM32F1xx_HAL_Driver/Src/stm32f1xx_hal_spi.o
                0x0000000008002aba                HAL_SPI_Receive
 .text.HAL_SPI_TransmitReceive
                0x0000000008002ccc      0x344 Drivers/STM32F1xx_HAL_Driver/Src/stm32f1xx_hal_spi.o
                0x0000000008002ccc                HAL_SPI_TransmitReceive
 .text.SPI_WaitFlagStateUntilTimeout
                0x0000000008003010       0xd4 Drivers/STM32F1xx_HAL_Driver/Src/stm32f1xx_hal_spi.o
 .text.SPI_EndRxTransaction
                0x00000000080030e4       0xa4 Drivers/STM32F1xx_HAL_Driver/Src/stm32f1xx_hal_spi.o
 .text.SPI_EndRxTxTransaction
                0x0000000008003188       0x3c Drivers/STM32F1xx_HAL_Driver/Src/stm32f1xx_hal_spi.o
 .text.HAL_TIM_Base_Init
                0x00000000080031c4       0x56 Drivers/STM32F1xx_HAL_Driver/Src/stm32f1xx_hal_tim.o
                0x00000000080031c4                HAL_TIM_Base_Init
 .text.HAL_TIM_Base_MspInit
                0x000000000800321a       0x12 Drivers/STM32F1xx_HAL_Driver/Src/stm32f1xx_hal_tim.o
                0x000000000800321a                HAL_TIM_Base_MspInit
 .text.HAL_TIM_Base_Start_IT
                0x000000000800322c       0x46 Drivers/STM32F1xx_HAL_Driver/Src/stm32f1xx_hal_tim.o
                0x000000000800322c                HAL_TIM_Base_Start_IT
 .text.HAL_TIM_IRQHandler
                0x0000000008003272      0x210 Drivers/STM32F1xx_HAL_Driver/Src/stm32f1xx_hal_tim.o
                0x0000000008003272                HAL_TIM_IRQHandler
 .text.HAL_TIM_OC_DelayElapsedCallback
                0x0000000008003482       0x12 Drivers/STM32F1xx_HAL_Driver/Src/stm32f1xx_hal_tim.o
                0x0000000008003482                HAL_TIM_OC_DelayElapsedCallback
 .text.HAL_TIM_IC_CaptureCallback
                0x0000000008003494       0x12 Drivers/STM32F1xx_HAL_Driver/Src/stm32f1xx_hal_tim.o
                0x0000000008003494                HAL_TIM_IC_CaptureCallback
 .text.HAL_TIM_PWM_PulseFinishedCallback
                0x00000000080034a6       0x12 Drivers/STM32F1xx_HAL_Driver/Src/stm32f1xx_hal_tim.o
                0x00000000080034a6                HAL_TIM_PWM_PulseFinishedCallback
 .text.HAL_TIM_TriggerCallback
                0x00000000080034b8       0x12 Drivers/STM32F1xx_HAL_Driver/Src/stm32f1xx_hal_tim.o
                0x00000000080034b8                HAL_TIM_TriggerCallback
 *fill*         0x00000000080034ca        0x2 
 .text.TIM_Base_SetConfig
                0x00000000080034cc       0xc4 Drivers/STM32F1xx_HAL_Driver/Src/stm32f1xx_hal_tim.o
                0x00000000080034cc                TIM_Base_SetConfig
 .text.HAL_TIMEx_CommutCallback
                0x0000000008003590       0x12 Drivers/STM32F1xx_HAL_Driver/Src/stm32f1xx_hal_tim_ex.o
                0x0000000008003590                HAL_TIMEx_CommutCallback
 .text.HAL_TIMEx_BreakCallback
                0x00000000080035a2       0x12 Drivers/STM32F1xx_HAL_Driver/Src/stm32f1xx_hal_tim_ex.o
                0x00000000080035a2                HAL_TIMEx_BreakCallback
 .text.HAL_UART_Init
                0x00000000080035b4       0x9a Drivers/STM32F1xx_HAL_Driver/Src/stm32f1xx_hal_uart.o
                0x00000000080035b4                HAL_UART_Init
 .text.HAL_UART_Transmit
                0x000000000800364e      0x132 Drivers/STM32F1xx_HAL_Driver/Src/stm32f1xx_hal_uart.o
                0x000000000800364e                HAL_UART_Transmit
 .text.UART_WaitOnFlagUntilTimeout
                0x0000000008003780       0x94 Drivers/STM32F1xx_HAL_Driver/Src/stm32f1xx_hal_uart.o
 .text.UART_SetConfig
                0x0000000008003814      0x1b4 Drivers/STM32F1xx_HAL_Driver/Src/stm32f1xx_hal_uart.o
 .text.makeFreeRtosPriority
                0x00000000080039c8       0x2e Middlewares/Third_Party/FreeRTOS/Source/CMSIS_RTOS/cmsis_os.o
 .text.inHandlerMode
                0x00000000080039f6       0x22 Middlewares/Third_Party/FreeRTOS/Source/CMSIS_RTOS/cmsis_os.o
 .text.osKernelStart
                0x0000000008003a18        0xe Middlewares/Third_Party/FreeRTOS/Source/CMSIS_RTOS/cmsis_os.o
                0x0000000008003a18                osKernelStart
 .text.osThreadCreate
                0x0000000008003a26       0x98 Middlewares/Third_Party/FreeRTOS/Source/CMSIS_RTOS/cmsis_os.o
                0x0000000008003a26                osThreadCreate
 .text.osDelay  0x0000000008003abe       0x28 Middlewares/Third_Party/FreeRTOS/Source/CMSIS_RTOS/cmsis_os.o
                0x0000000008003abe                osDelay
 *fill*         0x0000000008003ae6        0x2 
 .text.osTimerCreate
                0x0000000008003ae8       0x68 Middlewares/Third_Party/FreeRTOS/Source/CMSIS_RTOS/cmsis_os.o
                0x0000000008003ae8                osTimerCreate
 .text.osTimerStart
                0x0000000008003b50       0x8c Middlewares/Third_Party/FreeRTOS/Source/CMSIS_RTOS/cmsis_os.o
                0x0000000008003b50                osTimerStart
 .text.osMutexCreate
                0x0000000008003bdc       0x30 Middlewares/Third_Party/FreeRTOS/Source/CMSIS_RTOS/cmsis_os.o
                0x0000000008003bdc                osMutexCreate
 .text.osPoolCreate
                0x0000000008003c0c       0xba Middlewares/Third_Party/FreeRTOS/Source/CMSIS_RTOS/cmsis_os.o
                0x0000000008003c0c                osPoolCreate
 .text.osPoolAlloc
                0x0000000008003cc6       0xc4 Middlewares/Third_Party/FreeRTOS/Source/CMSIS_RTOS/cmsis_os.o
                0x0000000008003cc6                osPoolAlloc
 .text.osPoolFree
                0x0000000008003d8a       0x80 Middlewares/Third_Party/FreeRTOS/Source/CMSIS_RTOS/cmsis_os.o
                0x0000000008003d8a                osPoolFree
 .text.osMessageCreate
                0x0000000008003e0a       0x52 Middlewares/Third_Party/FreeRTOS/Source/CMSIS_RTOS/cmsis_os.o
                0x0000000008003e0a                osMessageCreate
 .text.osMessagePut
                0x0000000008003e5c       0x80 Middlewares/Third_Party/FreeRTOS/Source/CMSIS_RTOS/cmsis_os.o
                0x0000000008003e5c                osMessagePut
 .text.osMessageGet
                0x0000000008003edc       0xe8 Middlewares/Third_Party/FreeRTOS/Source/CMSIS_RTOS/cmsis_os.o
                0x0000000008003edc                osMessageGet
 .text.vListInitialise
                0x0000000008003fc4       0x3e Middlewares/Third_Party/FreeRTOS/Source/list.o
                0x0000000008003fc4                vListInitialise
 .text.vListInitialiseItem
                0x0000000008004002       0x18 Middlewares/Third_Party/FreeRTOS/Source/list.o
                0x0000000008004002                vListInitialiseItem
 .text.vListInsertEnd
                0x000000000800401a       0x46 Middlewares/Third_Party/FreeRTOS/Source/list.o
                0x000000000800401a                vListInsertEnd
 .text.vListInsert
                0x0000000008004060       0x70 Middlewares/Third_Party/FreeRTOS/Source/list.o
                0x0000000008004060                vListInsert
 .text.uxListRemove
                0x00000000080040d0       0x52 Middlewares/Third_Party/FreeRTOS/Source/list.o
                0x00000000080040d0                uxListRemove
 *fill*         0x0000000008004122        0x2 
 .text.xQueueGenericReset
                0x0000000008004124       0xd0 Middlewares/Third_Party/FreeRTOS/Source/queue.o
                0x0000000008004124                xQueueGenericReset
 .text.xQueueGenericCreateStatic
                0x00000000080041f4       0xe4 Middlewares/Third_Party/FreeRTOS/Source/queue.o
                0x00000000080041f4                xQueueGenericCreateStatic
 .text.xQueueGenericCreate
                0x00000000080042d8       0x7a Middlewares/Third_Party/FreeRTOS/Source/queue.o
                0x00000000080042d8                xQueueGenericCreate
 .text.prvInitialiseNewQueue
                0x0000000008004352       0x3e Middlewares/Third_Party/FreeRTOS/Source/queue.o
 .text.prvInitialiseMutex
                0x0000000008004390       0x34 Middlewares/Third_Party/FreeRTOS/Source/queue.o
 .text.xQueueCreateMutex
                0x00000000080043c4       0x30 Middlewares/Third_Party/FreeRTOS/Source/queue.o
                0x00000000080043c4                xQueueCreateMutex
 .text.xQueueCreateMutexStatic
                0x00000000080043f4       0x36 Middlewares/Third_Party/FreeRTOS/Source/queue.o
                0x00000000080043f4                xQueueCreateMutexStatic
 *fill*         0x000000000800442a        0x2 
 .text.xQueueGenericSend
                0x000000000800442c      0x1f4 Middlewares/Third_Party/FreeRTOS/Source/queue.o
                0x000000000800442c                xQueueGenericSend
 .text.xQueueGenericSendFromISR
                0x0000000008004620      0x128 Middlewares/Third_Party/FreeRTOS/Source/queue.o
                0x0000000008004620                xQueueGenericSendFromISR
 .text.xQueueReceive
                0x0000000008004748      0x1b8 Middlewares/Third_Party/FreeRTOS/Source/queue.o
                0x0000000008004748                xQueueReceive
 .text.xQueueSemaphoreTake
                0x0000000008004900      0x210 Middlewares/Third_Party/FreeRTOS/Source/queue.o
                0x0000000008004900                xQueueSemaphoreTake
 .text.xQueueReceiveFromISR
                0x0000000008004b10       0xfa Middlewares/Third_Party/FreeRTOS/Source/queue.o
                0x0000000008004b10                xQueueReceiveFromISR
 .text.prvGetDisinheritPriorityAfterTimeout
                0x0000000008004c0a       0x2e Middlewares/Third_Party/FreeRTOS/Source/queue.o
 .text.prvCopyDataToQueue
                0x0000000008004c38       0xd4 Middlewares/Third_Party/FreeRTOS/Source/queue.o
 .text.prvCopyDataFromQueue
                0x0000000008004d0c       0x4c Middlewares/Third_Party/FreeRTOS/Source/queue.o
 .text.prvUnlockQueue
                0x0000000008004d58       0xa4 Middlewares/Third_Party/FreeRTOS/Source/queue.o
 .text.prvIsQueueEmpty
                0x0000000008004dfc       0x2c Middlewares/Third_Party/FreeRTOS/Source/queue.o
 .text.prvIsQueueFull
                0x0000000008004e28       0x30 Middlewares/Third_Party/FreeRTOS/Source/queue.o
 .text.vQueueAddToRegistry
                0x0000000008004e58       0x50 Middlewares/Third_Party/FreeRTOS/Source/queue.o
                0x0000000008004e58                vQueueAddToRegistry
 .text.vQueueWaitForMessageRestricted
                0x0000000008004ea8       0x68 Middlewares/Third_Party/FreeRTOS/Source/queue.o
                0x0000000008004ea8                vQueueWaitForMessageRestricted
 .text.xTaskCreateStatic
                0x0000000008004f10       0xb2 Middlewares/Third_Party/FreeRTOS/Source/tasks.o
                0x0000000008004f10                xTaskCreateStatic
 .text.xTaskCreate
                0x0000000008004fc2       0x8a Middlewares/Third_Party/FreeRTOS/Source/tasks.o
                0x0000000008004fc2                xTaskCreate
 .text.prvInitialiseNewTask
                0x000000000800504c       0xfc Middlewares/Third_Party/FreeRTOS/Source/tasks.o
 .text.prvAddNewTaskToReadyList
                0x0000000008005148       0xd4 Middlewares/Third_Party/FreeRTOS/Source/tasks.o
 .text.vTaskDelay
                0x000000000800521c       0x68 Middlewares/Third_Party/FreeRTOS/Source/tasks.o
                0x000000000800521c                vTaskDelay
 .text.vTaskStartScheduler
                0x0000000008005284       0xc8 Middlewares/Third_Party/FreeRTOS/Source/tasks.o
                0x0000000008005284                vTaskStartScheduler
 .text.vTaskSuspendAll
                0x000000000800534c       0x1c Middlewares/Third_Party/FreeRTOS/Source/tasks.o
                0x000000000800534c                vTaskSuspendAll
 .text.xTaskResumeAll
                0x0000000008005368      0x138 Middlewares/Third_Party/FreeRTOS/Source/tasks.o
                0x0000000008005368                xTaskResumeAll
 .text.xTaskGetTickCount
                0x00000000080054a0       0x1c Middlewares/Third_Party/FreeRTOS/Source/tasks.o
                0x00000000080054a0                xTaskGetTickCount
 .text.xTaskIncrementTick
                0x00000000080054bc      0x178 Middlewares/Third_Party/FreeRTOS/Source/tasks.o
                0x00000000080054bc                xTaskIncrementTick
 .text.vTaskSwitchContext
                0x0000000008005634       0xd4 Middlewares/Third_Party/FreeRTOS/Source/tasks.o
                0x0000000008005634                vTaskSwitchContext
 .text.vTaskPlaceOnEventList
                0x0000000008005708       0x48 Middlewares/Third_Party/FreeRTOS/Source/tasks.o
                0x0000000008005708                vTaskPlaceOnEventList
 .text.vTaskPlaceOnEventListRestricted
                0x0000000008005750       0x54 Middlewares/Third_Party/FreeRTOS/Source/tasks.o
                0x0000000008005750                vTaskPlaceOnEventListRestricted
 .text.xTaskRemoveFromEventList
                0x00000000080057a4       0xc4 Middlewares/Third_Party/FreeRTOS/Source/tasks.o
                0x00000000080057a4                xTaskRemoveFromEventList
 .text.vTaskInternalSetTimeOutState
                0x0000000008005868       0x2c Middlewares/Third_Party/FreeRTOS/Source/tasks.o
                0x0000000008005868                vTaskInternalSetTimeOutState
 .text.xTaskCheckForTimeOut
                0x0000000008005894       0xc0 Middlewares/Third_Party/FreeRTOS/Source/tasks.o
                0x0000000008005894                xTaskCheckForTimeOut
 .text.vTaskMissedYield
                0x0000000008005954       0x18 Middlewares/Third_Party/FreeRTOS/Source/tasks.o
                0x0000000008005954                vTaskMissedYield
 .text.prvIdleTask
                0x000000000800596c       0x30 Middlewares/Third_Party/FreeRTOS/Source/tasks.o
 .text.prvInitialiseTaskLists
                0x000000000800599c       0x80 Middlewares/Third_Party/FreeRTOS/Source/tasks.o
 .text.prvCheckTasksWaitingTermination
                0x0000000008005a1c       0x58 Middlewares/Third_Party/FreeRTOS/Source/tasks.o
 .text.prvDeleteTCB
                0x0000000008005a74       0x5c Middlewares/Third_Party/FreeRTOS/Source/tasks.o
 .text.prvResetNextTaskUnblockTime
                0x0000000008005ad0       0x48 Middlewares/Third_Party/FreeRTOS/Source/tasks.o
 .text.xTaskGetSchedulerState
                0x0000000008005b18       0x3c Middlewares/Third_Party/FreeRTOS/Source/tasks.o
                0x0000000008005b18                xTaskGetSchedulerState
 .text.xTaskPriorityInherit
                0x0000000008005b54      0x10c Middlewares/Third_Party/FreeRTOS/Source/tasks.o
                0x0000000008005b54                xTaskPriorityInherit
 .text.xTaskPriorityDisinherit
                0x0000000008005c60      0x108 Middlewares/Third_Party/FreeRTOS/Source/tasks.o
                0x0000000008005c60                xTaskPriorityDisinherit
 .text.vTaskPriorityDisinheritAfterTimeout
                0x0000000008005d68      0x13c Middlewares/Third_Party/FreeRTOS/Source/tasks.o
                0x0000000008005d68                vTaskPriorityDisinheritAfterTimeout
 .text.pvTaskIncrementMutexHeldCount
                0x0000000008005ea4       0x28 Middlewares/Third_Party/FreeRTOS/Source/tasks.o
                0x0000000008005ea4                pvTaskIncrementMutexHeldCount
 .text.prvAddCurrentTaskToDelayedList
                0x0000000008005ecc       0xcc Middlewares/Third_Party/FreeRTOS/Source/tasks.o
 .text.xTimerCreateTimerTask
                0x0000000008005f98       0x90 Middlewares/Third_Party/FreeRTOS/Source/timers.o
                0x0000000008005f98                xTimerCreateTimerTask
 .text.xTimerCreate
                0x0000000008006028       0x42 Middlewares/Third_Party/FreeRTOS/Source/timers.o
                0x0000000008006028                xTimerCreate
 .text.xTimerCreateStatic
                0x000000000800606a       0x76 Middlewares/Third_Party/FreeRTOS/Source/timers.o
                0x000000000800606a                xTimerCreateStatic
 .text.prvInitialiseNewTimer
                0x00000000080060e0       0x62 Middlewares/Third_Party/FreeRTOS/Source/timers.o
 *fill*         0x0000000008006142        0x2 
 .text.xTimerGenericCommand
                0x0000000008006144       0x98 Middlewares/Third_Party/FreeRTOS/Source/timers.o
                0x0000000008006144                xTimerGenericCommand
 .text.prvProcessExpiredTimer
                0x00000000080061dc       0x80 Middlewares/Third_Party/FreeRTOS/Source/timers.o
 .text.prvTimerTask
                0x000000000800625c       0x24 Middlewares/Third_Party/FreeRTOS/Source/timers.o
 .text.prvProcessTimerOrBlockTask
                0x0000000008006280       0x9c Middlewares/Third_Party/FreeRTOS/Source/timers.o
 .text.prvGetNextExpireTime
                0x000000000800631c       0x48 Middlewares/Third_Party/FreeRTOS/Source/timers.o
 .text.prvSampleTimeNow
                0x0000000008006364       0x40 Middlewares/Third_Party/FreeRTOS/Source/timers.o
 .text.prvInsertTimerInActiveList
                0x00000000080063a4       0x84 Middlewares/Third_Party/FreeRTOS/Source/timers.o
 .text.prvProcessReceivedCommands
                0x0000000008006428      0x12c Middlewares/Third_Party/FreeRTOS/Source/timers.o
 .text.prvSwitchTimerLists
                0x0000000008006554       0xc0 Middlewares/Third_Party/FreeRTOS/Source/timers.o
 .text.prvCheckForValidListAndQueue
                0x0000000008006614       0x80 Middlewares/Third_Party/FreeRTOS/Source/timers.o
 .text.pxPortInitialiseStack
                0x0000000008006694       0x58 Middlewares/Third_Party/FreeRTOS/Source/portable/GCC/ARM_CM3/port.o
                0x0000000008006694                pxPortInitialiseStack
 .text.prvTaskExitError
                0x00000000080066ec       0x50 Middlewares/Third_Party/FreeRTOS/Source/portable/GCC/ARM_CM3/port.o
 *fill*         0x000000000800673c        0x4 
 .text.SVC_Handler
                0x0000000008006740       0x28 Middlewares/Third_Party/FreeRTOS/Source/portable/GCC/ARM_CM3/port.o
                0x0000000008006740                SVC_Handler
 .text.prvPortStartFirstTask
                0x0000000008006768       0x20 Middlewares/Third_Party/FreeRTOS/Source/portable/GCC/ARM_CM3/port.o
 .text.xPortStartScheduler
                0x0000000008006788       0xe0 Middlewares/Third_Party/FreeRTOS/Source/portable/GCC/ARM_CM3/port.o
                0x0000000008006788                xPortStartScheduler
 .text.vPortEnterCritical
                0x0000000008006868       0x5c Middlewares/Third_Party/FreeRTOS/Source/portable/GCC/ARM_CM3/port.o
                0x0000000008006868                vPortEnterCritical
 .text.vPortExitCritical
                0x00000000080068c4       0x4c Middlewares/Third_Party/FreeRTOS/Source/portable/GCC/ARM_CM3/port.o
                0x00000000080068c4                vPortExitCritical
 .text.PendSV_Handler
                0x0000000008006910       0x48 Middlewares/Third_Party/FreeRTOS/Source/portable/GCC/ARM_CM3/port.o
                0x0000000008006910                PendSV_Handler
 .text.SysTick_Handler
                0x0000000008006958       0x40 Middlewares/Third_Party/FreeRTOS/Source/portable/GCC/ARM_CM3/port.o
                0x0000000008006958                SysTick_Handler
 .text.vPortSetupTimerInterrupt
                0x0000000008006998       0x44 Middlewares/Third_Party/FreeRTOS/Source/portable/GCC/ARM_CM3/port.o
                0x0000000008006998                vPortSetupTimerInterrupt
 .text.vPortValidateInterruptPriority
                0x00000000080069dc       0x78 Middlewares/Third_Party/FreeRTOS/Source/portable/GCC/ARM_CM3/port.o
                0x00000000080069dc                vPortValidateInterruptPriority
 .text.pvPortMalloc
                0x0000000008006a54      0x18c Middlewares/Third_Party/FreeRTOS/Source/portable/MemMang/heap_4.o
                0x0000000008006a54                pvPortMalloc
 .text.vPortFree
                0x0000000008006be0       0xb0 Middlewares/Third_Party/FreeRTOS/Source/portable/MemMang/heap_4.o
                0x0000000008006be0                vPortFree
 .text.prvHeapInit
                0x0000000008006c90       0xc4 Middlewares/Third_Party/FreeRTOS/Source/portable/MemMang/heap_4.o
 .text.prvInsertBlockIntoFreeList
                0x0000000008006d54       0xb0 Middlewares/Third_Party/FreeRTOS/Source/portable/MemMang/heap_4.o
 .text.__errno  0x0000000008006e04        0xc c:/st/stm32cubeide_1.3.0/stm32cubeide/plugins/com.st.stm32cube.ide.mcu.externaltools.gnu-tools-for-stm32.7-2018-q2-update.win32_1.0.0.201904181610/tools/bin/../lib/gcc/arm-none-eabi/7.3.1/../../../../arm-none-eabi/lib/thumb/v7-m\libc_nano.a(lib_a-errno.o)
                0x0000000008006e04                __errno
 .text.__libc_init_array
                0x0000000008006e10       0x48 c:/st/stm32cubeide_1.3.0/stm32cubeide/plugins/com.st.stm32cube.ide.mcu.externaltools.gnu-tools-for-stm32.7-2018-q2-update.win32_1.0.0.201904181610/tools/bin/../lib/gcc/arm-none-eabi/7.3.1/../../../../arm-none-eabi/lib/thumb/v7-m\libc_nano.a(lib_a-init.o)
                0x0000000008006e10                __libc_init_array
 .text.memcpy   0x0000000008006e58       0x16 c:/st/stm32cubeide_1.3.0/stm32cubeide/plugins/com.st.stm32cube.ide.mcu.externaltools.gnu-tools-for-stm32.7-2018-q2-update.win32_1.0.0.201904181610/tools/bin/../lib/gcc/arm-none-eabi/7.3.1/../../../../arm-none-eabi/lib/thumb/v7-m\libc_nano.a(lib_a-memcpy-stub.o)
                0x0000000008006e58                memcpy
 .text.memset   0x0000000008006e6e       0x10 c:/st/stm32cubeide_1.3.0/stm32cubeide/plugins/com.st.stm32cube.ide.mcu.externaltools.gnu-tools-for-stm32.7-2018-q2-update.win32_1.0.0.201904181610/tools/bin/../lib/gcc/arm-none-eabi/7.3.1/../../../../arm-none-eabi/lib/thumb/v7-m\libc_nano.a(lib_a-memset.o)
                0x0000000008006e6e                memset
 *fill*         0x0000000008006e7e        0x2 
 .text.snprintf
                0x0000000008006e80       0x68 c:/st/stm32cubeide_1.3.0/stm32cubeide/plugins/com.st.stm32cube.ide.mcu.externaltools.gnu-tools-for-stm32.7-2018-q2-update.win32_1.0.0.201904181610/tools/bin/../lib/gcc/arm-none-eabi/7.3.1/../../../../arm-none-eabi/lib/thumb/v7-m\libc_nano.a(lib_a-snprintf.o)
                0x0000000008006e80                sniprintf
                0x0000000008006e80                snprintf
 .text.sprintf  0x0000000008006ee8       0x40 c:/st/stm32cubeide_1.3.0/stm32cubeide/plugins/com.st.stm32cube.ide.mcu.externaltools.gnu-tools-for-stm32.7-2018-q2-update.win32_1.0.0.201904181610/tools/bin/../lib/gcc/arm-none-eabi/7.3.1/../../../../arm-none-eabi/lib/thumb/v7-m\libc_nano.a(lib_a-sprintf.o)
                0x0000000008006ee8                siprintf
                0x0000000008006ee8                sprintf
 .text.__ssputs_r
                0x0000000008006f28       0xb4 c:/st/stm32cubeide_1.3.0/stm32cubeide/plugins/com.st.stm32cube.ide.mcu.externaltools.gnu-tools-for-stm32.7-2018-q2-update.win32_1.0.0.201904181610/tools/bin/../lib/gcc/arm-none-eabi/7.3.1/../../../../arm-none-eabi/lib/thumb/v7-m\libc_nano.a(lib_a-nano-svfprintf.o)
                0x0000000008006f28                __ssputs_r
 .text._svfprintf_r
                0x0000000008006fdc      0x1f0 c:/st/stm32cubeide_1.3.0/stm32cubeide/plugins/com.st.stm32cube.ide.mcu.externaltools.gnu-tools-for-stm32.7-2018-q2-update.win32_1.0.0.201904181610/tools/bin/../lib/gcc/arm-none-eabi/7.3.1/../../../../arm-none-eabi/lib/thumb/v7-m\libc_nano.a(lib_a-nano-svfprintf.o)
                0x0000000008006fdc                _svfiprintf_r
                0x0000000008006fdc                _svfprintf_r
 .text._printf_common
                0x00000000080071cc       0xec c:/st/stm32cubeide_1.3.0/stm32cubeide/plugins/com.st.stm32cube.ide.mcu.externaltools.gnu-tools-for-stm32.7-2018-q2-update.win32_1.0.0.201904181610/tools/bin/../lib/gcc/arm-none-eabi/7.3.1/../../../../arm-none-eabi/lib/thumb/v7-m\libc_nano.a(lib_a-nano-vfprintf_i.o)
                0x00000000080071cc                _printf_common
 .text._printf_i
                0x00000000080072b8      0x224 c:/st/stm32cubeide_1.3.0/stm32cubeide/plugins/com.st.stm32cube.ide.mcu.externaltools.gnu-tools-for-stm32.7-2018-q2-update.win32_1.0.0.201904181610/tools/bin/../lib/gcc/arm-none-eabi/7.3.1/../../../../arm-none-eabi/lib/thumb/v7-m\libc_nano.a(lib_a-nano-vfprintf_i.o)
                0x00000000080072b8                _printf_i
 .text.memchr   0x00000000080074dc       0x1c c:/st/stm32cubeide_1.3.0/stm32cubeide/plugins/com.st.stm32cube.ide.mcu.externaltools.gnu-tools-for-stm32.7-2018-q2-update.win32_1.0.0.201904181610/tools/bin/../lib/gcc/arm-none-eabi/7.3.1/../../../../arm-none-eabi/lib/thumb/v7-m\libc_nano.a(lib_a-memchr-stub.o)
                0x00000000080074dc                memchr
 .text.memmove  0x00000000080074f8       0x32 c:/st/stm32cubeide_1.3.0/stm32cubeide/plugins/com.st.stm32cube.ide.mcu.externaltools.gnu-tools-for-stm32.7-2018-q2-update.win32_1.0.0.201904181610/tools/bin/../lib/gcc/arm-none-eabi/7.3.1/../../../../arm-none-eabi/lib/thumb/v7-m\libc_nano.a(lib_a-memmove.o)
                0x00000000080074f8                memmove
 *fill*         0x000000000800752a        0x2 
 .text._free_r  0x000000000800752c       0x98 c:/st/stm32cubeide_1.3.0/stm32cubeide/plugins/com.st.stm32cube.ide.mcu.externaltools.gnu-tools-for-stm32.7-2018-q2-update.win32_1.0.0.201904181610/tools/bin/../lib/gcc/arm-none-eabi/7.3.1/../../../../arm-none-eabi/lib/thumb/v7-m\libc_nano.a(lib_a-nano-freer.o)
                0x000000000800752c                _free_r
 .text._malloc_r
                0x00000000080075c4       0xb4 c:/st/stm32cubeide_1.3.0/stm32cubeide/plugins/com.st.stm32cube.ide.mcu.externaltools.gnu-tools-for-stm32.7-2018-q2-update.win32_1.0.0.201904181610/tools/bin/../lib/gcc/arm-none-eabi/7.3.1/../../../../arm-none-eabi/lib/thumb/v7-m\libc_nano.a(lib_a-nano-mallocr.o)
                0x00000000080075c4                _malloc_r
 .text._realloc_r
                0x0000000008007678       0x4c c:/st/stm32cubeide_1.3.0/stm32cubeide/plugins/com.st.stm32cube.ide.mcu.externaltools.gnu-tools-for-stm32.7-2018-q2-update.win32_1.0.0.201904181610/tools/bin/../lib/gcc/arm-none-eabi/7.3.1/../../../../arm-none-eabi/lib/thumb/v7-m\libc_nano.a(lib_a-nano-reallocr.o)
                0x0000000008007678                _realloc_r
 .text._sbrk_r  0x00000000080076c4       0x20 c:/st/stm32cubeide_1.3.0/stm32cubeide/plugins/com.st.stm32cube.ide.mcu.externaltools.gnu-tools-for-stm32.7-2018-q2-update.win32_1.0.0.201904181610/tools/bin/../lib/gcc/arm-none-eabi/7.3.1/../../../../arm-none-eabi/lib/thumb/v7-m\libc_nano.a(lib_a-sbrkr.o)
                0x00000000080076c4                _sbrk_r
 .text.__malloc_lock
                0x00000000080076e4        0x2 c:/st/stm32cubeide_1.3.0/stm32cubeide/plugins/com.st.stm32cube.ide.mcu.externaltools.gnu-tools-for-stm32.7-2018-q2-update.win32_1.0.0.201904181610/tools/bin/../lib/gcc/arm-none-eabi/7.3.1/../../../../arm-none-eabi/lib/thumb/v7-m\libc_nano.a(lib_a-mlock.o)
                0x00000000080076e4                __malloc_lock
 .text.__malloc_unlock
                0x00000000080076e6        0x2 c:/st/stm32cubeide_1.3.0/stm32cubeide/plugins/com.st.stm32cube.ide.mcu.externaltools.gnu-tools-for-stm32.7-2018-q2-update.win32_1.0.0.201904181610/tools/bin/../lib/gcc/arm-none-eabi/7.3.1/../../../../arm-none-eabi/lib/thumb/v7-m\libc_nano.a(lib_a-mlock.o)
                0x00000000080076e6                __malloc_unlock
 .text._malloc_usable_size_r
                0x00000000080076e8       0x10 c:/st/stm32cubeide_1.3.0/stm32cubeide/plugins/com.st.stm32cube.ide.mcu.externaltools.gnu-tools-for-stm32.7-2018-q2-update.win32_1.0.0.201904181610/tools/bin/../lib/gcc/arm-none-eabi/7.3.1/../../../../arm-none-eabi/lib/thumb/v7-m\libc_nano.a(lib_a-nano-msizer.o)
                0x00000000080076e8                _malloc_usable_size_r
 *(.glue_7)
 .glue_7        0x00000000080076f8        0x0 linker stubs
 *(.glue_7t)
 .glue_7t       0x00000000080076f8        0x0 linker stubs
 *(.eh_frame)
 .eh_frame      0x00000000080076f8        0x0 c:/st/stm32cubeide_1.3.0/stm32cubeide/plugins/com.st.stm32cube.ide.mcu.externaltools.gnu-tools-for-stm32.7-2018-q2-update.win32_1.0.0.201904181610/tools/bin/../lib/gcc/arm-none-eabi/7.3.1/thumb/v7-m/crtbegin.o
 *(.init)
 .init          0x00000000080076f8        0x4 c:/st/stm32cubeide_1.3.0/stm32cubeide/plugins/com.st.stm32cube.ide.mcu.externaltools.gnu-tools-for-stm32.7-2018-q2-update.win32_1.0.0.201904181610/tools/bin/../lib/gcc/arm-none-eabi/7.3.1/thumb/v7-m/crti.o
                0x00000000080076f8                _init
 .init          0x00000000080076fc        0x8 c:/st/stm32cubeide_1.3.0/stm32cubeide/plugins/com.st.stm32cube.ide.mcu.externaltools.gnu-tools-for-stm32.7-2018-q2-update.win32_1.0.0.201904181610/tools/bin/../lib/gcc/arm-none-eabi/7.3.1/thumb/v7-m/crtn.o
 *(.fini)
 .fini          0x0000000008007704        0x4 c:/st/stm32cubeide_1.3.0/stm32cubeide/plugins/com.st.stm32cube.ide.mcu.externaltools.gnu-tools-for-stm32.7-2018-q2-update.win32_1.0.0.201904181610/tools/bin/../lib/gcc/arm-none-eabi/7.3.1/thumb/v7-m/crti.o
                0x0000000008007704                _fini
 .fini          0x0000000008007708        0x8 c:/st/stm32cubeide_1.3.0/stm32cubeide/plugins/com.st.stm32cube.ide.mcu.externaltools.gnu-tools-for-stm32.7-2018-q2-update.win32_1.0.0.201904181610/tools/bin/../lib/gcc/arm-none-eabi/7.3.1/thumb/v7-m/crtn.o
                0x0000000008007710                . = ALIGN (0x4)
                0x0000000008007710                _etext = .

.vfp11_veneer   0x0000000008007710        0x0
 .vfp11_veneer  0x0000000008007710        0x0 linker stubs

.v4_bx          0x0000000008007710        0x0
 .v4_bx         0x0000000008007710        0x0 linker stubs

.iplt           0x0000000008007710        0x0
 .iplt          0x0000000008007710        0x0 c:/st/stm32cubeide_1.3.0/stm32cubeide/plugins/com.st.stm32cube.ide.mcu.externaltools.gnu-tools-for-stm32.7-2018-q2-update.win32_1.0.0.201904181610/tools/bin/../lib/gcc/arm-none-eabi/7.3.1/thumb/v7-m/crtbegin.o

.rodata         0x0000000008007710      0x1fc
                0x0000000008007710                . = ALIGN (0x4)
 *(.rodata)
 .rodata        0x0000000008007710      0x150 Core/Src/main.o
 .rodata        0x0000000008007860        0x9 Core/Src/meteo_home.o
 *fill*         0x0000000008007869        0x3 
 .rodata        0x000000000800786c       0x12 Drivers/STM32F1xx_HAL_Driver/Src/stm32f1xx_hal_rcc.o
 *fill*         0x000000000800787e        0x2 
 .rodata        0x0000000008007880        0x1 Middlewares/Third_Party/FreeRTOS/Source/CMSIS_RTOS/cmsis_os.o
 *fill*         0x0000000008007881        0x3 
 .rodata        0x0000000008007884        0x5 Middlewares/Third_Party/FreeRTOS/Source/tasks.o
 *fill*         0x0000000008007889        0x3 
 .rodata        0x000000000800788c        0xd Middlewares/Third_Party/FreeRTOS/Source/timers.o
 *(.rodata*)
 *fill*         0x0000000008007899        0x3 
 .rodata.os_pool_def_pipe_pool
                0x000000000800789c        0xc Core/Src/main.o
                0x000000000800789c                os_pool_def_pipe_pool
 .rodata.child_pipe_enable
                0x00000000080078a8        0x6 Core/Src/nrf24l01.o
 *fill*         0x00000000080078ae        0x2 
 .rodata.child_pipe
                0x00000000080078b0        0x6 Core/Src/nrf24l01.o
 *fill*         0x00000000080078b6        0x2 
 .rodata.child_payload_size
                0x00000000080078b8        0x6 Core/Src/nrf24l01.o
 *fill*         0x00000000080078be        0x2 
 .rodata.AHBPrescTable
                0x00000000080078c0       0x10 Core/Src/system_stm32f1xx.o
                0x00000000080078c0                AHBPrescTable
 .rodata.APBPrescTable
                0x00000000080078d0        0x8 Core/Src/system_stm32f1xx.o
                0x00000000080078d0                APBPrescTable
 .rodata._svfprintf_r.str1.1
                0x00000000080078d8       0x11 c:/st/stm32cubeide_1.3.0/stm32cubeide/plugins/com.st.stm32cube.ide.mcu.externaltools.gnu-tools-for-stm32.7-2018-q2-update.win32_1.0.0.201904181610/tools/bin/../lib/gcc/arm-none-eabi/7.3.1/../../../../arm-none-eabi/lib/thumb/v7-m\libc_nano.a(lib_a-nano-svfprintf.o)
 .rodata._printf_i.str1.1
                0x00000000080078e9       0x22 c:/st/stm32cubeide_1.3.0/stm32cubeide/plugins/com.st.stm32cube.ide.mcu.externaltools.gnu-tools-for-stm32.7-2018-q2-update.win32_1.0.0.201904181610/tools/bin/../lib/gcc/arm-none-eabi/7.3.1/../../../../arm-none-eabi/lib/thumb/v7-m\libc_nano.a(lib_a-nano-vfprintf_i.o)
                0x000000000800790c                . = ALIGN (0x4)
 *fill*         0x000000000800790b        0x1 

.rel.dyn        0x000000000800790c        0x0
 .rel.iplt      0x000000000800790c        0x0 c:/st/stm32cubeide_1.3.0/stm32cubeide/plugins/com.st.stm32cube.ide.mcu.externaltools.gnu-tools-for-stm32.7-2018-q2-update.win32_1.0.0.201904181610/tools/bin/../lib/gcc/arm-none-eabi/7.3.1/thumb/v7-m/crtbegin.o

.ARM.extab      0x000000000800790c        0x0
                0x000000000800790c                . = ALIGN (0x4)
 *(.ARM.extab* .gnu.linkonce.armextab.*)
                0x000000000800790c                . = ALIGN (0x4)

.ARM            0x000000000800790c        0x0
                0x000000000800790c                . = ALIGN (0x4)
                0x000000000800790c                __exidx_start = .
 *(.ARM.exidx*)
                0x000000000800790c                __exidx_end = .
                0x000000000800790c                . = ALIGN (0x4)

.preinit_array  0x000000000800790c        0x0
                0x000000000800790c                . = ALIGN (0x4)
                0x000000000800790c                PROVIDE (__preinit_array_start = .)
 *(.preinit_array*)
                0x000000000800790c                PROVIDE (__preinit_array_end = .)
                0x000000000800790c                . = ALIGN (0x4)

.init_array     0x000000000800790c        0x4
                0x000000000800790c                . = ALIGN (0x4)
                0x000000000800790c                PROVIDE (__init_array_start = .)
 *(SORT_BY_NAME(.init_array.*))
 *(.init_array*)
 .init_array    0x000000000800790c        0x4 c:/st/stm32cubeide_1.3.0/stm32cubeide/plugins/com.st.stm32cube.ide.mcu.externaltools.gnu-tools-for-stm32.7-2018-q2-update.win32_1.0.0.201904181610/tools/bin/../lib/gcc/arm-none-eabi/7.3.1/thumb/v7-m/crtbegin.o
                0x0000000008007910                PROVIDE (__init_array_end = .)
                0x0000000008007910                . = ALIGN (0x4)

.fini_array     0x0000000008007910        0x4
                0x0000000008007910                . = ALIGN (0x4)
                [!provide]                        PROVIDE (__fini_array_start = .)
 *(SORT_BY_NAME(.fini_array.*))
 *(.fini_array*)
 .fini_array    0x0000000008007910        0x4 c:/st/stm32cubeide_1.3.0/stm32cubeide/plugins/com.st.stm32cube.ide.mcu.externaltools.gnu-tools-for-stm32.7-2018-q2-update.win32_1.0.0.201904181610/tools/bin/../lib/gcc/arm-none-eabi/7.3.1/thumb/v7-m/crtbegin.o
                [!provide]                        PROVIDE (__fini_array_end = .)
                0x0000000008007914                . = ALIGN (0x4)
                0x0000000008007914                _sidata = LOADADDR (.data)

.data           0x0000000020000000       0x74 load address 0x0000000008007914
                0x0000000020000000                . = ALIGN (0x4)
                0x0000000020000000                _sdata = .
 *(.data)
 *(.data*)
 .data.SystemCoreClock
                0x0000000020000000        0x4 Core/Src/system_stm32f1xx.o
                0x0000000020000000                SystemCoreClock
 .data.uwTickPrio
                0x0000000020000004        0x4 Drivers/STM32F1xx_HAL_Driver/Src/stm32f1xx_hal.o
                0x0000000020000004                uwTickPrio
 .data.uwTickFreq
                0x0000000020000008        0x1 Drivers/STM32F1xx_HAL_Driver/Src/stm32f1xx_hal.o
                0x0000000020000008                uwTickFreq
 *fill*         0x0000000020000009        0x3 
 .data.uxCriticalNesting
                0x000000002000000c        0x4 Middlewares/Third_Party/FreeRTOS/Source/portable/GCC/ARM_CM3/port.o
 .data._impure_ptr
                0x0000000020000010        0x4 c:/st/stm32cubeide_1.3.0/stm32cubeide/plugins/com.st.stm32cube.ide.mcu.externaltools.gnu-tools-for-stm32.7-2018-q2-update.win32_1.0.0.201904181610/tools/bin/../lib/gcc/arm-none-eabi/7.3.1/../../../../arm-none-eabi/lib/thumb/v7-m\libc_nano.a(lib_a-impure.o)
                0x0000000020000010                _impure_ptr
 .data.impure_data
                0x0000000020000014       0x60 c:/st/stm32cubeide_1.3.0/stm32cubeide/plugins/com.st.stm32cube.ide.mcu.externaltools.gnu-tools-for-stm32.7-2018-q2-update.win32_1.0.0.201904181610/tools/bin/../lib/gcc/arm-none-eabi/7.3.1/../../../../arm-none-eabi/lib/thumb/v7-m\libc_nano.a(lib_a-impure.o)
                0x0000000020000074                . = ALIGN (0x4)
                0x0000000020000074                _edata = .

.igot.plt       0x0000000020000074        0x0 load address 0x0000000008007988
 .igot.plt      0x0000000020000074        0x0 c:/st/stm32cubeide_1.3.0/stm32cubeide/plugins/com.st.stm32cube.ide.mcu.externaltools.gnu-tools-for-stm32.7-2018-q2-update.win32_1.0.0.201904181610/tools/bin/../lib/gcc/arm-none-eabi/7.3.1/thumb/v7-m/crtbegin.o
                0x0000000020000074                . = ALIGN (0x4)

.bss            0x0000000020000074     0x1618 load address 0x0000000008007988
                0x0000000020000074                _sbss = .
                0x0000000020000074                __bss_start__ = _sbss
 *(.bss)
 .bss           0x0000000020000074       0x1c c:/st/stm32cubeide_1.3.0/stm32cubeide/plugins/com.st.stm32cube.ide.mcu.externaltools.gnu-tools-for-stm32.7-2018-q2-update.win32_1.0.0.201904181610/tools/bin/../lib/gcc/arm-none-eabi/7.3.1/thumb/v7-m/crtbegin.o
 *(.bss*)
 .bss.xIdleTaskTCBBuffer
                0x0000000020000090       0x54 Core/Src/freertos.o
 .bss.xIdleStack
                0x00000000200000e4      0x100 Core/Src/freertos.o
 .bss.xTimerTaskTCBBuffer
                0x00000000200001e4       0x54 Core/Src/freertos.o
 .bss.xTimerStack
                0x0000000020000238      0x200 Core/Src/freertos.o
 .bss.unixtime  0x0000000020000438        0x4 Core/Src/main.o
 .bss.status.8957
                0x000000002000043c        0x1 Core/Src/main.o
 .bss.rx_ready.8956
                0x000000002000043d        0x1 Core/Src/main.o
 .bss.pipeNo.8958
                0x000000002000043e        0x1 Core/Src/main.o
 *fill*         0x000000002000043f        0x1 
 .bss.str.8971  0x0000000020000440       0x64 Core/Src/main.o
 .bss.event.8972
                0x00000000200004a4        0xc Core/Src/main.o
 .bss.strT.8973
                0x00000000200004b0        0x8 Core/Src/main.o
 .bss.strT.8980
                0x00000000200004b8        0x8 Core/Src/main.o
 .bss.str.8981  0x00000000200004c0       0x64 Core/Src/main.o
 .bss.event.8979
                0x0000000020000524        0xc Core/Src/main.o
 .bss.tim.8986  0x0000000020000530        0x4 Core/Src/main.o
 .bss.second.5939
                0x0000000020000534        0x1 Core/Src/meteo_home.o
 .bss.minute.5938
                0x0000000020000535        0x1 Core/Src/meteo_home.o
 .bss.hour.5937
                0x0000000020000536        0x1 Core/Src/meteo_home.o
 .bss.payload_size
                0x0000000020000537        0x1 Core/Src/nrf24l01.o
                0x0000000020000537                payload_size
 .bss.pipe0_reading_address
                0x0000000020000538        0x5 Core/Src/nrf24l01.o
                0x0000000020000538                pipe0_reading_address
 .bss.addr_width
                0x000000002000053d        0x1 Core/Src/nrf24l01.o
                0x000000002000053d                addr_width
 .bss.txDelay   0x000000002000053e        0x1 Core/Src/nrf24l01.o
                0x000000002000053e                txDelay
 *fill*         0x000000002000053f        0x1 
 .bss.unixtime  0x0000000020000540        0x4 Core/Src/receiver.o
 .bss.heap_end.5149
                0x0000000020000544        0x4 Core/Src/sysmem.o
 .bss.pxCurrentTCB
                0x0000000020000548        0x4 Middlewares/Third_Party/FreeRTOS/Source/tasks.o
                0x0000000020000548                pxCurrentTCB
 .bss.pxReadyTasksLists
                0x000000002000054c       0x8c Middlewares/Third_Party/FreeRTOS/Source/tasks.o
 .bss.xDelayedTaskList1
                0x00000000200005d8       0x14 Middlewares/Third_Party/FreeRTOS/Source/tasks.o
 .bss.xDelayedTaskList2
                0x00000000200005ec       0x14 Middlewares/Third_Party/FreeRTOS/Source/tasks.o
 .bss.pxDelayedTaskList
                0x0000000020000600        0x4 Middlewares/Third_Party/FreeRTOS/Source/tasks.o
 .bss.pxOverflowDelayedTaskList
                0x0000000020000604        0x4 Middlewares/Third_Party/FreeRTOS/Source/tasks.o
 .bss.xPendingReadyList
                0x0000000020000608       0x14 Middlewares/Third_Party/FreeRTOS/Source/tasks.o
 .bss.xTasksWaitingTermination
                0x000000002000061c       0x14 Middlewares/Third_Party/FreeRTOS/Source/tasks.o
 .bss.uxDeletedTasksWaitingCleanUp
                0x0000000020000630        0x4 Middlewares/Third_Party/FreeRTOS/Source/tasks.o
 .bss.xSuspendedTaskList
                0x0000000020000634       0x14 Middlewares/Third_Party/FreeRTOS/Source/tasks.o
 .bss.uxCurrentNumberOfTasks
                0x0000000020000648        0x4 Middlewares/Third_Party/FreeRTOS/Source/tasks.o
 .bss.xTickCount
                0x000000002000064c        0x4 Middlewares/Third_Party/FreeRTOS/Source/tasks.o
 .bss.uxTopReadyPriority
                0x0000000020000650        0x4 Middlewares/Third_Party/FreeRTOS/Source/tasks.o
 .bss.xSchedulerRunning
                0x0000000020000654        0x4 Middlewares/Third_Party/FreeRTOS/Source/tasks.o
 .bss.uxPendedTicks
                0x0000000020000658        0x4 Middlewares/Third_Party/FreeRTOS/Source/tasks.o
 .bss.xYieldPending
                0x000000002000065c        0x4 Middlewares/Third_Party/FreeRTOS/Source/tasks.o
 .bss.xNumOfOverflows
                0x0000000020000660        0x4 Middlewares/Third_Party/FreeRTOS/Source/tasks.o
 .bss.uxTaskNumber
                0x0000000020000664        0x4 Middlewares/Third_Party/FreeRTOS/Source/tasks.o
 .bss.xNextTaskUnblockTime
                0x0000000020000668        0x4 Middlewares/Third_Party/FreeRTOS/Source/tasks.o
 .bss.xIdleTaskHandle
                0x000000002000066c        0x4 Middlewares/Third_Party/FreeRTOS/Source/tasks.o
 .bss.uxSchedulerSuspended
                0x0000000020000670        0x4 Middlewares/Third_Party/FreeRTOS/Source/tasks.o
 .bss.xActiveTimerList1
                0x0000000020000674       0x14 Middlewares/Third_Party/FreeRTOS/Source/timers.o
 .bss.xActiveTimerList2
                0x0000000020000688       0x14 Middlewares/Third_Party/FreeRTOS/Source/timers.o
 .bss.pxCurrentTimerList
                0x000000002000069c        0x4 Middlewares/Third_Party/FreeRTOS/Source/timers.o
 .bss.pxOverflowTimerList
                0x00000000200006a0        0x4 Middlewares/Third_Party/FreeRTOS/Source/timers.o
 .bss.xTimerQueue
                0x00000000200006a4        0x4 Middlewares/Third_Party/FreeRTOS/Source/timers.o
 .bss.xTimerTaskHandle
                0x00000000200006a8        0x4 Middlewares/Third_Party/FreeRTOS/Source/timers.o
 .bss.xLastTime.5443
                0x00000000200006ac        0x4 Middlewares/Third_Party/FreeRTOS/Source/timers.o
 .bss.ucStaticTimerQueueStorage.5492
                0x00000000200006b0       0x78 Middlewares/Third_Party/FreeRTOS/Source/timers.o
 .bss.xStaticTimerQueue.5491
                0x0000000020000728       0x48 Middlewares/Third_Party/FreeRTOS/Source/timers.o
 .bss.ucMaxSysCallPriority
                0x0000000020000770        0x1 Middlewares/Third_Party/FreeRTOS/Source/portable/GCC/ARM_CM3/port.o
 *fill*         0x0000000020000771        0x3 
 .bss.ulMaxPRIGROUPValue
                0x0000000020000774        0x4 Middlewares/Third_Party/FreeRTOS/Source/portable/GCC/ARM_CM3/port.o
 .bss.ucHeap    0x0000000020000778      0xc00 Middlewares/Third_Party/FreeRTOS/Source/portable/MemMang/heap_4.o
 .bss.xStart    0x0000000020001378        0x8 Middlewares/Third_Party/FreeRTOS/Source/portable/MemMang/heap_4.o
 .bss.pxEnd     0x0000000020001380        0x4 Middlewares/Third_Party/FreeRTOS/Source/portable/MemMang/heap_4.o
 .bss.xFreeBytesRemaining
                0x0000000020001384        0x4 Middlewares/Third_Party/FreeRTOS/Source/portable/MemMang/heap_4.o
 .bss.xMinimumEverFreeBytesRemaining
                0x0000000020001388        0x4 Middlewares/Third_Party/FreeRTOS/Source/portable/MemMang/heap_4.o
 .bss.xBlockAllocatedBit
                0x000000002000138c        0x4 Middlewares/Third_Party/FreeRTOS/Source/portable/MemMang/heap_4.o
 .bss.__malloc_free_list
                0x0000000020001390        0x4 c:/st/stm32cubeide_1.3.0/stm32cubeide/plugins/com.st.stm32cube.ide.mcu.externaltools.gnu-tools-for-stm32.7-2018-q2-update.win32_1.0.0.201904181610/tools/bin/../lib/gcc/arm-none-eabi/7.3.1/../../../../arm-none-eabi/lib/thumb/v7-m\libc_nano.a(lib_a-nano-mallocr.o)
                0x0000000020001390                __malloc_free_list
 .bss.__malloc_sbrk_start
                0x0000000020001394        0x4 c:/st/stm32cubeide_1.3.0/stm32cubeide/plugins/com.st.stm32cube.ide.mcu.externaltools.gnu-tools-for-stm32.7-2018-q2-update.win32_1.0.0.201904181610/tools/bin/../lib/gcc/arm-none-eabi/7.3.1/../../../../arm-none-eabi/lib/thumb/v7-m\libc_nano.a(lib_a-nano-mallocr.o)
                0x0000000020001394                __malloc_sbrk_start
 *(COMMON)
 COMMON         0x0000000020001398        0x4 Core/Src/freertos.o
                0x0000000020001398                relayDelay
 COMMON         0x000000002000139c      0x264 Core/Src/main.o
                0x000000002000139c                meteoInDoor
                0x00000000200013a8                defaultTaskHandle
                0x00000000200013ac                current_data_rate
                0x00000000200013b0                xAfterSent
                0x00000000200013b4                pipe_pool_id
                0x00000000200013b8                current_power
                0x00000000200013bc                xLastWakeTime
                0x00000000200013c0                osUnixTimerHandle
                0x00000000200013c4                event1
                0x00000000200013d0                huart1
                0x0000000020001410                myRadioHandle
                0x0000000020001414                meteoOutDoor
                0x0000000020001420                str_rx
                0x0000000020001435                current_channel
                0x0000000020001438                unixtimeMutexHandle
                0x000000002000143c                msgPipeAllocHandle
                0x0000000020001440                pipeData
                0x000000002000151c                unixTimeCounterHandle
                0x0000000020001520                hspi1
                0x0000000020001578                _unixtime
                0x000000002000157c                osUnixTimer
                0x0000000020001580                msgUnixTimerHandle
                0x0000000020001584                synchro_delta
                0x0000000020001588                meteoData
 COMMON         0x0000000020001600        0x2 Core/Src/nrf24l01.o
                0x0000000020001600                dynamic_payloads_enabled
                0x0000000020001601                p_variant
 *fill*         0x0000000020001602        0x2 
 COMMON         0x0000000020001604       0x40 Core/Src/stm32f1xx_hal_timebase_tim.o
                0x0000000020001604                htim4
 COMMON         0x0000000020001644        0x4 Drivers/STM32F1xx_HAL_Driver/Src/stm32f1xx_hal.o
                0x0000000020001644                uwTick
 COMMON         0x0000000020001648       0x40 Middlewares/Third_Party/FreeRTOS/Source/queue.o
                0x0000000020001648                xQueueRegistry
 COMMON         0x0000000020001688        0x4 c:/st/stm32cubeide_1.3.0/stm32cubeide/plugins/com.st.stm32cube.ide.mcu.externaltools.gnu-tools-for-stm32.7-2018-q2-update.win32_1.0.0.201904181610/tools/bin/../lib/gcc/arm-none-eabi/7.3.1/../../../../arm-none-eabi/lib/thumb/v7-m\libc_nano.a(lib_a-reent.o)
                0x0000000020001688                errno
                0x000000002000168c                . = ALIGN (0x4)
                0x000000002000168c                _ebss = .
                0x000000002000168c                __bss_end__ = _ebss

._user_heap_stack
                0x000000002000168c      0x604 load address 0x0000000008007988
                0x0000000020001690                . = ALIGN (0x8)
 *fill*         0x000000002000168c        0x4 
                0x0000000020001690                PROVIDE (end = .)
                [!provide]                        PROVIDE (_end = .)
                0x0000000020001890                . = (. + _Min_Heap_Size)
 *fill*         0x0000000020001690      0x200 
                0x0000000020001c90                . = (. + _Min_Stack_Size)
 *fill*         0x0000000020001890      0x400 
                0x0000000020001c90                . = ALIGN (0x8)

/DISCARD/
 libc.a(*)
 libm.a(*)
 libgcc.a(*)

.ARM.attributes
                0x0000000000000000       0x29
 *(.ARM.attributes)
 .ARM.attributes
                0x0000000000000000       0x1d c:/st/stm32cubeide_1.3.0/stm32cubeide/plugins/com.st.stm32cube.ide.mcu.externaltools.gnu-tools-for-stm32.7-2018-q2-update.win32_1.0.0.201904181610/tools/bin/../lib/gcc/arm-none-eabi/7.3.1/thumb/v7-m/crti.o
 .ARM.attributes
                0x000000000000001d       0x2d c:/st/stm32cubeide_1.3.0/stm32cubeide/plugins/com.st.stm32cube.ide.mcu.externaltools.gnu-tools-for-stm32.7-2018-q2-update.win32_1.0.0.201904181610/tools/bin/../lib/gcc/arm-none-eabi/7.3.1/thumb/v7-m/crtbegin.o
 .ARM.attributes
                0x000000000000004a       0x33 Core/Src/freertos.o
 .ARM.attributes
                0x000000000000007d       0x33 Core/Src/main.o
 .ARM.attributes
                0x00000000000000b0       0x33 Core/Src/meteo_home.o
 .ARM.attributes
                0x00000000000000e3       0x33 Core/Src/nrf24l01.o
 .ARM.attributes
                0x0000000000000116       0x33 Core/Src/receiver.o
 .ARM.attributes
                0x0000000000000149       0x33 Core/Src/stm32f1xx_hal_msp.o
 .ARM.attributes
                0x000000000000017c       0x33 Core/Src/stm32f1xx_hal_timebase_tim.o
 .ARM.attributes
                0x00000000000001af       0x33 Core/Src/stm32f1xx_it.o
 .ARM.attributes
                0x00000000000001e2       0x33 Core/Src/sysmem.o
 .ARM.attributes
                0x0000000000000215       0x33 Core/Src/system_stm32f1xx.o
 .ARM.attributes
                0x0000000000000248       0x21 Core/Startup/startup_stm32f103c8tx.o
 .ARM.attributes
                0x0000000000000269       0x33 Drivers/STM32F1xx_HAL_Driver/Src/stm32f1xx_hal.o
 .ARM.attributes
                0x000000000000029c       0x33 Drivers/STM32F1xx_HAL_Driver/Src/stm32f1xx_hal_cortex.o
 .ARM.attributes
                0x00000000000002cf       0x33 Drivers/STM32F1xx_HAL_Driver/Src/stm32f1xx_hal_gpio.o
 .ARM.attributes
                0x0000000000000302       0x33 Drivers/STM32F1xx_HAL_Driver/Src/stm32f1xx_hal_rcc.o
 .ARM.attributes
                0x0000000000000335       0x33 Drivers/STM32F1xx_HAL_Driver/Src/stm32f1xx_hal_spi.o
 .ARM.attributes
                0x0000000000000368       0x33 Drivers/STM32F1xx_HAL_Driver/Src/stm32f1xx_hal_tim.o
 .ARM.attributes
                0x000000000000039b       0x33 Drivers/STM32F1xx_HAL_Driver/Src/stm32f1xx_hal_tim_ex.o
 .ARM.attributes
                0x00000000000003ce       0x33 Drivers/STM32F1xx_HAL_Driver/Src/stm32f1xx_hal_uart.o
 .ARM.attributes
                0x0000000000000401       0x33 Middlewares/Third_Party/FreeRTOS/Source/CMSIS_RTOS/cmsis_os.o
 .ARM.attributes
                0x0000000000000434       0x33 Middlewares/Third_Party/FreeRTOS/Source/list.o
 .ARM.attributes
                0x0000000000000467       0x33 Middlewares/Third_Party/FreeRTOS/Source/queue.o
 .ARM.attributes
                0x000000000000049a       0x33 Middlewares/Third_Party/FreeRTOS/Source/tasks.o
 .ARM.attributes
                0x00000000000004cd       0x33 Middlewares/Third_Party/FreeRTOS/Source/timers.o
 .ARM.attributes
                0x0000000000000500       0x33 Middlewares/Third_Party/FreeRTOS/Source/portable/GCC/ARM_CM3/port.o
 .ARM.attributes
                0x0000000000000533       0x33 Middlewares/Third_Party/FreeRTOS/Source/portable/MemMang/heap_4.o
 .ARM.attributes
                0x0000000000000566       0x2d c:/st/stm32cubeide_1.3.0/stm32cubeide/plugins/com.st.stm32cube.ide.mcu.externaltools.gnu-tools-for-stm32.7-2018-q2-update.win32_1.0.0.201904181610/tools/bin/../lib/gcc/arm-none-eabi/7.3.1/../../../../arm-none-eabi/lib/thumb/v7-m\libc_nano.a(lib_a-errno.o)
 .ARM.attributes
                0x0000000000000593       0x2d c:/st/stm32cubeide_1.3.0/stm32cubeide/plugins/com.st.stm32cube.ide.mcu.externaltools.gnu-tools-for-stm32.7-2018-q2-update.win32_1.0.0.201904181610/tools/bin/../lib/gcc/arm-none-eabi/7.3.1/../../../../arm-none-eabi/lib/thumb/v7-m\libc_nano.a(lib_a-impure.o)
 .ARM.attributes
                0x00000000000005c0       0x2d c:/st/stm32cubeide_1.3.0/stm32cubeide/plugins/com.st.stm32cube.ide.mcu.externaltools.gnu-tools-for-stm32.7-2018-q2-update.win32_1.0.0.201904181610/tools/bin/../lib/gcc/arm-none-eabi/7.3.1/../../../../arm-none-eabi/lib/thumb/v7-m\libc_nano.a(lib_a-init.o)
 .ARM.attributes
                0x00000000000005ed       0x2d c:/st/stm32cubeide_1.3.0/stm32cubeide/plugins/com.st.stm32cube.ide.mcu.externaltools.gnu-tools-for-stm32.7-2018-q2-update.win32_1.0.0.201904181610/tools/bin/../lib/gcc/arm-none-eabi/7.3.1/../../../../arm-none-eabi/lib/thumb/v7-m\libc_nano.a(lib_a-memcpy-stub.o)
 .ARM.attributes
                0x000000000000061a       0x2d c:/st/stm32cubeide_1.3.0/stm32cubeide/plugins/com.st.stm32cube.ide.mcu.externaltools.gnu-tools-for-stm32.7-2018-q2-update.win32_1.0.0.201904181610/tools/bin/../lib/gcc/arm-none-eabi/7.3.1/../../../../arm-none-eabi/lib/thumb/v7-m\libc_nano.a(lib_a-memset.o)
 .ARM.attributes
                0x0000000000000647       0x2d c:/st/stm32cubeide_1.3.0/stm32cubeide/plugins/com.st.stm32cube.ide.mcu.externaltools.gnu-tools-for-stm32.7-2018-q2-update.win32_1.0.0.201904181610/tools/bin/../lib/gcc/arm-none-eabi/7.3.1/../../../../arm-none-eabi/lib/thumb/v7-m\libc_nano.a(lib_a-snprintf.o)
 .ARM.attributes
                0x0000000000000674       0x2d c:/st/stm32cubeide_1.3.0/stm32cubeide/plugins/com.st.stm32cube.ide.mcu.externaltools.gnu-tools-for-stm32.7-2018-q2-update.win32_1.0.0.201904181610/tools/bin/../lib/gcc/arm-none-eabi/7.3.1/../../../../arm-none-eabi/lib/thumb/v7-m\libc_nano.a(lib_a-sprintf.o)
 .ARM.attributes
                0x00000000000006a1       0x17 c:/st/stm32cubeide_1.3.0/stm32cubeide/plugins/com.st.stm32cube.ide.mcu.externaltools.gnu-tools-for-stm32.7-2018-q2-update.win32_1.0.0.201904181610/tools/bin/../lib/gcc/arm-none-eabi/7.3.1/../../../../arm-none-eabi/lib/thumb/v7-m\libc_nano.a(lib_a-strlen.o)
 .ARM.attributes
                0x00000000000006b8       0x2d c:/st/stm32cubeide_1.3.0/stm32cubeide/plugins/com.st.stm32cube.ide.mcu.externaltools.gnu-tools-for-stm32.7-2018-q2-update.win32_1.0.0.201904181610/tools/bin/../lib/gcc/arm-none-eabi/7.3.1/../../../../arm-none-eabi/lib/thumb/v7-m\libc_nano.a(lib_a-nano-svfprintf.o)
 .ARM.attributes
                0x00000000000006e5       0x2d c:/st/stm32cubeide_1.3.0/stm32cubeide/plugins/com.st.stm32cube.ide.mcu.externaltools.gnu-tools-for-stm32.7-2018-q2-update.win32_1.0.0.201904181610/tools/bin/../lib/gcc/arm-none-eabi/7.3.1/../../../../arm-none-eabi/lib/thumb/v7-m\libc_nano.a(lib_a-nano-vfprintf_i.o)
 .ARM.attributes
                0x0000000000000712       0x2d c:/st/stm32cubeide_1.3.0/stm32cubeide/plugins/com.st.stm32cube.ide.mcu.externaltools.gnu-tools-for-stm32.7-2018-q2-update.win32_1.0.0.201904181610/tools/bin/../lib/gcc/arm-none-eabi/7.3.1/../../../../arm-none-eabi/lib/thumb/v7-m\libc_nano.a(lib_a-memchr-stub.o)
 .ARM.attributes
                0x000000000000073f       0x2d c:/st/stm32cubeide_1.3.0/stm32cubeide/plugins/com.st.stm32cube.ide.mcu.externaltools.gnu-tools-for-stm32.7-2018-q2-update.win32_1.0.0.201904181610/tools/bin/../lib/gcc/arm-none-eabi/7.3.1/../../../../arm-none-eabi/lib/thumb/v7-m\libc_nano.a(lib_a-memmove.o)
 .ARM.attributes
                0x000000000000076c       0x2d c:/st/stm32cubeide_1.3.0/stm32cubeide/plugins/com.st.stm32cube.ide.mcu.externaltools.gnu-tools-for-stm32.7-2018-q2-update.win32_1.0.0.201904181610/tools/bin/../lib/gcc/arm-none-eabi/7.3.1/../../../../arm-none-eabi/lib/thumb/v7-m\libc_nano.a(lib_a-nano-freer.o)
 .ARM.attributes
                0x0000000000000799       0x2d c:/st/stm32cubeide_1.3.0/stm32cubeide/plugins/com.st.stm32cube.ide.mcu.externaltools.gnu-tools-for-stm32.7-2018-q2-update.win32_1.0.0.201904181610/tools/bin/../lib/gcc/arm-none-eabi/7.3.1/../../../../arm-none-eabi/lib/thumb/v7-m\libc_nano.a(lib_a-nano-mallocr.o)
 .ARM.attributes
                0x00000000000007c6       0x2d c:/st/stm32cubeide_1.3.0/stm32cubeide/plugins/com.st.stm32cube.ide.mcu.externaltools.gnu-tools-for-stm32.7-2018-q2-update.win32_1.0.0.201904181610/tools/bin/../lib/gcc/arm-none-eabi/7.3.1/../../../../arm-none-eabi/lib/thumb/v7-m\libc_nano.a(lib_a-nano-reallocr.o)
 .ARM.attributes
                0x00000000000007f3       0x2d c:/st/stm32cubeide_1.3.0/stm32cubeide/plugins/com.st.stm32cube.ide.mcu.externaltools.gnu-tools-for-stm32.7-2018-q2-update.win32_1.0.0.201904181610/tools/bin/../lib/gcc/arm-none-eabi/7.3.1/../../../../arm-none-eabi/lib/thumb/v7-m\libc_nano.a(lib_a-sbrkr.o)
 .ARM.attributes
                0x0000000000000820       0x2d c:/st/stm32cubeide_1.3.0/stm32cubeide/plugins/com.st.stm32cube.ide.mcu.externaltools.gnu-tools-for-stm32.7-2018-q2-update.win32_1.0.0.201904181610/tools/bin/../lib/gcc/arm-none-eabi/7.3.1/../../../../arm-none-eabi/lib/thumb/v7-m\libc_nano.a(lib_a-mlock.o)
 .ARM.attributes
                0x000000000000084d       0x2d c:/st/stm32cubeide_1.3.0/stm32cubeide/plugins/com.st.stm32cube.ide.mcu.externaltools.gnu-tools-for-stm32.7-2018-q2-update.win32_1.0.0.201904181610/tools/bin/../lib/gcc/arm-none-eabi/7.3.1/../../../../arm-none-eabi/lib/thumb/v7-m\libc_nano.a(lib_a-nano-msizer.o)
 .ARM.attributes
                0x000000000000087a       0x2d c:/st/stm32cubeide_1.3.0/stm32cubeide/plugins/com.st.stm32cube.ide.mcu.externaltools.gnu-tools-for-stm32.7-2018-q2-update.win32_1.0.0.201904181610/tools/bin/../lib/gcc/arm-none-eabi/7.3.1/../../../../arm-none-eabi/lib/thumb/v7-m\libc_nano.a(lib_a-reent.o)
 .ARM.attributes
                0x00000000000008a7       0x1d c:/st/stm32cubeide_1.3.0/stm32cubeide/plugins/com.st.stm32cube.ide.mcu.externaltools.gnu-tools-for-stm32.7-2018-q2-update.win32_1.0.0.201904181610/tools/bin/../lib/gcc/arm-none-eabi/7.3.1/thumb/v7-m/crtn.o
OUTPUT(server_meteo.elf elf32-littlearm)

.debug_info     0x0000000000000000    0x1990b
 .debug_info    0x0000000000000000      0x40b Core/Src/freertos.o
 .debug_info    0x000000000000040b     0x25c0 Core/Src/main.o
 .debug_info    0x00000000000029cb      0x97f Core/Src/meteo_home.o
 .debug_info    0x000000000000334a     0x1b85 Core/Src/nrf24l01.o
 .debug_info    0x0000000000004ecf      0xca7 Core/Src/receiver.o
 .debug_info    0x0000000000005b76      0xc59 Core/Src/stm32f1xx_hal_msp.o
 .debug_info    0x00000000000067cf      0x8e8 Core/Src/stm32f1xx_hal_timebase_tim.o
 .debug_info    0x00000000000070b7      0x6a4 Core/Src/stm32f1xx_it.o
 .debug_info    0x000000000000775b      0x91c Core/Src/sysmem.o
 .debug_info    0x0000000000008077      0x433 Core/Src/system_stm32f1xx.o
 .debug_info    0x00000000000084aa       0x22 Core/Startup/startup_stm32f103c8tx.o
 .debug_info    0x00000000000084cc      0x6fe Drivers/STM32F1xx_HAL_Driver/Src/stm32f1xx_hal.o
 .debug_info    0x0000000000008bca      0xb46 Drivers/STM32F1xx_HAL_Driver/Src/stm32f1xx_hal_cortex.o
 .debug_info    0x0000000000009710      0x681 Drivers/STM32F1xx_HAL_Driver/Src/stm32f1xx_hal_gpio.o
 .debug_info    0x0000000000009d91      0x804 Drivers/STM32F1xx_HAL_Driver/Src/stm32f1xx_hal_rcc.o
 .debug_info    0x000000000000a595     0x153a Drivers/STM32F1xx_HAL_Driver/Src/stm32f1xx_hal_spi.o
 .debug_info    0x000000000000bacf     0x2456 Drivers/STM32F1xx_HAL_Driver/Src/stm32f1xx_hal_tim.o
 .debug_info    0x000000000000df25     0x1104 Drivers/STM32F1xx_HAL_Driver/Src/stm32f1xx_hal_tim_ex.o
 .debug_info    0x000000000000f029     0x11e3 Drivers/STM32F1xx_HAL_Driver/Src/stm32f1xx_hal_uart.o
 .debug_info    0x000000000001020c     0x1e99 Middlewares/Third_Party/FreeRTOS/Source/CMSIS_RTOS/cmsis_os.o
 .debug_info    0x00000000000120a5      0xac5 Middlewares/Third_Party/FreeRTOS/Source/list.o
 .debug_info    0x0000000000012b6a     0x1f80 Middlewares/Third_Party/FreeRTOS/Source/queue.o
 .debug_info    0x0000000000014aea     0x2593 Middlewares/Third_Party/FreeRTOS/Source/tasks.o
 .debug_info    0x000000000001707d     0x17bd Middlewares/Third_Party/FreeRTOS/Source/timers.o
 .debug_info    0x000000000001883a      0x4d2 Middlewares/Third_Party/FreeRTOS/Source/portable/GCC/ARM_CM3/port.o
 .debug_info    0x0000000000018d0c      0xbff Middlewares/Third_Party/FreeRTOS/Source/portable/MemMang/heap_4.o

.debug_abbrev   0x0000000000000000     0x37fa
 .debug_abbrev  0x0000000000000000      0x132 Core/Src/freertos.o
 .debug_abbrev  0x0000000000000132      0x2f7 Core/Src/main.o
 .debug_abbrev  0x0000000000000429      0x1cf Core/Src/meteo_home.o
 .debug_abbrev  0x00000000000005f8      0x3a5 Core/Src/nrf24l01.o
 .debug_abbrev  0x000000000000099d      0x1de Core/Src/receiver.o
 .debug_abbrev  0x0000000000000b7b      0x1a6 Core/Src/stm32f1xx_hal_msp.o
 .debug_abbrev  0x0000000000000d21      0x19d Core/Src/stm32f1xx_hal_timebase_tim.o
 .debug_abbrev  0x0000000000000ebe      0x16b Core/Src/stm32f1xx_it.o
 .debug_abbrev  0x0000000000001029      0x1bb Core/Src/sysmem.o
 .debug_abbrev  0x00000000000011e4      0x134 Core/Src/system_stm32f1xx.o
 .debug_abbrev  0x0000000000001318       0x12 Core/Startup/startup_stm32f103c8tx.o
 .debug_abbrev  0x000000000000132a      0x1d8 Drivers/STM32F1xx_HAL_Driver/Src/stm32f1xx_hal.o
 .debug_abbrev  0x0000000000001502      0x2d5 Drivers/STM32F1xx_HAL_Driver/Src/stm32f1xx_hal_cortex.o
 .debug_abbrev  0x00000000000017d7      0x1c0 Drivers/STM32F1xx_HAL_Driver/Src/stm32f1xx_hal_gpio.o
 .debug_abbrev  0x0000000000001997      0x243 Drivers/STM32F1xx_HAL_Driver/Src/stm32f1xx_hal_rcc.o
 .debug_abbrev  0x0000000000001bda      0x240 Drivers/STM32F1xx_HAL_Driver/Src/stm32f1xx_hal_spi.o
 .debug_abbrev  0x0000000000001e1a      0x230 Drivers/STM32F1xx_HAL_Driver/Src/stm32f1xx_hal_tim.o
 .debug_abbrev  0x000000000000204a      0x21e Drivers/STM32F1xx_HAL_Driver/Src/stm32f1xx_hal_tim_ex.o
 .debug_abbrev  0x0000000000002268      0x242 Drivers/STM32F1xx_HAL_Driver/Src/stm32f1xx_hal_uart.o
 .debug_abbrev  0x00000000000024aa      0x379 Middlewares/Third_Party/FreeRTOS/Source/CMSIS_RTOS/cmsis_os.o
 .debug_abbrev  0x0000000000002823      0x1cf Middlewares/Third_Party/FreeRTOS/Source/list.o
 .debug_abbrev  0x00000000000029f2      0x354 Middlewares/Third_Party/FreeRTOS/Source/queue.o
 .debug_abbrev  0x0000000000002d46      0x338 Middlewares/Third_Party/FreeRTOS/Source/tasks.o
 .debug_abbrev  0x000000000000307e      0x2bd Middlewares/Third_Party/FreeRTOS/Source/timers.o
 .debug_abbrev  0x000000000000333b      0x205 Middlewares/Third_Party/FreeRTOS/Source/portable/GCC/ARM_CM3/port.o
 .debug_abbrev  0x0000000000003540      0x2ba Middlewares/Third_Party/FreeRTOS/Source/portable/MemMang/heap_4.o

.debug_aranges  0x0000000000000000     0x15d0
 .debug_aranges
                0x0000000000000000       0x38 Core/Src/freertos.o
 .debug_aranges
                0x0000000000000038       0x78 Core/Src/main.o
 .debug_aranges
                0x00000000000000b0       0x28 Core/Src/meteo_home.o
 .debug_aranges
                0x00000000000000d8      0x1c8 Core/Src/nrf24l01.o
 .debug_aranges
                0x00000000000002a0       0x30 Core/Src/receiver.o
 .debug_aranges
                0x00000000000002d0       0x40 Core/Src/stm32f1xx_hal_msp.o
 .debug_aranges
                0x0000000000000310       0x30 Core/Src/stm32f1xx_hal_timebase_tim.o
 .debug_aranges
                0x0000000000000340       0x58 Core/Src/stm32f1xx_it.o
 .debug_aranges
                0x0000000000000398       0x20 Core/Src/sysmem.o
 .debug_aranges
                0x00000000000003b8       0x28 Core/Src/system_stm32f1xx.o
 .debug_aranges
                0x00000000000003e0       0x28 Core/Startup/startup_stm32f103c8tx.o
 .debug_aranges
                0x0000000000000408       0xe0 Drivers/STM32F1xx_HAL_Driver/Src/stm32f1xx_hal.o
 .debug_aranges
                0x00000000000004e8      0x100 Drivers/STM32F1xx_HAL_Driver/Src/stm32f1xx_hal_cortex.o
 .debug_aranges
                0x00000000000005e8       0x58 Drivers/STM32F1xx_HAL_Driver/Src/stm32f1xx_hal_gpio.o
 .debug_aranges
                0x0000000000000640       0x90 Drivers/STM32F1xx_HAL_Driver/Src/stm32f1xx_hal_rcc.o
 .debug_aranges
                0x00000000000006d0      0x1d0 Drivers/STM32F1xx_HAL_Driver/Src/stm32f1xx_hal_spi.o
 .debug_aranges
                0x00000000000008a0      0x3a8 Drivers/STM32F1xx_HAL_Driver/Src/stm32f1xx_hal_tim.o
 .debug_aranges
                0x0000000000000c48      0x150 Drivers/STM32F1xx_HAL_Driver/Src/stm32f1xx_hal_tim_ex.o
 .debug_aranges
                0x0000000000000d98      0x1d0 Drivers/STM32F1xx_HAL_Driver/Src/stm32f1xx_hal_uart.o
 .debug_aranges
                0x0000000000000f68      0x1d8 Middlewares/Third_Party/FreeRTOS/Source/CMSIS_RTOS/cmsis_os.o
 .debug_aranges
                0x0000000000001140       0x40 Middlewares/Third_Party/FreeRTOS/Source/list.o
 .debug_aranges
                0x0000000000001180      0x110 Middlewares/Third_Party/FreeRTOS/Source/queue.o
 .debug_aranges
                0x0000000000001290      0x1b8 Middlewares/Third_Party/FreeRTOS/Source/tasks.o
 .debug_aranges
                0x0000000000001448       0xc0 Middlewares/Third_Party/FreeRTOS/Source/timers.o
 .debug_aranges
                0x0000000000001508       0x78 Middlewares/Third_Party/FreeRTOS/Source/portable/GCC/ARM_CM3/port.o
 .debug_aranges
                0x0000000000001580       0x50 Middlewares/Third_Party/FreeRTOS/Source/portable/MemMang/heap_4.o

.debug_ranges   0x0000000000000000     0x1438
 .debug_ranges  0x0000000000000000       0x28 Core/Src/freertos.o
 .debug_ranges  0x0000000000000028       0x68 Core/Src/main.o
 .debug_ranges  0x0000000000000090       0x18 Core/Src/meteo_home.o
 .debug_ranges  0x00000000000000a8      0x1b8 Core/Src/nrf24l01.o
 .debug_ranges  0x0000000000000260       0x20 Core/Src/receiver.o
 .debug_ranges  0x0000000000000280       0x30 Core/Src/stm32f1xx_hal_msp.o
 .debug_ranges  0x00000000000002b0       0x20 Core/Src/stm32f1xx_hal_timebase_tim.o
 .debug_ranges  0x00000000000002d0       0x48 Core/Src/stm32f1xx_it.o
 .debug_ranges  0x0000000000000318       0x10 Core/Src/sysmem.o
 .debug_ranges  0x0000000000000328       0x18 Core/Src/system_stm32f1xx.o
 .debug_ranges  0x0000000000000340       0x20 Core/Startup/startup_stm32f103c8tx.o
 .debug_ranges  0x0000000000000360       0xd0 Drivers/STM32F1xx_HAL_Driver/Src/stm32f1xx_hal.o
 .debug_ranges  0x0000000000000430       0xf0 Drivers/STM32F1xx_HAL_Driver/Src/stm32f1xx_hal_cortex.o
 .debug_ranges  0x0000000000000520       0x48 Drivers/STM32F1xx_HAL_Driver/Src/stm32f1xx_hal_gpio.o
 .debug_ranges  0x0000000000000568       0x80 Drivers/STM32F1xx_HAL_Driver/Src/stm32f1xx_hal_rcc.o
 .debug_ranges  0x00000000000005e8      0x1c0 Drivers/STM32F1xx_HAL_Driver/Src/stm32f1xx_hal_spi.o
 .debug_ranges  0x00000000000007a8      0x398 Drivers/STM32F1xx_HAL_Driver/Src/stm32f1xx_hal_tim.o
 .debug_ranges  0x0000000000000b40      0x140 Drivers/STM32F1xx_HAL_Driver/Src/stm32f1xx_hal_tim_ex.o
 .debug_ranges  0x0000000000000c80      0x1c0 Drivers/STM32F1xx_HAL_Driver/Src/stm32f1xx_hal_uart.o
 .debug_ranges  0x0000000000000e40      0x1c8 Middlewares/Third_Party/FreeRTOS/Source/CMSIS_RTOS/cmsis_os.o
 .debug_ranges  0x0000000000001008       0x30 Middlewares/Third_Party/FreeRTOS/Source/list.o
 .debug_ranges  0x0000000000001038      0x100 Middlewares/Third_Party/FreeRTOS/Source/queue.o
 .debug_ranges  0x0000000000001138      0x1a8 Middlewares/Third_Party/FreeRTOS/Source/tasks.o
 .debug_ranges  0x00000000000012e0       0xb0 Middlewares/Third_Party/FreeRTOS/Source/timers.o
 .debug_ranges  0x0000000000001390       0x68 Middlewares/Third_Party/FreeRTOS/Source/portable/GCC/ARM_CM3/port.o
 .debug_ranges  0x00000000000013f8       0x40 Middlewares/Third_Party/FreeRTOS/Source/portable/MemMang/heap_4.o

.debug_macro    0x0000000000000000    0x17a8e
 .debug_macro   0x0000000000000000      0x21b Core/Src/freertos.o
 .debug_macro   0x000000000000021b      0xa5a Core/Src/freertos.o
 .debug_macro   0x0000000000000c75      0x174 Core/Src/freertos.o
 .debug_macro   0x0000000000000de9       0x22 Core/Src/freertos.o