Archive member included to satisfy reference by file (symbol)

c:/st/stm32cubeide_1.3.0/stm32cubeide/plugins/com.st.stm32cube.ide.mcu.externaltools.gnu-tools-for-stm32.7-2018-q2-update.win32_1.0.0.201904181610/tools/bin/../lib/gcc/arm-none-eabi/7.3.1/../../../../arm-none-eabi/lib/thumb/v7-m\libc_nano.a(lib_a-errno.o)
                              Core/Src/syscalls.o (__errno)
c:/st/stm32cubeide_1.3.0/stm32cubeide/plugins/com.st.stm32cube.ide.mcu.externaltools.gnu-tools-for-stm32.7-2018-q2-update.win32_1.0.0.201904181610/tools/bin/../lib/gcc/arm-none-eabi/7.3.1/../../../../arm-none-eabi/lib/thumb/v7-m\libc_nano.a(lib_a-exit.o)
                              c:/st/stm32cubeide_1.3.0/stm32cubeide/plugins/com.st.stm32cube.ide.mcu.externaltools.gnu-tools-for-stm32.7-2018-q2-update.win32_1.0.0.201904181610/tools/bin/../lib/gcc/arm-none-eabi/7.3.1/../../../../arm-none-eabi/lib/thumb/v7-m/crt0.o (exit)
c:/st/stm32cubeide_1.3.0/stm32cubeide/plugins/com.st.stm32cube.ide.mcu.externaltools.gnu-tools-for-stm32.7-2018-q2-update.win32_1.0.0.201904181610/tools/bin/../lib/gcc/arm-none-eabi/7.3.1/../../../../arm-none-eabi/lib/thumb/v7-m\libc_nano.a(lib_a-impure.o)
                              c:/st/stm32cubeide_1.3.0/stm32cubeide/plugins/com.st.stm32cube.ide.mcu.externaltools.gnu-tools-for-stm32.7-2018-q2-update.win32_1.0.0.201904181610/tools/bin/../lib/gcc/arm-none-eabi/7.3.1/../../../../arm-none-eabi/lib/thumb/v7-m\libc_nano.a(lib_a-exit.o) (_global_impure_ptr)
c:/st/stm32cubeide_1.3.0/stm32cubeide/plugins/com.st.stm32cube.ide.mcu.externaltools.gnu-tools-for-stm32.7-2018-q2-update.win32_1.0.0.201904181610/tools/bin/../lib/gcc/arm-none-eabi/7.3.1/../../../../arm-none-eabi/lib/thumb/v7-m\libc_nano.a(lib_a-init.o)
                              c:/st/stm32cubeide_1.3.0/stm32cubeide/plugins/com.st.stm32cube.ide.mcu.externaltools.gnu-tools-for-stm32.7-2018-q2-update.win32_1.0.0.201904181610/tools/bin/../lib/gcc/arm-none-eabi/7.3.1/../../../../arm-none-eabi/lib/thumb/v7-m/crt0.o (__libc_init_array)
c:/st/stm32cubeide_1.3.0/stm32cubeide/plugins/com.st.stm32cube.ide.mcu.externaltools.gnu-tools-for-stm32.7-2018-q2-update.win32_1.0.0.201904181610/tools/bin/../lib/gcc/arm-none-eabi/7.3.1/../../../../arm-none-eabi/lib/thumb/v7-m\libc_nano.a(lib_a-memcpy-stub.o)
                              Core/Src/nrf24l01.o (memcpy)
c:/st/stm32cubeide_1.3.0/stm32cubeide/plugins/com.st.stm32cube.ide.mcu.externaltools.gnu-tools-for-stm32.7-2018-q2-update.win32_1.0.0.201904181610/tools/bin/../lib/gcc/arm-none-eabi/7.3.1/../../../../arm-none-eabi/lib/thumb/v7-m\libc_nano.a(lib_a-memset.o)
                              c:/st/stm32cubeide_1.3.0/stm32cubeide/plugins/com.st.stm32cube.ide.mcu.externaltools.gnu-tools-for-stm32.7-2018-q2-update.win32_1.0.0.201904181610/tools/bin/../lib/gcc/arm-none-eabi/7.3.1/../../../../arm-none-eabi/lib/thumb/v7-m/crt0.o (memset)
c:/st/stm32cubeide_1.3.0/stm32cubeide/plugins/com.st.stm32cube.ide.mcu.externaltools.gnu-tools-for-stm32.7-2018-q2-update.win32_1.0.0.201904181610/tools/bin/../lib/gcc/arm-none-eabi/7.3.1/../../../../arm-none-eabi/lib/thumb/v7-m\libc_nano.a(lib_a-snprintf.o)
                              Core/Src/main.o (snprintf)
c:/st/stm32cubeide_1.3.0/stm32cubeide/plugins/com.st.stm32cube.ide.mcu.externaltools.gnu-tools-for-stm32.7-2018-q2-update.win32_1.0.0.201904181610/tools/bin/../lib/gcc/arm-none-eabi/7.3.1/../../../../arm-none-eabi/lib/thumb/v7-m\libc_nano.a(lib_a-sprintf.o)
                              Core/Src/main.o (sprintf)
c:/st/stm32cubeide_1.3.0/stm32cubeide/plugins/com.st.stm32cube.ide.mcu.externaltools.gnu-tools-for-stm32.7-2018-q2-update.win32_1.0.0.201904181610/tools/bin/../lib/gcc/arm-none-eabi/7.3.1/../../../../arm-none-eabi/lib/thumb/v7-m\libc_nano.a(lib_a-strlen.o)
                              Core/Src/main.o (strlen)
c:/st/stm32cubeide_1.3.0/stm32cubeide/plugins/com.st.stm32cube.ide.mcu.externaltools.gnu-tools-for-stm32.7-2018-q2-update.win32_1.0.0.201904181610/tools/bin/../lib/gcc/arm-none-eabi/7.3.1/../../../../arm-none-eabi/lib/thumb/v7-m\libc_nano.a(lib_a-nano-svfprintf.o)
                              c:/st/stm32cubeide_1.3.0/stm32cubeide/plugins/com.st.stm32cube.ide.mcu.externaltools.gnu-tools-for-stm32.7-2018-q2-update.win32_1.0.0.201904181610/tools/bin/../lib/gcc/arm-none-eabi/7.3.1/../../../../arm-none-eabi/lib/thumb/v7-m\libc_nano.a(lib_a-snprintf.o) (_svfprintf_r)
c:/st/stm32cubeide_1.3.0/stm32cubeide/plugins/com.st.stm32cube.ide.mcu.externaltools.gnu-tools-for-stm32.7-2018-q2-update.win32_1.0.0.201904181610/tools/bin/../lib/gcc/arm-none-eabi/7.3.1/../../../../arm-none-eabi/lib/thumb/v7-m\libc_nano.a(lib_a-nano-vfprintf_i.o)
                              c:/st/stm32cubeide_1.3.0/stm32cubeide/plugins/com.st.stm32cube.ide.mcu.externaltools.gnu-tools-for-stm32.7-2018-q2-update.win32_1.0.0.201904181610/tools/bin/../lib/gcc/arm-none-eabi/7.3.1/../../../../arm-none-eabi/lib/thumb/v7-m\libc_nano.a(lib_a-nano-svfprintf.o) (_printf_i)
[...]
Memory Configuration

Name             Origin             Length             Attributes
RAM              0x0000000020000000 0x0000000000005000 xrw
FLASH            0x0000000008000000 0x0000000000010000 xr
*default*        0x0000000000000000 0xffffffffffffffff

Linker script and memory map

LOAD c:/st/stm32cubeide_1.3.0/stm32cubeide/plugins/com.st.stm32cube.ide.mcu.externaltools.gnu-tools-for-stm32.7-2018-q2-update.win32_1.0.0.201904181610/tools/bin/../lib/gcc/arm-none-eabi/7.3.1/thumb/v7-m/crti.o
LOAD c:/st/stm32cubeide_1.3.0/stm32cubeide/plugins/com.st.stm32cube.ide.mcu.externaltools.gnu-tools-for-stm32.7-2018-q2-update.win32_1.0.0.201904181610/tools/bin/../lib/gcc/arm-none-eabi/7.3.1/thumb/v7-m/crtbegin.o
LOAD c:/st/stm32cubeide_1.3.0/stm32cubeide/plugins/com.st.stm32cube.ide.mcu.externaltools.gnu-tools-for-stm32.7-2018-q2-update.win32_1.0.0.201904181610/tools/bin/../lib/gcc/arm-none-eabi/7.3.1/../../../../arm-none-eabi/lib/thumb/v7-m/crt0.o
LOAD Core/Src/freertos.o
LOAD Core/Src/main.o
LOAD Core/Src/meteo_home.o
LOAD Core/Src/nrf24l01.o
LOAD Core/Src/receiver.o
LOAD Core/Src/stm32f1xx_hal_msp.o
LOAD Core/Src/stm32f1xx_hal_timebase_tim.o
LOAD Core/Src/stm32f1xx_it.o
LOAD Core/Src/syscalls.o
LOAD Core/Src/sysmem.o
LOAD Core/Src/system_stm32f1xx.o
LOAD Core/Startup/startup_stm32f103c8tx.o
LOAD Drivers/STM32F1xx_HAL_Driver/Src/stm32f1xx_hal.o
LOAD Drivers/STM32F1xx_HAL_Driver/Src/stm32f1xx_hal_cortex.o
LOAD Drivers/STM32F1xx_HAL_Driver/Src/stm32f1xx_hal_dma.o
LOAD Drivers/STM32F1xx_HAL_Driver/Src/stm32f1xx_hal_exti.o
LOAD Drivers/STM32F1xx_HAL_Driver/Src/stm32f1xx_hal_flash.o
LOAD Drivers/STM32F1xx_HAL_Driver/Src/stm32f1xx_hal_flash_ex.o
LOAD Drivers/STM32F1xx_HAL_Driver/Src/stm32f1xx_hal_gpio.o
LOAD Drivers/STM32F1xx_HAL_Driver/Src/stm32f1xx_hal_gpio_ex.o
LOAD Drivers/STM32F1xx_HAL_Driver/Src/stm32f1xx_hal_pwr.o
LOAD Drivers/STM32F1xx_HAL_Driver/Src/stm32f1xx_hal_rcc.o
LOAD Drivers/STM32F1xx_HAL_Driver/Src/stm32f1xx_hal_rcc_ex.o
LOAD Drivers/STM32F1xx_HAL_Driver/Src/stm32f1xx_hal_spi.o
LOAD Drivers/STM32F1xx_HAL_Driver/Src/stm32f1xx_hal_tim.o
LOAD Drivers/STM32F1xx_HAL_Driver/Src/stm32f1xx_hal_tim_ex.o
LOAD Drivers/STM32F1xx_HAL_Driver/Src/stm32f1xx_hal_uart.o
LOAD Middlewares/Third_Party/FreeRTOS/Source/CMSIS_RTOS/cmsis_os.o
LOAD Middlewares/Third_Party/FreeRTOS/Source/croutine.o
LOAD Middlewares/Third_Party/FreeRTOS/Source/event_groups.o
LOAD Middlewares/Third_Party/FreeRTOS/Source/list.o
LOAD Middlewares/Third_Party/FreeRTOS/Source/queue.o
LOAD Middlewares/Third_Party/FreeRTOS/Source/stream_buffer.o
LOAD Middlewares/Third_Party/FreeRTOS/Source/tasks.o
LOAD Middlewares/Third_Party/FreeRTOS/Source/timers.o
LOAD Middlewares/Third_Party/FreeRTOS/Source/portable/GCC/ARM_CM3/port.o
LOAD Middlewares/Third_Party/FreeRTOS/Source/portable/MemMang/heap_4.o
START GROUP
LOAD c:/st/stm32cubeide_1.3.0/stm32cubeide/plugins/com.st.stm32cube.ide.mcu.externaltools.gnu-tools-for-stm32.7-2018-q2-update.win32_1.0.0.201904181610/tools/bin/../lib/gcc/arm-none-eabi/7.3.1/../../../../arm-none-eabi/lib/thumb/v7-m\libstdc++_nano.a
LOAD c:/st/stm32cubeide_1.3.0/stm32cubeide/plugins/com.st.stm32cube.ide.mcu.externaltools.gnu-tools-for-stm32.7-2018-q2-update.win32_1.0.0.201904181610/tools/bin/../lib/gcc/arm-none-eabi/7.3.1/../../../../arm-none-eabi/lib/thumb/v7-m\libsupc++_nano.a
END GROUP
LOAD c:/st/stm32cubeide_1.3.0/stm32cubeide/plugins/com.st.stm32cube.ide.mcu.externaltools.gnu-tools-for-stm32.7-2018-q2-update.win32_1.0.0.201904181610/tools/bin/../lib/gcc/arm-none-eabi/7.3.1/../../../../arm-none-eabi/lib/thumb/v7-m\libstdc++_nano.a
LOAD c:/st/stm32cubeide_1.3.0/stm32cubeide/plugins/com.st.stm32cube.ide.mcu.externaltools.gnu-tools-for-stm32.7-2018-q2-update.win32_1.0.0.201904181610/tools/bin/../lib/gcc/arm-none-eabi/7.3.1/../../../../arm-none-eabi/lib/thumb/v7-m\libm.a
LOAD c:/st/stm32cubeide_1.3.0/stm32cubeide/plugins/com.st.stm32cube.ide.mcu.externaltools.gnu-tools-for-stm32.7-2018-q2-update.win32_1.0.0.201904181610/tools/bin/../lib/gcc/arm-none-eabi/7.3.1/../../../../arm-none-eabi/lib/thumb/v7-m\libc_nano.a
START GROUP
LOAD c:/st/stm32cubeide_1.3.0/stm32cubeide/plugins/com.st.stm32cube.ide.mcu.externaltools.gnu-tools-for-stm32.7-2018-q2-update.win32_1.0.0.201904181610/tools/bin/../lib/gcc/arm-none-eabi/7.3.1/thumb/v7-m\libgcc.a
LOAD c:/st/stm32cubeide_1.3.0/stm32cubeide/plugins/com.st.stm32cube.ide.mcu.externaltools.gnu-tools-for-stm32.7-2018-q2-update.win32_1.0.0.201904181610/tools/bin/../lib/gcc/arm-none-eabi/7.3.1/../../../../arm-none-eabi/lib/thumb/v7-m\libc_nano.a
END GROUP
START GROUP
LOAD c:/st/stm32cubeide_1.3.0/stm32cubeide/plugins/com.st.stm32cube.ide.mcu.externaltools.gnu-tools-for-stm32.7-2018-q2-update.win32_1.0.0.201904181610/tools/bin/../lib/gcc/arm-none-eabi/7.3.1/thumb/v7-m\libgcc.a
LOAD c:/st/stm32cubeide_1.3.0/stm32cubeide/plugins/com.st.stm32cube.ide.mcu.externaltools.gnu-tools-for-stm32.7-2018-q2-update.win32_1.0.0.201904181610/tools/bin/../lib/gcc/arm-none-eabi/7.3.1/../../../../arm-none-eabi/lib/thumb/v7-m\libc_nano.a
LOAD c:/st/stm32cubeide_1.3.0/stm32cubeide/plugins/com.st.stm32cube.ide.mcu.externaltools.gnu-tools-for-stm32.7-2018-q2-update.win32_1.0.0.201904181610/tools/bin/../lib/gcc/arm-none-eabi/7.3.1/../../../../arm-none-eabi/lib/thumb/v7-m\libnosys.a
END GROUP
START GROUP
LOAD c:/st/stm32cubeide_1.3.0/stm32cubeide/plugins/com.st.stm32cube.ide.mcu.externaltools.gnu-tools-for-stm32.7-2018-q2-update.win32_1.0.0.201904181610/tools/bin/../lib/gcc/arm-none-eabi/7.3.1/thumb/v7-m\libgcc.a
LOAD c:/st/stm32cubeide_1.3.0/stm32cubeide/plugins/com.st.stm32cube.ide.mcu.externaltools.gnu-tools-for-stm32.7-2018-q2-update.win32_1.0.0.201904181610/tools/bin/../lib/gcc/arm-none-eabi/7.3.1/../../../../arm-none-eabi/lib/thumb/v7-m\libc_nano.a
LOAD c:/st/stm32cubeide_1.3.0/stm32cubeide/plugins/com.st.stm32cube.ide.mcu.externaltools.gnu-tools-for-stm32.7-2018-q2-update.win32_1.0.0.201904181610/tools/bin/../lib/gcc/arm-none-eabi/7.3.1/../../../../arm-none-eabi/lib/thumb/v7-m\libnosys.a
END GROUP
LOAD c:/st/stm32cubeide_1.3.0/stm32cubeide/plugins/com.st.stm32cube.ide.mcu.externaltools.gnu-tools-for-stm32.7-2018-q2-update.win32_1.0.0.201904181610/tools/bin/../lib/gcc/arm-none-eabi/7.3.1/thumb/v7-m/crtend.o
LOAD c:/st/stm32cubeide_1.3.0/stm32cubeide/plugins/com.st.stm32cube.ide.mcu.externaltools.gnu-tools-for-stm32.7-2018-q2-update.win32_1.0.0.201904181610/tools/bin/../lib/gcc/arm-none-eabi/7.3.1/thumb/v7-m/crtn.o
                0x0000000020005000                _estack = (ORIGIN (RAM) + LENGTH (RAM))
                0x0000000000000200                _Min_Heap_Size = 0x200
                0x0000000000000400                _Min_Stack_Size = 0x400

.isr_vector     0x0000000008000000      0x10c
                0x0000000008000000                . = ALIGN (0x4)
 *(.isr_vector)
 .isr_vector    0x0000000008000000      0x10c Core/Startup/startup_stm32f103c8tx.o
                0x0000000008000000                g_pfnVectors
                0x000000000800010c                . = ALIGN (0x4)

.text           0x0000000008000110     0x7740
                0x0000000008000110                . = ALIGN (0x4)
 *(.text)
 .text          0x0000000008000110       0x40 c:/st/stm32cubeide_1.3.0/stm32cubeide/plugins/com.st.stm32cube.ide.mcu.externaltools.gnu-tools-for-stm32.7-2018-q2-update.win32_1.0.0.201904181610/tools/bin/../lib/gcc/arm-none-eabi/7.3.1/thumb/v7-m/crtbegin.o
 .text          0x0000000008000150       0x10 c:/st/stm32cubeide_1.3.0/stm32cubeide/plugins/com.st.stm32cube.ide.mcu.externaltools.gnu-tools-for-stm32.7-2018-q2-update.win32_1.0.0.201904181610/tools/bin/../lib/gcc/arm-none-eabi/7.3.1/../../../../arm-none-eabi/lib/thumb/v7-m\libc_nano.a(lib_a-strlen.o)
                0x0000000008000150                strlen
 *(.text*)
 .text.vApplicationStackOverflowHook
                0x0000000008000160       0x14 Core/Src/freertos.o
                0x0000000008000160                vApplicationStackOverflowHook
 .text.vApplicationMallocFailedHook
                0x0000000008000174        0xc Core/Src/freertos.o
                0x0000000008000174                vApplicationMallocFailedHook
 .text.vApplicationGetIdleTaskMemory
                0x0000000008000180       0x30 Core/Src/freertos.o
                0x0000000008000180                vApplicationGetIdleTaskMemory
 .text.vApplicationGetTimerTaskMemory
                0x00000000080001b0       0x30 Core/Src/freertos.o
                0x00000000080001b0                vApplicationGetTimerTaskMemory
 .text.main     0x00000000080001e0      0x14c Core/Src/main.o
                0x00000000080001e0                main
 .text.SystemClock_Config
                0x000000000800032c       0x8a Core/Src/main.o
                0x000000000800032c                SystemClock_Config
 *fill*         0x00000000080003b6        0x2 
 .text.MX_SPI1_Init
                0x00000000080003b8       0x6c Core/Src/main.o
 .text.MX_USART1_UART_Init
                0x0000000008000424       0x54 Core/Src/main.o
 .text.MX_GPIO_Init
                0x0000000008000478      0x108 Core/Src/main.o
 .text.HAL_GPIO_EXTI_Callback
                0x0000000008000580       0x9c Core/Src/main.o
                0x0000000008000580                HAL_GPIO_EXTI_Callback
 .text.StartDefaultTask
                0x000000000800061c       0x20 Core/Src/main.o
                0x000000000800061c                StartDefaultTask
 *fill*         0x000000000800063c        0x4 
 .text.StartRadio
                0x0000000008000640      0x2ec Core/Src/main.o
                0x0000000008000640                StartRadio
 .text.StartUnixTimeCounter
                0x000000000800092c      0x124 Core/Src/main.o
                0x000000000800092c                StartUnixTimeCounter
 .text.CallbackUnixTimer
                0x0000000008000a50       0x28 Core/Src/main.o
                0x0000000008000a50                CallbackUnixTimer
 .text.HAL_TIM_PeriodElapsedCallback
                0x0000000008000a78       0x3c Core/Src/main.o
                0x0000000008000a78                HAL_TIM_PeriodElapsedCallback
 .text.Error_Handler
                0x0000000008000ab4        0xc Core/Src/main.o
                0x0000000008000ab4                Error_Handler
 .text.unixtimeToString
                0x0000000008000ac0       0xbc Core/Src/meteo_home.o
                0x0000000008000ac0                unixtimeToString
 .text.DWT_Init
                0x0000000008000b7c       0x2c Core/Src/nrf24l01.o
                0x0000000008000b7c                DWT_Init
 .text.delay_us
                0x0000000008000ba8       0x44 Core/Src/nrf24l01.o
                0x0000000008000ba8                delay_us
 .text.csn      0x0000000008000bec       0x2c Core/Src/nrf24l01.o
                0x0000000008000bec                csn
 .text.ce       0x0000000008000c18       0x24 Core/Src/nrf24l01.o
                0x0000000008000c18                ce
 .text.read_register
                0x0000000008000c3c       0x5c Core/Src/nrf24l01.o
                0x0000000008000c3c                read_register
 .text.write_registerMy
                0x0000000008000c98       0x60 Core/Src/nrf24l01.o
                0x0000000008000c98                write_registerMy
 .text.write_register
                0x0000000008000cf8       0x60 Core/Src/nrf24l01.o
                0x0000000008000cf8                write_register
 .text.read_payload
                0x0000000008000d58       0x9c Core/Src/nrf24l01.o
                0x0000000008000d58                read_payload
 .text.flush_rx
                0x0000000008000df4       0x10 Core/Src/nrf24l01.o
                0x0000000008000df4                flush_rx
 .text.flush_tx
                0x0000000008000e04       0x10 Core/Src/nrf24l01.o
                0x0000000008000e04                flush_tx
 .text.spiTrans
                0x0000000008000e14       0x3c Core/Src/nrf24l01.o
                0x0000000008000e14                spiTrans
 .text.get_status
                0x0000000008000e50       0x10 Core/Src/nrf24l01.o
                0x0000000008000e50                get_status
 .text.setChannel
                0x0000000008000e60       0x1c Core/Src/nrf24l01.o
                0x0000000008000e60                setChannel
 .text.setPayloadSize
                0x0000000008000e7c       0x28 Core/Src/nrf24l01.o
                0x0000000008000e7c                setPayloadSize
 .text.getPayloadSize
                0x0000000008000ea4       0x14 Core/Src/nrf24l01.o
                0x0000000008000ea4                getPayloadSize
 .text.NRF_Init
                0x0000000008000eb8       0xec Core/Src/nrf24l01.o
                0x0000000008000eb8                NRF_Init
 .text.isChipConnected
                0x0000000008000fa4       0x2a Core/Src/nrf24l01.o
                0x0000000008000fa4                isChipConnected
 *fill*         0x0000000008000fce        0x2 
 .text.startListening
                0x0000000008000fd0       0x6c Core/Src/nrf24l01.o
                0x0000000008000fd0                startListening
 .text.powerUp  0x000000000800103c       0x38 Core/Src/nrf24l01.o
                0x000000000800103c                powerUp
 .text.available
                0x0000000008001074       0x44 Core/Src/nrf24l01.o
                0x0000000008001074                available
 .text.read     0x00000000080010b8       0x26 Core/Src/nrf24l01.o
                0x00000000080010b8                read
 .text.whatHappened
                0x00000000080010de       0x1c Core/Src/nrf24l01.o
                0x00000000080010de                whatHappened
 *fill*         0x00000000080010fa        0x2 
 .text.openWritingPipe
                0x00000000080010fc       0x44 Core/Src/nrf24l01.o
                0x00000000080010fc                openWritingPipe
 .text.openReadingPipe
                0x0000000008001140       0xb0 Core/Src/nrf24l01.o
                0x0000000008001140                openReadingPipe
 .text.closeReadingPipe
                0x00000000080011f0       0x40 Core/Src/nrf24l01.o
                0x00000000080011f0                closeReadingPipe
 .text.toggle_features
                0x0000000008001230       0x40 Core/Src/nrf24l01.o
                0x0000000008001230                toggle_features
 .text.enableDynamicPayloads
                0x0000000008001270       0x40 Core/Src/nrf24l01.o
                0x0000000008001270                enableDynamicPayloads
 .text.enableAckPayload
                0x00000000080012b0       0x40 Core/Src/nrf24l01.o
                0x00000000080012b0                enableAckPayload
 .text.writeAckPayload
                0x00000000080012f0       0x6c Core/Src/nrf24l01.o
                0x00000000080012f0                writeAckPayload
 .text.setPALevel
                0x000000000800135c       0x44 Core/Src/nrf24l01.o
                0x000000000800135c                setPALevel
 .text.setDataRate
                0x00000000080013a0       0x80 Core/Src/nrf24l01.o
                0x00000000080013a0                setDataRate
 .text.setRetries
                0x0000000008001420       0x36 Core/Src/nrf24l01.o
                0x0000000008001420                setRetries
 *fill*         0x0000000008001456        0x2 
 .text.receiver_init
                0x0000000008001458       0x1c Core/Src/receiver.o
                0x0000000008001458                receiver_init
 .text.PackDataToAck
                0x0000000008001474      0x138 Core/Src/receiver.o
                0x0000000008001474                PackDataToAck
 .text.CreateNullAck
                0x00000000080015ac      0x12c Core/Src/receiver.o
                0x00000000080015ac                CreateNullAck
 .text.HAL_MspInit
                0x00000000080016d8       0x70 Core/Src/stm32f1xx_hal_msp.o
                0x00000000080016d8                HAL_MspInit
 .text.HAL_SPI_MspInit
                0x0000000008001748       0x94 Core/Src/stm32f1xx_hal_msp.o
                0x0000000008001748                HAL_SPI_MspInit
 .text.HAL_UART_MspInit
                0x00000000080017dc       0x98 Core/Src/stm32f1xx_hal_msp.o
                0x00000000080017dc                HAL_UART_MspInit
 .text.HAL_InitTick
                0x0000000008001874       0xb0 Core/Src/stm32f1xx_hal_timebase_tim.o
                0x0000000008001874                HAL_InitTick
 .text.NMI_Handler
                0x0000000008001924        0xc Core/Src/stm32f1xx_it.o
                0x0000000008001924                NMI_Handler
 .text.HardFault_Handler
                0x0000000008001930        0x6 Core/Src/stm32f1xx_it.o
                0x0000000008001930                HardFault_Handler
 .text.MemManage_Handler
                0x0000000008001936        0x6 Core/Src/stm32f1xx_it.o
                0x0000000008001936                MemManage_Handler
 .text.BusFault_Handler
                0x000000000800193c        0x6 Core/Src/stm32f1xx_it.o
                0x000000000800193c                BusFault_Handler
 .text.UsageFault_Handler
                0x0000000008001942        0x6 Core/Src/stm32f1xx_it.o
                0x0000000008001942                UsageFault_Handler
 .text.DebugMon_Handler
                0x0000000008001948        0xc Core/Src/stm32f1xx_it.o
                0x0000000008001948                DebugMon_Handler
 .text.EXTI0_IRQHandler
                0x0000000008001954        0xe Core/Src/stm32f1xx_it.o
                0x0000000008001954                EXTI0_IRQHandler
 *fill*         0x0000000008001962        0x2 
 .text.TIM4_IRQHandler
                0x0000000008001964       0x14 Core/Src/stm32f1xx_it.o
                0x0000000008001964                TIM4_IRQHandler
 .text._sbrk    0x0000000008001978       0x58 Core/Src/sysmem.o
                0x0000000008001978                _sbrk
 .text.SystemInit
                0x00000000080019d0       0x68 Core/Src/system_stm32f1xx.o
                0x00000000080019d0                SystemInit
 .text.Reset_Handler
                0x0000000008001a38       0x48 Core/Startup/startup_stm32f103c8tx.o
                0x0000000008001a38                Reset_Handler
 .text.Default_Handler
                0x0000000008001a80        0x2 Core/Startup/startup_stm32f103c8tx.o
                0x0000000008001a80                RTC_Alarm_IRQHandler
                0x0000000008001a80                EXTI2_IRQHandler
                0x0000000008001a80                TIM1_CC_IRQHandler
                0x0000000008001a80                PVD_IRQHandler
                0x0000000008001a80                EXTI3_IRQHandler
                0x0000000008001a80                I2C2_EV_IRQHandler
                0x0000000008001a80                ADC1_2_IRQHandler
                0x0000000008001a80                SPI1_IRQHandler
                0x0000000008001a80                TAMPER_IRQHandler
                0x0000000008001a80                DMA1_Channel4_IRQHandler
                0x0000000008001a80                USART3_IRQHandler
                0x0000000008001a80                RTC_IRQHandler
                0x0000000008001a80                DMA1_Channel7_IRQHandler
                0x0000000008001a80                CAN1_RX1_IRQHandler
                0x0000000008001a80                I2C1_EV_IRQHandler
                0x0000000008001a80                DMA1_Channel6_IRQHandler
                0x0000000008001a80                TIM3_IRQHandler
                0x0000000008001a80                RCC_IRQHandler
                0x0000000008001a80                TIM1_TRG_COM_IRQHandler
                0x0000000008001a80                DMA1_Channel1_IRQHandler
                0x0000000008001a80                Default_Handler
                0x0000000008001a80                EXTI15_10_IRQHandler
                0x0000000008001a80                EXTI9_5_IRQHandler
                0x0000000008001a80                SPI2_IRQHandler
                0x0000000008001a80                DMA1_Channel5_IRQHandler
                0x0000000008001a80                EXTI4_IRQHandler
                0x0000000008001a80                USB_LP_CAN1_RX0_IRQHandler
                0x0000000008001a80                USB_HP_CAN1_TX_IRQHandler
                0x0000000008001a80                DMA1_Channel3_IRQHandler
                0x0000000008001a80                TIM1_UP_IRQHandler
                0x0000000008001a80                WWDG_IRQHandler
                0x0000000008001a80                TIM2_IRQHandler
                0x0000000008001a80                TIM1_BRK_IRQHandler
                0x0000000008001a80                EXTI1_IRQHandler
                0x0000000008001a80                USART2_IRQHandler
                0x0000000008001a80                I2C2_ER_IRQHandler
                0x0000000008001a80                DMA1_Channel2_IRQHandler
                0x0000000008001a80                CAN1_SCE_IRQHandler
                0x0000000008001a80                FLASH_IRQHandler
                0x0000000008001a80                USART1_IRQHandler
                0x0000000008001a80                I2C1_ER_IRQHandler
                0x0000000008001a80                USBWakeUp_IRQHandler
 *fill*         0x0000000008001a82        0x2 
 .text.HAL_Init
                0x0000000008001a84       0x2c Drivers/STM32F1xx_HAL_Driver/Src/stm32f1xx_hal.o
                0x0000000008001a84                HAL_Init
 .text.HAL_IncTick
                0x0000000008001ab0       0x24 Drivers/STM32F1xx_HAL_Driver/Src/stm32f1xx_hal.o
                0x0000000008001ab0                HAL_IncTick
 .text.HAL_GetTick
                0x0000000008001ad4       0x14 Drivers/STM32F1xx_HAL_Driver/Src/stm32f1xx_hal.o
                0x0000000008001ad4                HAL_GetTick
 .text.HAL_Delay
                0x0000000008001ae8       0x44 Drivers/STM32F1xx_HAL_Driver/Src/stm32f1xx_hal.o
                0x0000000008001ae8                HAL_Delay
 .text.__NVIC_SetPriorityGrouping
                0x0000000008001b2c       0x48 Drivers/STM32F1xx_HAL_Driver/Src/stm32f1xx_hal_cortex.o
 .text.__NVIC_GetPriorityGrouping
                0x0000000008001b74       0x1c Drivers/STM32F1xx_HAL_Driver/Src/stm32f1xx_hal_cortex.o
 .text.__NVIC_EnableIRQ
                0x0000000008001b90       0x38 Drivers/STM32F1xx_HAL_Driver/Src/stm32f1xx_hal_cortex.o
 .text.__NVIC_SetPriority
                0x0000000008001bc8       0x54 Drivers/STM32F1xx_HAL_Driver/Src/stm32f1xx_hal_cortex.o
 .text.NVIC_EncodePriority
                0x0000000008001c1c       0x64 Drivers/STM32F1xx_HAL_Driver/Src/stm32f1xx_hal_cortex.o
 .text.HAL_NVIC_SetPriorityGrouping
                0x0000000008001c80       0x16 Drivers/STM32F1xx_HAL_Driver/Src/stm32f1xx_hal_cortex.o
                0x0000000008001c80                HAL_NVIC_SetPriorityGrouping
 .text.HAL_NVIC_SetPriority
                0x0000000008001c96       0x38 Drivers/STM32F1xx_HAL_Driver/Src/stm32f1xx_hal_cortex.o
                0x0000000008001c96                HAL_NVIC_SetPriority
 .text.HAL_NVIC_EnableIRQ
                0x0000000008001cce       0x1c Drivers/STM32F1xx_HAL_Driver/Src/stm32f1xx_hal_cortex.o
                0x0000000008001cce                HAL_NVIC_EnableIRQ
 *fill*         0x0000000008001cea        0x2 
 .text.HAL_GPIO_Init
                0x0000000008001cec      0x2b4 Drivers/STM32F1xx_HAL_Driver/Src/stm32f1xx_hal_gpio.o
                0x0000000008001cec                HAL_GPIO_Init
 .text.HAL_GPIO_WritePin
                0x0000000008001fa0       0x30 Drivers/STM32F1xx_HAL_Driver/Src/stm32f1xx_hal_gpio.o
                0x0000000008001fa0                HAL_GPIO_WritePin
 .text.HAL_GPIO_TogglePin
                0x0000000008001fd0       0x30 Drivers/STM32F1xx_HAL_Driver/Src/stm32f1xx_hal_gpio.o
                0x0000000008001fd0                HAL_GPIO_TogglePin
 .text.HAL_GPIO_EXTI_IRQHandler
                0x0000000008002000       0x30 Drivers/STM32F1xx_HAL_Driver/Src/stm32f1xx_hal_gpio.o
                0x0000000008002000                HAL_GPIO_EXTI_IRQHandler
 .text.HAL_RCC_OscConfig
                0x0000000008002030      0x500 Drivers/STM32F1xx_HAL_Driver/Src/stm32f1xx_hal_rcc.o
                0x0000000008002030                HAL_RCC_OscConfig
 .text.HAL_RCC_ClockConfig
                0x0000000008002530      0x1d4 Drivers/STM32F1xx_HAL_Driver/Src/stm32f1xx_hal_rcc.o
                0x0000000008002530                HAL_RCC_ClockConfig
 .text.HAL_RCC_GetSysClockFreq
                0x0000000008002704       0xc4 Drivers/STM32F1xx_HAL_Driver/Src/stm32f1xx_hal_rcc.o
                0x0000000008002704                HAL_RCC_GetSysClockFreq
 .text.HAL_RCC_GetHCLKFreq
                0x00000000080027c8       0x14 Drivers/STM32F1xx_HAL_Driver/Src/stm32f1xx_hal_rcc.o
                0x00000000080027c8                HAL_RCC_GetHCLKFreq
 .text.HAL_RCC_GetPCLK1Freq
                0x00000000080027dc       0x28 Drivers/STM32F1xx_HAL_Driver/Src/stm32f1xx_hal_rcc.o
                0x00000000080027dc                HAL_RCC_GetPCLK1Freq
 .text.HAL_RCC_GetPCLK2Freq
                0x0000000008002804       0x28 Drivers/STM32F1xx_HAL_Driver/Src/stm32f1xx_hal_rcc.o
                0x0000000008002804                HAL_RCC_GetPCLK2Freq
 .text.HAL_RCC_GetClockConfig
                0x000000000800282c       0x60 Drivers/STM32F1xx_HAL_Driver/Src/stm32f1xx_hal_rcc.o
                0x000000000800282c                HAL_RCC_GetClockConfig
 .text.RCC_Delay
                0x000000000800288c       0x3c Drivers/STM32F1xx_HAL_Driver/Src/stm32f1xx_hal_rcc.o
 .text.HAL_SPI_Init
                0x00000000080028c8       0xc2 Drivers/STM32F1xx_HAL_Driver/Src/stm32f1xx_hal_spi.o
                0x00000000080028c8                HAL_SPI_Init
 .text.HAL_SPI_Transmit
                0x000000000800298a      0x268 Drivers/STM32F1xx_HAL_Driver/Src/stm32f1xx_hal_spi.o
                0x000000000800298a                HAL_SPI_Transmit
 .text.HAL_SPI_Receive
                0x0000000008002bf2      0x212 Drivers/STM32F1xx_HAL_Driver/Src/stm32f1xx_hal_spi.o
                0x0000000008002bf2                HAL_SPI_Receive
 .text.HAL_SPI_TransmitReceive
                0x0000000008002e04      0x344 Drivers/STM32F1xx_HAL_Driver/Src/stm32f1xx_hal_spi.o
                0x0000000008002e04                HAL_SPI_TransmitReceive
 .text.SPI_WaitFlagStateUntilTimeout
                0x0000000008003148       0xd4 Drivers/STM32F1xx_HAL_Driver/Src/stm32f1xx_hal_spi.o
 .text.SPI_EndRxTransaction
                0x000000000800321c       0xa4 Drivers/STM32F1xx_HAL_Driver/Src/stm32f1xx_hal_spi.o
 .text.SPI_EndRxTxTransaction
                0x00000000080032c0       0x3c Drivers/STM32F1xx_HAL_Driver/Src/stm32f1xx_hal_spi.o
 .text.HAL_TIM_Base_Init
                0x00000000080032fc       0x56 Drivers/STM32F1xx_HAL_Driver/Src/stm32f1xx_hal_tim.o
                0x00000000080032fc                HAL_TIM_Base_Init
 .text.HAL_TIM_Base_MspInit
                0x0000000008003352       0x12 Drivers/STM32F1xx_HAL_Driver/Src/stm32f1xx_hal_tim.o
                0x0000000008003352                HAL_TIM_Base_MspInit
 .text.HAL_TIM_Base_Start_IT
                0x0000000008003364       0x46 Drivers/STM32F1xx_HAL_Driver/Src/stm32f1xx_hal_tim.o
                0x0000000008003364                HAL_TIM_Base_Start_IT
 .text.HAL_TIM_IRQHandler
                0x00000000080033aa      0x210 Drivers/STM32F1xx_HAL_Driver/Src/stm32f1xx_hal_tim.o
                0x00000000080033aa                HAL_TIM_IRQHandler
 .text.HAL_TIM_OC_DelayElapsedCallback
                0x00000000080035ba       0x12 Drivers/STM32F1xx_HAL_Driver/Src/stm32f1xx_hal_tim.o
                0x00000000080035ba                HAL_TIM_OC_DelayElapsedCallback
 .text.HAL_TIM_IC_CaptureCallback
                0x00000000080035cc       0x12 Drivers/STM32F1xx_HAL_Driver/Src/stm32f1xx_hal_tim.o
                0x00000000080035cc                HAL_TIM_IC_CaptureCallback
 .text.HAL_TIM_PWM_PulseFinishedCallback
                0x00000000080035de       0x12 Drivers/STM32F1xx_HAL_Driver/Src/stm32f1xx_hal_tim.o
                0x00000000080035de                HAL_TIM_PWM_PulseFinishedCallback
 .text.HAL_TIM_TriggerCallback
                0x00000000080035f0       0x12 Drivers/STM32F1xx_HAL_Driver/Src/stm32f1xx_hal_tim.o
                0x00000000080035f0                HAL_TIM_TriggerCallback
 *fill*         0x0000000008003602        0x2 
 .text.TIM_Base_SetConfig
                0x0000000008003604       0xc4 Drivers/STM32F1xx_HAL_Driver/Src/stm32f1xx_hal_tim.o
                0x0000000008003604                TIM_Base_SetConfig
 .text.HAL_TIMEx_CommutCallback
                0x00000000080036c8       0x12 Drivers/STM32F1xx_HAL_Driver/Src/stm32f1xx_hal_tim_ex.o
                0x00000000080036c8                HAL_TIMEx_CommutCallback
 .text.HAL_TIMEx_BreakCallback
                0x00000000080036da       0x12 Drivers/STM32F1xx_HAL_Driver/Src/stm32f1xx_hal_tim_ex.o
                0x00000000080036da                HAL_TIMEx_BreakCallback
 .text.HAL_UART_Init
                0x00000000080036ec       0x9a Drivers/STM32F1xx_HAL_Driver/Src/stm32f1xx_hal_uart.o
                0x00000000080036ec                HAL_UART_Init
 .text.HAL_UART_Transmit
                0x0000000008003786      0x132 Drivers/STM32F1xx_HAL_Driver/Src/stm32f1xx_hal_uart.o
                0x0000000008003786                HAL_UART_Transmit
 .text.UART_WaitOnFlagUntilTimeout
                0x00000000080038b8       0x94 Drivers/STM32F1xx_HAL_Driver/Src/stm32f1xx_hal_uart.o
 .text.UART_SetConfig
                0x000000000800394c      0x1b4 Drivers/STM32F1xx_HAL_Driver/Src/stm32f1xx_hal_uart.o
 .text.makeFreeRtosPriority
                0x0000000008003b00       0x2e Middlewares/Third_Party/FreeRTOS/Source/CMSIS_RTOS/cmsis_os.o
 .text.inHandlerMode
                0x0000000008003b2e       0x22 Middlewares/Third_Party/FreeRTOS/Source/CMSIS_RTOS/cmsis_os.o
 .text.osKernelStart
                0x0000000008003b50        0xe Middlewares/Third_Party/FreeRTOS/Source/CMSIS_RTOS/cmsis_os.o
                0x0000000008003b50                osKernelStart
 .text.osThreadCreate
                0x0000000008003b5e       0x98 Middlewares/Third_Party/FreeRTOS/Source/CMSIS_RTOS/cmsis_os.o
                0x0000000008003b5e                osThreadCreate
 .text.osDelay  0x0000000008003bf6       0x28 Middlewares/Third_Party/FreeRTOS/Source/CMSIS_RTOS/cmsis_os.o
                0x0000000008003bf6                osDelay
 *fill*         0x0000000008003c1e        0x2 
 .text.osTimerCreate
                0x0000000008003c20       0x68 Middlewares/Third_Party/FreeRTOS/Source/CMSIS_RTOS/cmsis_os.o
                0x0000000008003c20                osTimerCreate
 .text.osTimerStart
                0x0000000008003c88       0x8c Middlewares/Third_Party/FreeRTOS/Source/CMSIS_RTOS/cmsis_os.o
                0x0000000008003c88                osTimerStart
 .text.osMutexCreate
                0x0000000008003d14       0x30 Middlewares/Third_Party/FreeRTOS/Source/CMSIS_RTOS/cmsis_os.o
                0x0000000008003d14                osMutexCreate
 .text.osPoolCreate
                0x0000000008003d44       0xba Middlewares/Third_Party/FreeRTOS/Source/CMSIS_RTOS/cmsis_os.o
                0x0000000008003d44                osPoolCreate
 .text.osPoolAlloc
                0x0000000008003dfe       0xc4 Middlewares/Third_Party/FreeRTOS/Source/CMSIS_RTOS/cmsis_os.o
                0x0000000008003dfe                osPoolAlloc
 .text.osPoolFree
                0x0000000008003ec2       0x80 Middlewares/Third_Party/FreeRTOS/Source/CMSIS_RTOS/cmsis_os.o
                0x0000000008003ec2                osPoolFree
 .text.osMessageCreate
                0x0000000008003f42       0x52 Middlewares/Third_Party/FreeRTOS/Source/CMSIS_RTOS/cmsis_os.o
                0x0000000008003f42                osMessageCreate
 .text.osMessagePut
                0x0000000008003f94       0x80 Middlewares/Third_Party/FreeRTOS/Source/CMSIS_RTOS/cmsis_os.o
                0x0000000008003f94                osMessagePut
 .text.osMessageGet
                0x0000000008004014       0xe8 Middlewares/Third_Party/FreeRTOS/Source/CMSIS_RTOS/cmsis_os.o
                0x0000000008004014                osMessageGet
 .text.vListInitialise
                0x00000000080040fc       0x3e Middlewares/Third_Party/FreeRTOS/Source/list.o
                0x00000000080040fc                vListInitialise
 .text.vListInitialiseItem
                0x000000000800413a       0x18 Middlewares/Third_Party/FreeRTOS/Source/list.o
                0x000000000800413a                vListInitialiseItem
 .text.vListInsertEnd
                0x0000000008004152       0x46 Middlewares/Third_Party/FreeRTOS/Source/list.o
                0x0000000008004152                vListInsertEnd
 .text.vListInsert
                0x0000000008004198       0x70 Middlewares/Third_Party/FreeRTOS/Source/list.o
                0x0000000008004198                vListInsert
 .text.uxListRemove
                0x0000000008004208       0x52 Middlewares/Third_Party/FreeRTOS/Source/list.o
                0x0000000008004208                uxListRemove
 *fill*         0x000000000800425a        0x2 
 .text.xQueueGenericReset
                0x000000000800425c       0xd0 Middlewares/Third_Party/FreeRTOS/Source/queue.o
                0x000000000800425c                xQueueGenericReset
 .text.xQueueGenericCreateStatic
                0x000000000800432c       0xe4 Middlewares/Third_Party/FreeRTOS/Source/queue.o
                0x000000000800432c                xQueueGenericCreateStatic
 .text.xQueueGenericCreate
                0x0000000008004410       0x7a Middlewares/Third_Party/FreeRTOS/Source/queue.o
                0x0000000008004410                xQueueGenericCreate
 .text.prvInitialiseNewQueue
                0x000000000800448a       0x3e Middlewares/Third_Party/FreeRTOS/Source/queue.o
 .text.prvInitialiseMutex
                0x00000000080044c8       0x34 Middlewares/Third_Party/FreeRTOS/Source/queue.o
 .text.xQueueCreateMutex
                0x00000000080044fc       0x30 Middlewares/Third_Party/FreeRTOS/Source/queue.o
                0x00000000080044fc                xQueueCreateMutex
 .text.xQueueCreateMutexStatic
                0x000000000800452c       0x36 Middlewares/Third_Party/FreeRTOS/Source/queue.o
                0x000000000800452c                xQueueCreateMutexStatic
 *fill*         0x0000000008004562        0x2 
 .text.xQueueGenericSend
                0x0000000008004564      0x1f4 Middlewares/Third_Party/FreeRTOS/Source/queue.o
                0x0000000008004564                xQueueGenericSend
 .text.xQueueGenericSendFromISR
                0x0000000008004758      0x128 Middlewares/Third_Party/FreeRTOS/Source/queue.o
                0x0000000008004758                xQueueGenericSendFromISR
 .text.xQueueReceive
                0x0000000008004880      0x1b8 Middlewares/Third_Party/FreeRTOS/Source/queue.o
                0x0000000008004880                xQueueReceive
 .text.xQueueSemaphoreTake
                0x0000000008004a38      0x210 Middlewares/Third_Party/FreeRTOS/Source/queue.o
                0x0000000008004a38                xQueueSemaphoreTake
 .text.xQueueReceiveFromISR
                0x0000000008004c48       0xfa Middlewares/Third_Party/FreeRTOS/Source/queue.o
                0x0000000008004c48                xQueueReceiveFromISR
 .text.prvGetDisinheritPriorityAfterTimeout
                0x0000000008004d42       0x2e Middlewares/Third_Party/FreeRTOS/Source/queue.o
 .text.prvCopyDataToQueue
                0x0000000008004d70       0xd4 Middlewares/Third_Party/FreeRTOS/Source/queue.o
 .text.prvCopyDataFromQueue
                0x0000000008004e44       0x4c Middlewares/Third_Party/FreeRTOS/Source/queue.o
 .text.prvUnlockQueue
                0x0000000008004e90       0xa4 Middlewares/Third_Party/FreeRTOS/Source/queue.o
 .text.prvIsQueueEmpty
                0x0000000008004f34       0x2c Middlewares/Third_Party/FreeRTOS/Source/queue.o
 .text.prvIsQueueFull
                0x0000000008004f60       0x30 Middlewares/Third_Party/FreeRTOS/Source/queue.o
 .text.vQueueAddToRegistry
                0x0000000008004f90       0x50 Middlewares/Third_Party/FreeRTOS/Source/queue.o
                0x0000000008004f90                vQueueAddToRegistry
 .text.vQueueWaitForMessageRestricted
                0x0000000008004fe0       0x68 Middlewares/Third_Party/FreeRTOS/Source/queue.o
                0x0000000008004fe0                vQueueWaitForMessageRestricted
 .text.xTaskCreateStatic
                0x0000000008005048       0xb2 Middlewares/Third_Party/FreeRTOS/Source/tasks.o
                0x0000000008005048                xTaskCreateStatic
 .text.xTaskCreate
                0x00000000080050fa       0x8a Middlewares/Third_Party/FreeRTOS/Source/tasks.o
                0x00000000080050fa                xTaskCreate
 .text.prvInitialiseNewTask
                0x0000000008005184       0xfc Middlewares/Third_Party/FreeRTOS/Source/tasks.o
 .text.prvAddNewTaskToReadyList
                0x0000000008005280       0xd4 Middlewares/Third_Party/FreeRTOS/Source/tasks.o
 .text.vTaskDelay
                0x0000000008005354       0x68 Middlewares/Third_Party/FreeRTOS/Source/tasks.o
                0x0000000008005354                vTaskDelay
 .text.vTaskStartScheduler
                0x00000000080053bc       0xc8 Middlewares/Third_Party/FreeRTOS/Source/tasks.o
                0x00000000080053bc                vTaskStartScheduler
 .text.vTaskSuspendAll
                0x0000000008005484       0x1c Middlewares/Third_Party/FreeRTOS/Source/tasks.o
                0x0000000008005484                vTaskSuspendAll
 .text.xTaskResumeAll
                0x00000000080054a0      0x138 Middlewares/Third_Party/FreeRTOS/Source/tasks.o
                0x00000000080054a0                xTaskResumeAll
 .text.xTaskGetTickCount
                0x00000000080055d8       0x1c Middlewares/Third_Party/FreeRTOS/Source/tasks.o
                0x00000000080055d8                xTaskGetTickCount
 .text.xTaskIncrementTick
                0x00000000080055f4      0x178 Middlewares/Third_Party/FreeRTOS/Source/tasks.o
                0x00000000080055f4                xTaskIncrementTick
 .text.vTaskSwitchContext
                0x000000000800576c       0xd4 Middlewares/Third_Party/FreeRTOS/Source/tasks.o
                0x000000000800576c                vTaskSwitchContext
 .text.vTaskPlaceOnEventList
                0x0000000008005840       0x48 Middlewares/Third_Party/FreeRTOS/Source/tasks.o
                0x0000000008005840                vTaskPlaceOnEventList
 .text.vTaskPlaceOnEventListRestricted
                0x0000000008005888       0x54 Middlewares/Third_Party/FreeRTOS/Source/tasks.o
                0x0000000008005888                vTaskPlaceOnEventListRestricted
 .text.xTaskRemoveFromEventList
                0x00000000080058dc       0xc4 Middlewares/Third_Party/FreeRTOS/Source/tasks.o
                0x00000000080058dc                xTaskRemoveFromEventList
 .text.vTaskInternalSetTimeOutState
                0x00000000080059a0       0x2c Middlewares/Third_Party/FreeRTOS/Source/tasks.o
                0x00000000080059a0                vTaskInternalSetTimeOutState
 .text.xTaskCheckForTimeOut
                0x00000000080059cc       0xc0 Middlewares/Third_Party/FreeRTOS/Source/tasks.o
                0x00000000080059cc                xTaskCheckForTimeOut
 .text.vTaskMissedYield
                0x0000000008005a8c       0x18 Middlewares/Third_Party/FreeRTOS/Source/tasks.o
                0x0000000008005a8c                vTaskMissedYield
 .text.prvIdleTask
                0x0000000008005aa4       0x30 Middlewares/Third_Party/FreeRTOS/Source/tasks.o
 .text.prvInitialiseTaskLists
                0x0000000008005ad4       0x80 Middlewares/Third_Party/FreeRTOS/Source/tasks.o
 .text.prvCheckTasksWaitingTermination
                0x0000000008005b54       0x58 Middlewares/Third_Party/FreeRTOS/Source/tasks.o
 .text.prvDeleteTCB
                0x0000000008005bac       0x5c Middlewares/Third_Party/FreeRTOS/Source/tasks.o
 .text.prvResetNextTaskUnblockTime
                0x0000000008005c08       0x48 Middlewares/Third_Party/FreeRTOS/Source/tasks.o
 .text.xTaskGetSchedulerState
                0x0000000008005c50       0x3c Middlewares/Third_Party/FreeRTOS/Source/tasks.o
                0x0000000008005c50                xTaskGetSchedulerState
 .text.xTaskPriorityInherit
                0x0000000008005c8c      0x10c Middlewares/Third_Party/FreeRTOS/Source/tasks.o
                0x0000000008005c8c                xTaskPriorityInherit
 .text.xTaskPriorityDisinherit
                0x0000000008005d98      0x108 Middlewares/Third_Party/FreeRTOS/Source/tasks.o
                0x0000000008005d98                xTaskPriorityDisinherit
 .text.vTaskPriorityDisinheritAfterTimeout
                0x0000000008005ea0      0x13c Middlewares/Third_Party/FreeRTOS/Source/tasks.o
                0x0000000008005ea0                vTaskPriorityDisinheritAfterTimeout
 .text.pvTaskIncrementMutexHeldCount
                0x0000000008005fdc       0x28 Middlewares/Third_Party/FreeRTOS/Source/tasks.o
                0x0000000008005fdc                pvTaskIncrementMutexHeldCount
 .text.prvAddCurrentTaskToDelayedList
                0x0000000008006004       0xcc Middlewares/Third_Party/FreeRTOS/Source/tasks.o
 .text.xTimerCreateTimerTask
                0x00000000080060d0       0x90 Middlewares/Third_Party/FreeRTOS/Source/timers.o
                0x00000000080060d0                xTimerCreateTimerTask
 .text.xTimerCreate
                0x0000000008006160       0x42 Middlewares/Third_Party/FreeRTOS/Source/timers.o
                0x0000000008006160                xTimerCreate
 .text.xTimerCreateStatic
                0x00000000080061a2       0x76 Middlewares/Third_Party/FreeRTOS/Source/timers.o
                0x00000000080061a2                xTimerCreateStatic
 .text.prvInitialiseNewTimer
                0x0000000008006218       0x62 Middlewares/Third_Party/FreeRTOS/Source/timers.o
 *fill*         0x000000000800627a        0x2 
 .text.xTimerGenericCommand
                0x000000000800627c       0x98 Middlewares/Third_Party/FreeRTOS/Source/timers.o
                0x000000000800627c                xTimerGenericCommand
 .text.prvProcessExpiredTimer
                0x0000000008006314       0x80 Middlewares/Third_Party/FreeRTOS/Source/timers.o
 .text.prvTimerTask
                0x0000000008006394       0x24 Middlewares/Third_Party/FreeRTOS/Source/timers.o
 .text.prvProcessTimerOrBlockTask
                0x00000000080063b8       0x9c Middlewares/Third_Party/FreeRTOS/Source/timers.o
 .text.prvGetNextExpireTime
                0x0000000008006454       0x48 Middlewares/Third_Party/FreeRTOS/Source/timers.o
 .text.prvSampleTimeNow
                0x000000000800649c       0x40 Middlewares/Third_Party/FreeRTOS/Source/timers.o
 .text.prvInsertTimerInActiveList
                0x00000000080064dc       0x84 Middlewares/Third_Party/FreeRTOS/Source/timers.o
 .text.prvProcessReceivedCommands
                0x0000000008006560      0x12c Middlewares/Third_Party/FreeRTOS/Source/timers.o
 .text.prvSwitchTimerLists
                0x000000000800668c       0xc0 Middlewares/Third_Party/FreeRTOS/Source/timers.o
 .text.prvCheckForValidListAndQueue
                0x000000000800674c       0x80 Middlewares/Third_Party/FreeRTOS/Source/timers.o
 .text.pxPortInitialiseStack
                0x00000000080067cc       0x58 Middlewares/Third_Party/FreeRTOS/Source/portable/GCC/ARM_CM3/port.o
                0x00000000080067cc                pxPortInitialiseStack
 .text.prvTaskExitError
                0x0000000008006824       0x50 Middlewares/Third_Party/FreeRTOS/Source/portable/GCC/ARM_CM3/port.o
 *fill*         0x0000000008006874        0xc 
 .text.SVC_Handler
                0x0000000008006880       0x28 Middlewares/Third_Party/FreeRTOS/Source/portable/GCC/ARM_CM3/port.o
                0x0000000008006880                SVC_Handler
 .text.prvPortStartFirstTask
                0x00000000080068a8       0x20 Middlewares/Third_Party/FreeRTOS/Source/portable/GCC/ARM_CM3/port.o
 .text.xPortStartScheduler
                0x00000000080068c8       0xe0 Middlewares/Third_Party/FreeRTOS/Source/portable/GCC/ARM_CM3/port.o
                0x00000000080068c8                xPortStartScheduler
 .text.vPortEnterCritical
                0x00000000080069a8       0x5c Middlewares/Third_Party/FreeRTOS/Source/portable/GCC/ARM_CM3/port.o
                0x00000000080069a8                vPortEnterCritical
 .text.vPortExitCritical
                0x0000000008006a04       0x4c Middlewares/Third_Party/FreeRTOS/Source/portable/GCC/ARM_CM3/port.o
                0x0000000008006a04                vPortExitCritical
 .text.PendSV_Handler
                0x0000000008006a50       0x48 Middlewares/Third_Party/FreeRTOS/Source/portable/GCC/ARM_CM3/port.o
                0x0000000008006a50                PendSV_Handler
 .text.SysTick_Handler
                0x0000000008006a98       0x40 Middlewares/Third_Party/FreeRTOS/Source/portable/GCC/ARM_CM3/port.o
                0x0000000008006a98                SysTick_Handler
 .text.vPortSetupTimerInterrupt
                0x0000000008006ad8       0x44 Middlewares/Third_Party/FreeRTOS/Source/portable/GCC/ARM_CM3/port.o
                0x0000000008006ad8                vPortSetupTimerInterrupt
 .text.vPortValidateInterruptPriority
                0x0000000008006b1c       0x78 Middlewares/Third_Party/FreeRTOS/Source/portable/GCC/ARM_CM3/port.o
                0x0000000008006b1c                vPortValidateInterruptPriority
 .text.pvPortMalloc
                0x0000000008006b94      0x18c Middlewares/Third_Party/FreeRTOS/Source/portable/MemMang/heap_4.o
                0x0000000008006b94                pvPortMalloc
 .text.vPortFree
                0x0000000008006d20       0xb0 Middlewares/Third_Party/FreeRTOS/Source/portable/MemMang/heap_4.o
                0x0000000008006d20                vPortFree
 .text.prvHeapInit
                0x0000000008006dd0       0xc4 Middlewares/Third_Party/FreeRTOS/Source/portable/MemMang/heap_4.o
 .text.prvInsertBlockIntoFreeList
                0x0000000008006e94       0xb0 Middlewares/Third_Party/FreeRTOS/Source/portable/MemMang/heap_4.o
 .text.__errno  0x0000000008006f44        0xc c:/st/stm32cubeide_1.3.0/stm32cubeide/plugins/com.st.stm32cube.ide.mcu.externaltools.gnu-tools-for-stm32.7-2018-q2-update.win32_1.0.0.201904181610/tools/bin/../lib/gcc/arm-none-eabi/7.3.1/../../../../arm-none-eabi/lib/thumb/v7-m\libc_nano.a(lib_a-errno.o)
                0x0000000008006f44                __errno
 .text.__libc_init_array
                0x0000000008006f50       0x48 c:/st/stm32cubeide_1.3.0/stm32cubeide/plugins/com.st.stm32cube.ide.mcu.externaltools.gnu-tools-for-stm32.7-2018-q2-update.win32_1.0.0.201904181610/tools/bin/../lib/gcc/arm-none-eabi/7.3.1/../../../../arm-none-eabi/lib/thumb/v7-m\libc_nano.a(lib_a-init.o)
                0x0000000008006f50                __libc_init_array
 .text.memcpy   0x0000000008006f98       0x16 c:/st/stm32cubeide_1.3.0/stm32cubeide/plugins/com.st.stm32cube.ide.mcu.externaltools.gnu-tools-for-stm32.7-2018-q2-update.win32_1.0.0.201904181610/tools/bin/../lib/gcc/arm-none-eabi/7.3.1/../../../../arm-none-eabi/lib/thumb/v7-m\libc_nano.a(lib_a-memcpy-stub.o)
                0x0000000008006f98                memcpy
 .text.memset   0x0000000008006fae       0x10 c:/st/stm32cubeide_1.3.0/stm32cubeide/plugins/com.st.stm32cube.ide.mcu.externaltools.gnu-tools-for-stm32.7-2018-q2-update.win32_1.0.0.201904181610/tools/bin/../lib/gcc/arm-none-eabi/7.3.1/../../../../arm-none-eabi/lib/thumb/v7-m\libc_nano.a(lib_a-memset.o)
                0x0000000008006fae                memset
 *fill*         0x0000000008006fbe        0x2 
 .text.snprintf
                0x0000000008006fc0       0x68 c:/st/stm32cubeide_1.3.0/stm32cubeide/plugins/com.st.stm32cube.ide.mcu.externaltools.gnu-tools-for-stm32.7-2018-q2-update.win32_1.0.0.201904181610/tools/bin/../lib/gcc/arm-none-eabi/7.3.1/../../../../arm-none-eabi/lib/thumb/v7-m\libc_nano.a(lib_a-snprintf.o)
                0x0000000008006fc0                sniprintf
                0x0000000008006fc0                snprintf
 .text.sprintf  0x0000000008007028       0x40 c:/st/stm32cubeide_1.3.0/stm32cubeide/plugins/com.st.stm32cube.ide.mcu.externaltools.gnu-tools-for-stm32.7-2018-q2-update.win32_1.0.0.201904181610/tools/bin/../lib/gcc/arm-none-eabi/7.3.1/../../../../arm-none-eabi/lib/thumb/v7-m\libc_nano.a(lib_a-sprintf.o)
                0x0000000008007028                siprintf
                0x0000000008007028                sprintf
 .text.__ssputs_r
                0x0000000008007068       0xb4 c:/st/stm32cubeide_1.3.0/stm32cubeide/plugins/com.st.stm32cube.ide.mcu.externaltools.gnu-tools-for-stm32.7-2018-q2-update.win32_1.0.0.201904181610/tools/bin/../lib/gcc/arm-none-eabi/7.3.1/../../../../arm-none-eabi/lib/thumb/v7-m\libc_nano.a(lib_a-nano-svfprintf.o)
                0x0000000008007068                __ssputs_r
 .text._svfprintf_r
                0x000000000800711c      0x1f0 c:/st/stm32cubeide_1.3.0/stm32cubeide/plugins/com.st.stm32cube.ide.mcu.externaltools.gnu-tools-for-stm32.7-2018-q2-update.win32_1.0.0.201904181610/tools/bin/../lib/gcc/arm-none-eabi/7.3.1/../../../../arm-none-eabi/lib/thumb/v7-m\libc_nano.a(lib_a-nano-svfprintf.o)
                0x000000000800711c                _svfiprintf_r
                0x000000000800711c                _svfprintf_r
 .text._printf_common
                0x000000000800730c       0xec c:/st/stm32cubeide_1.3.0/stm32cubeide/plugins/com.st.stm32cube.ide.mcu.externaltools.gnu-tools-for-stm32.7-2018-q2-update.win32_1.0.0.201904181610/tools/bin/../lib/gcc/arm-none-eabi/7.3.1/../../../../arm-none-eabi/lib/thumb/v7-m\libc_nano.a(lib_a-nano-vfprintf_i.o)
                0x000000000800730c                _printf_common
 .text._printf_i
                0x00000000080073f8      0x224 c:/st/stm32cubeide_1.3.0/stm32cubeide/plugins/com.st.stm32cube.ide.mcu.externaltools.gnu-tools-for-stm32.7-2018-q2-update.win32_1.0.0.201904181610/tools/bin/../lib/gcc/arm-none-eabi/7.3.1/../../../../arm-none-eabi/lib/thumb/v7-m\libc_nano.a(lib_a-nano-vfprintf_i.o)
                0x00000000080073f8                _printf_i
 .text.memchr   0x000000000800761c       0x1c c:/st/stm32cubeide_1.3.0/stm32cubeide/plugins/com.st.stm32cube.ide.mcu.externaltools.gnu-tools-for-stm32.7-2018-q2-update.win32_1.0.0.201904181610/tools/bin/../lib/gcc/arm-none-eabi/7.3.1/../../../../arm-none-eabi/lib/thumb/v7-m\libc_nano.a(lib_a-memchr-stub.o)
                0x000000000800761c                memchr
 .text.memmove  0x0000000008007638       0x32 c:/st/stm32cubeide_1.3.0/stm32cubeide/plugins/com.st.stm32cube.ide.mcu.externaltools.gnu-tools-for-stm32.7-2018-q2-update.win32_1.0.0.201904181610/tools/bin/../lib/gcc/arm-none-eabi/7.3.1/../../../../arm-none-eabi/lib/thumb/v7-m\libc_nano.a(lib_a-memmove.o)
                0x0000000008007638                memmove
 *fill*         0x000000000800766a        0x2 
 .text._free_r  0x000000000800766c       0x98 c:/st/stm32cubeide_1.3.0/stm32cubeide/plugins/com.st.stm32cube.ide.mcu.externaltools.gnu-tools-for-stm32.7-2018-q2-update.win32_1.0.0.201904181610/tools/bin/../lib/gcc/arm-none-eabi/7.3.1/../../../../arm-none-eabi/lib/thumb/v7-m\libc_nano.a(lib_a-nano-freer.o)
                0x000000000800766c                _free_r
 .text._malloc_r
                0x0000000008007704       0xb4 c:/st/stm32cubeide_1.3.0/stm32cubeide/plugins/com.st.stm32cube.ide.mcu.externaltools.gnu-tools-for-stm32.7-2018-q2-update.win32_1.0.0.201904181610/tools/bin/../lib/gcc/arm-none-eabi/7.3.1/../../../../arm-none-eabi/lib/thumb/v7-m\libc_nano.a(lib_a-nano-mallocr.o)
                0x0000000008007704                _malloc_r
 .text._realloc_r
                0x00000000080077b8       0x4c c:/st/stm32cubeide_1.3.0/stm32cubeide/plugins/com.st.stm32cube.ide.mcu.externaltools.gnu-tools-for-stm32.7-2018-q2-update.win32_1.0.0.201904181610/tools/bin/../lib/gcc/arm-none-eabi/7.3.1/../../../../arm-none-eabi/lib/thumb/v7-m\libc_nano.a(lib_a-nano-reallocr.o)
                0x00000000080077b8                _realloc_r
 .text._sbrk_r  0x0000000008007804       0x20 c:/st/stm32cubeide_1.3.0/stm32cubeide/plugins/com.st.stm32cube.ide.mcu.externaltools.gnu-tools-for-stm32.7-2018-q2-update.win32_1.0.0.201904181610/tools/bin/../lib/gcc/arm-none-eabi/7.3.1/../../../../arm-none-eabi/lib/thumb/v7-m\libc_nano.a(lib_a-sbrkr.o)
                0x0000000008007804                _sbrk_r
 .text.__malloc_lock
                0x0000000008007824        0x2 c:/st/stm32cubeide_1.3.0/stm32cubeide/plugins/com.st.stm32cube.ide.mcu.externaltools.gnu-tools-for-stm32.7-2018-q2-update.win32_1.0.0.201904181610/tools/bin/../lib/gcc/arm-none-eabi/7.3.1/../../../../arm-none-eabi/lib/thumb/v7-m\libc_nano.a(lib_a-mlock.o)
                0x0000000008007824                __malloc_lock
 .text.__malloc_unlock
                0x0000000008007826        0x2 c:/st/stm32cubeide_1.3.0/stm32cubeide/plugins/com.st.stm32cube.ide.mcu.externaltools.gnu-tools-for-stm32.7-2018-q2-update.win32_1.0.0.201904181610/tools/bin/../lib/gcc/arm-none-eabi/7.3.1/../../../../arm-none-eabi/lib/thumb/v7-m\libc_nano.a(lib_a-mlock.o)
                0x0000000008007826                __malloc_unlock
 .text._malloc_usable_size_r
                0x0000000008007828       0x10 c:/st/stm32cubeide_1.3.0/stm32cubeide/plugins/com.st.stm32cube.ide.mcu.externaltools.gnu-tools-for-stm32.7-2018-q2-update.win32_1.0.0.201904181610/tools/bin/../lib/gcc/arm-none-eabi/7.3.1/../../../../arm-none-eabi/lib/thumb/v7-m\libc_nano.a(lib_a-nano-msizer.o)
                0x0000000008007828                _malloc_usable_size_r
 *(.glue_7)
 .glue_7        0x0000000008007838        0x0 linker stubs
 *(.glue_7t)
 .glue_7t       0x0000000008007838        0x0 linker stubs
 *(.eh_frame)
 .eh_frame      0x0000000008007838        0x0 c:/st/stm32cubeide_1.3.0/stm32cubeide/plugins/com.st.stm32cube.ide.mcu.externaltools.gnu-tools-for-stm32.7-2018-q2-update.win32_1.0.0.201904181610/tools/bin/../lib/gcc/arm-none-eabi/7.3.1/thumb/v7-m/crtbegin.o
 *(.init)
 .init          0x0000000008007838        0x4 c:/st/stm32cubeide_1.3.0/stm32cubeide/plugins/com.st.stm32cube.ide.mcu.externaltools.gnu-tools-for-stm32.7-2018-q2-update.win32_1.0.0.201904181610/tools/bin/../lib/gcc/arm-none-eabi/7.3.1/thumb/v7-m/crti.o
                0x0000000008007838                _init
 .init          0x000000000800783c        0x8 c:/st/stm32cubeide_1.3.0/stm32cubeide/plugins/com.st.stm32cube.ide.mcu.externaltools.gnu-tools-for-stm32.7-2018-q2-update.win32_1.0.0.201904181610/tools/bin/../lib/gcc/arm-none-eabi/7.3.1/thumb/v7-m/crtn.o
 *(.fini)
 .fini          0x0000000008007844        0x4 c:/st/stm32cubeide_1.3.0/stm32cubeide/plugins/com.st.stm32cube.ide.mcu.externaltools.gnu-tools-for-stm32.7-2018-q2-update.win32_1.0.0.201904181610/tools/bin/../lib/gcc/arm-none-eabi/7.3.1/thumb/v7-m/crti.o
                0x0000000008007844                _fini
 .fini          0x0000000008007848        0x8 c:/st/stm32cubeide_1.3.0/stm32cubeide/plugins/com.st.stm32cube.ide.mcu.externaltools.gnu-tools-for-stm32.7-2018-q2-update.win32_1.0.0.201904181610/tools/bin/../lib/gcc/arm-none-eabi/7.3.1/thumb/v7-m/crtn.o
                0x0000000008007850                . = ALIGN (0x4)
                0x0000000008007850                _etext = .

.vfp11_veneer   0x0000000008007850        0x0
 .vfp11_veneer  0x0000000008007850        0x0 linker stubs

.v4_bx          0x0000000008007850        0x0
 .v4_bx         0x0000000008007850        0x0 linker stubs

.iplt           0x0000000008007850        0x0
 .iplt          0x0000000008007850        0x0 c:/st/stm32cubeide_1.3.0/stm32cubeide/plugins/com.st.stm32cube.ide.mcu.externaltools.gnu-tools-for-stm32.7-2018-q2-update.win32_1.0.0.201904181610/tools/bin/../lib/gcc/arm-none-eabi/7.3.1/thumb/v7-m/crtbegin.o

.rodata         0x0000000008007850      0x210
                0x0000000008007850                . = ALIGN (0x4)
 *(.rodata)
 .rodata        0x0000000008007850      0x163 Core/Src/main.o
 *fill*         0x00000000080079b3        0x1 
 .rodata        0x00000000080079b4        0x9 Core/Src/meteo_home.o
 *fill*         0x00000000080079bd        0x3 
 .rodata        0x00000000080079c0       0x12 Drivers/STM32F1xx_HAL_Driver/Src/stm32f1xx_hal_rcc.o
 *fill*         0x00000000080079d2        0x2 
 .rodata        0x00000000080079d4        0x1 Middlewares/Third_Party/FreeRTOS/Source/CMSIS_RTOS/cmsis_os.o
 *fill*         0x00000000080079d5        0x3 
 .rodata        0x00000000080079d8        0x5 Middlewares/Third_Party/FreeRTOS/Source/tasks.o
 *fill*         0x00000000080079dd        0x3 
 .rodata        0x00000000080079e0        0xd Middlewares/Third_Party/FreeRTOS/Source/timers.o
 *(.rodata*)
 *fill*         0x00000000080079ed        0x3 
 .rodata.os_pool_def_pipe_pool
                0x00000000080079f0        0xc Core/Src/main.o
                0x00000000080079f0                os_pool_def_pipe_pool
 .rodata.child_pipe_enable
                0x00000000080079fc        0x6 Core/Src/nrf24l01.o
 *fill*         0x0000000008007a02        0x2 
 .rodata.child_pipe
                0x0000000008007a04        0x6 Core/Src/nrf24l01.o
 *fill*         0x0000000008007a0a        0x2 
 .rodata.child_payload_size
                0x0000000008007a0c        0x6 Core/Src/nrf24l01.o
 *fill*         0x0000000008007a12        0x2 
 .rodata.AHBPrescTable
                0x0000000008007a14       0x10 Core/Src/system_stm32f1xx.o
                0x0000000008007a14                AHBPrescTable
 .rodata.APBPrescTable
                0x0000000008007a24        0x8 Core/Src/system_stm32f1xx.o
                0x0000000008007a24                APBPrescTable
 .rodata._svfprintf_r.str1.1
                0x0000000008007a2c       0x11 c:/st/stm32cubeide_1.3.0/stm32cubeide/plugins/com.st.stm32cube.ide.mcu.externaltools.gnu-tools-for-stm32.7-2018-q2-update.win32_1.0.0.201904181610/tools/bin/../lib/gcc/arm-none-eabi/7.3.1/../../../../arm-none-eabi/lib/thumb/v7-m\libc_nano.a(lib_a-nano-svfprintf.o)
 .rodata._printf_i.str1.1
                0x0000000008007a3d       0x22 c:/st/stm32cubeide_1.3.0/stm32cubeide/plugins/com.st.stm32cube.ide.mcu.externaltools.gnu-tools-for-stm32.7-2018-q2-update.win32_1.0.0.201904181610/tools/bin/../lib/gcc/arm-none-eabi/7.3.1/../../../../arm-none-eabi/lib/thumb/v7-m\libc_nano.a(lib_a-nano-vfprintf_i.o)
                0x0000000008007a60                . = ALIGN (0x4)
 *fill*         0x0000000008007a5f        0x1 

.rel.dyn        0x0000000008007a60        0x0
 .rel.iplt      0x0000000008007a60        0x0 c:/st/stm32cubeide_1.3.0/stm32cubeide/plugins/com.st.stm32cube.ide.mcu.externaltools.gnu-tools-for-stm32.7-2018-q2-update.win32_1.0.0.201904181610/tools/bin/../lib/gcc/arm-none-eabi/7.3.1/thumb/v7-m/crtbegin.o

.ARM.extab      0x0000000008007a60        0x0
                0x0000000008007a60                . = ALIGN (0x4)
 *(.ARM.extab* .gnu.linkonce.armextab.*)
                0x0000000008007a60                . = ALIGN (0x4)

.ARM            0x0000000008007a60        0x0
                0x0000000008007a60                . = ALIGN (0x4)
                0x0000000008007a60                __exidx_start = .
 *(.ARM.exidx*)
                0x0000000008007a60                __exidx_end = .
                0x0000000008007a60                . = ALIGN (0x4)

.preinit_array  0x0000000008007a60        0x0
                0x0000000008007a60                . = ALIGN (0x4)
                0x0000000008007a60                PROVIDE (__preinit_array_start = .)
 *(.preinit_array*)
                0x0000000008007a60                PROVIDE (__preinit_array_end = .)
                0x0000000008007a60                . = ALIGN (0x4)

.init_array     0x0000000008007a60        0x4
                0x0000000008007a60                . = ALIGN (0x4)
                0x0000000008007a60                PROVIDE (__init_array_start = .)
 *(SORT_BY_NAME(.init_array.*))
 *(.init_array*)
 .init_array    0x0000000008007a60        0x4 c:/st/stm32cubeide_1.3.0/stm32cubeide/plugins/com.st.stm32cube.ide.mcu.externaltools.gnu-tools-for-stm32.7-2018-q2-update.win32_1.0.0.201904181610/tools/bin/../lib/gcc/arm-none-eabi/7.3.1/thumb/v7-m/crtbegin.o
                0x0000000008007a64                PROVIDE (__init_array_end = .)
                0x0000000008007a64                . = ALIGN (0x4)

.fini_array     0x0000000008007a64        0x4
                0x0000000008007a64                . = ALIGN (0x4)
                [!provide]                        PROVIDE (__fini_array_start = .)
 *(SORT_BY_NAME(.fini_array.*))
 *(.fini_array*)
 .fini_array    0x0000000008007a64        0x4 c:/st/stm32cubeide_1.3.0/stm32cubeide/plugins/com.st.stm32cube.ide.mcu.externaltools.gnu-tools-for-stm32.7-2018-q2-update.win32_1.0.0.201904181610/tools/bin/../lib/gcc/arm-none-eabi/7.3.1/thumb/v7-m/crtbegin.o
                [!provide]                        PROVIDE (__fini_array_end = .)
                0x0000000008007a68                . = ALIGN (0x4)
                0x0000000008007a68                _sidata = LOADADDR (.data)

.data           0x0000000020000000       0x74 load address 0x0000000008007a68
                0x0000000020000000                . = ALIGN (0x4)
                0x0000000020000000                _sdata = .
 *(.data)
 *(.data*)
 .data.SystemCoreClock
                0x0000000020000000        0x4 Core/Src/system_stm32f1xx.o
                0x0000000020000000                SystemCoreClock
 .data.uwTickPrio
                0x0000000020000004        0x4 Drivers/STM32F1xx_HAL_Driver/Src/stm32f1xx_hal.o
                0x0000000020000004                uwTickPrio
 .data.uwTickFreq
                0x0000000020000008        0x1 Drivers/STM32F1xx_HAL_Driver/Src/stm32f1xx_hal.o
                0x0000000020000008                uwTickFreq
 *fill*         0x0000000020000009        0x3 
 .data.uxCriticalNesting
                0x000000002000000c        0x4 Middlewares/Third_Party/FreeRTOS/Source/portable/GCC/ARM_CM3/port.o
 .data._impure_ptr
                0x0000000020000010        0x4 c:/st/stm32cubeide_1.3.0/stm32cubeide/plugins/com.st.stm32cube.ide.mcu.externaltools.gnu-tools-for-stm32.7-2018-q2-update.win32_1.0.0.201904181610/tools/bin/../lib/gcc/arm-none-eabi/7.3.1/../../../../arm-none-eabi/lib/thumb/v7-m\libc_nano.a(lib_a-impure.o)
                0x0000000020000010                _impure_ptr
 .data.impure_data
                0x0000000020000014       0x60 c:/st/stm32cubeide_1.3.0/stm32cubeide/plugins/com.st.stm32cube.ide.mcu.externaltools.gnu-tools-for-stm32.7-2018-q2-update.win32_1.0.0.201904181610/tools/bin/../lib/gcc/arm-none-eabi/7.3.1/../../../../arm-none-eabi/lib/thumb/v7-m\libc_nano.a(lib_a-impure.o)
                0x0000000020000074                . = ALIGN (0x4)
                0x0000000020000074                _edata = .

.igot.plt       0x0000000020000074        0x0 load address 0x0000000008007adc
 .igot.plt      0x0000000020000074        0x0 c:/st/stm32cubeide_1.3.0/stm32cubeide/plugins/com.st.stm32cube.ide.mcu.externaltools.gnu-tools-for-stm32.7-2018-q2-update.win32_1.0.0.201904181610/tools/bin/../lib/gcc/arm-none-eabi/7.3.1/thumb/v7-m/crtbegin.o
                0x0000000020000074                . = ALIGN (0x4)

.bss            0x0000000020000074     0x1638 load address 0x0000000008007adc
                0x0000000020000074                _sbss = .
                0x0000000020000074                __bss_start__ = _sbss
 *(.bss)
 .bss           0x0000000020000074       0x1c c:/st/stm32cubeide_1.3.0/stm32cubeide/plugins/com.st.stm32cube.ide.mcu.externaltools.gnu-tools-for-stm32.7-2018-q2-update.win32_1.0.0.201904181610/tools/bin/../lib/gcc/arm-none-eabi/7.3.1/thumb/v7-m/crtbegin.o
 *(.bss*)
 .bss.xIdleTaskTCBBuffer
                0x0000000020000090       0x54 Core/Src/freertos.o
 .bss.xIdleStack
                0x00000000200000e4      0x100 Core/Src/freertos.o
 .bss.xTimerTaskTCBBuffer
                0x00000000200001e4       0x54 Core/Src/freertos.o
 .bss.xTimerStack
                0x0000000020000238      0x200 Core/Src/freertos.o
 .bss.status.8961
                0x0000000020000438        0x1 Core/Src/main.o
 .bss.rx_ready.8960
                0x0000000020000439        0x1 Core/Src/main.o
 .bss.pipeNo.8962
                0x000000002000043a        0x1 Core/Src/main.o
 *fill*         0x000000002000043b        0x1 
 .bss.str.8975  0x000000002000043c       0x64 Core/Src/main.o
 .bss.event.8976
                0x00000000200004a0        0xc Core/Src/main.o
 .bss.strT.8977
                0x00000000200004ac        0x8 Core/Src/main.o
 .bss.strT.8984
                0x00000000200004b4        0x8 Core/Src/main.o
 .bss.str.8985  0x00000000200004bc       0x64 Core/Src/main.o
 .bss.event.8983
                0x0000000020000520        0xc Core/Src/main.o
 .bss.tim.8990  0x000000002000052c        0x4 Core/Src/main.o
 .bss.second.5945
                0x0000000020000530        0x1 Core/Src/meteo_home.o
 .bss.minute.5944
                0x0000000020000531        0x1 Core/Src/meteo_home.o
 .bss.hour.5943
                0x0000000020000532        0x1 Core/Src/meteo_home.o
 .bss.payload_size
                0x0000000020000533        0x1 Core/Src/nrf24l01.o
                0x0000000020000533                payload_size
 .bss.pipe0_reading_address
                0x0000000020000534        0x5 Core/Src/nrf24l01.o
                0x0000000020000534                pipe0_reading_address
 .bss.addr_width
                0x0000000020000539        0x1 Core/Src/nrf24l01.o
                0x0000000020000539                addr_width
 .bss.txDelay   0x000000002000053a        0x1 Core/Src/nrf24l01.o
                0x000000002000053a                txDelay
 *fill*         0x000000002000053b        0x1 
 .bss.heap_end.5149
                0x000000002000053c        0x4 Core/Src/sysmem.o
 .bss.pxCurrentTCB
                0x0000000020000540        0x4 Middlewares/Third_Party/FreeRTOS/Source/tasks.o
                0x0000000020000540                pxCurrentTCB
 .bss.pxReadyTasksLists
                0x0000000020000544       0x8c Middlewares/Third_Party/FreeRTOS/Source/tasks.o
 .bss.xDelayedTaskList1
                0x00000000200005d0       0x14 Middlewares/Third_Party/FreeRTOS/Source/tasks.o
 .bss.xDelayedTaskList2
                0x00000000200005e4       0x14 Middlewares/Third_Party/FreeRTOS/Source/tasks.o
 .bss.pxDelayedTaskList
                0x00000000200005f8        0x4 Middlewares/Third_Party/FreeRTOS/Source/tasks.o
 .bss.pxOverflowDelayedTaskList
                0x00000000200005fc        0x4 Middlewares/Third_Party/FreeRTOS/Source/tasks.o
 .bss.xPendingReadyList
                0x0000000020000600       0x14 Middlewares/Third_Party/FreeRTOS/Source/tasks.o
 .bss.xTasksWaitingTermination
                0x0000000020000614       0x14 Middlewares/Third_Party/FreeRTOS/Source/tasks.o
 .bss.uxDeletedTasksWaitingCleanUp
                0x0000000020000628        0x4 Middlewares/Third_Party/FreeRTOS/Source/tasks.o
 .bss.xSuspendedTaskList
                0x000000002000062c       0x14 Middlewares/Third_Party/FreeRTOS/Source/tasks.o
 .bss.uxCurrentNumberOfTasks
                0x0000000020000640        0x4 Middlewares/Third_Party/FreeRTOS/Source/tasks.o
 .bss.xTickCount
                0x0000000020000644        0x4 Middlewares/Third_Party/FreeRTOS/Source/tasks.o
 .bss.uxTopReadyPriority
                0x0000000020000648        0x4 Middlewares/Third_Party/FreeRTOS/Source/tasks.o
 .bss.xSchedulerRunning
                0x000000002000064c        0x4 Middlewares/Third_Party/FreeRTOS/Source/tasks.o
 .bss.uxPendedTicks
                0x0000000020000650        0x4 Middlewares/Third_Party/FreeRTOS/Source/tasks.o
 .bss.xYieldPending
                0x0000000020000654        0x4 Middlewares/Third_Party/FreeRTOS/Source/tasks.o
 .bss.xNumOfOverflows
                0x0000000020000658        0x4 Middlewares/Third_Party/FreeRTOS/Source/tasks.o
 .bss.uxTaskNumber
                0x000000002000065c        0x4 Middlewares/Third_Party/FreeRTOS/Source/tasks.o
 .bss.xNextTaskUnblockTime
                0x0000000020000660        0x4 Middlewares/Third_Party/FreeRTOS/Source/tasks.o
 .bss.xIdleTaskHandle
                0x0000000020000664        0x4 Middlewares/Third_Party/FreeRTOS/Source/tasks.o
 .bss.uxSchedulerSuspended
                0x0000000020000668        0x4 Middlewares/Third_Party/FreeRTOS/Source/tasks.o
 .bss.xActiveTimerList1
                0x000000002000066c       0x14 Middlewares/Third_Party/FreeRTOS/Source/timers.o
 .bss.xActiveTimerList2
                0x0000000020000680       0x14 Middlewares/Third_Party/FreeRTOS/Source/timers.o
 .bss.pxCurrentTimerList
                0x0000000020000694        0x4 Middlewares/Third_Party/FreeRTOS/Source/timers.o
 .bss.pxOverflowTimerList
                0x0000000020000698        0x4 Middlewares/Third_Party/FreeRTOS/Source/timers.o
 .bss.xTimerQueue
                0x000000002000069c        0x4 Middlewares/Third_Party/FreeRTOS/Source/timers.o
 .bss.xTimerTaskHandle
                0x00000000200006a0        0x4 Middlewares/Third_Party/FreeRTOS/Source/timers.o
 .bss.xLastTime.5443
                0x00000000200006a4        0x4 Middlewares/Third_Party/FreeRTOS/Source/timers.o
 .bss.ucStaticTimerQueueStorage.5492
                0x00000000200006a8       0x78 Middlewares/Third_Party/FreeRTOS/Source/timers.o
 .bss.xStaticTimerQueue.5491
                0x0000000020000720       0x48 Middlewares/Third_Party/FreeRTOS/Source/timers.o
 .bss.ucMaxSysCallPriority
                0x0000000020000768        0x1 Middlewares/Third_Party/FreeRTOS/Source/portable/GCC/ARM_CM3/port.o
 *fill*         0x0000000020000769        0x3 
 .bss.ulMaxPRIGROUPValue
                0x000000002000076c        0x4 Middlewares/Third_Party/FreeRTOS/Source/portable/GCC/ARM_CM3/port.o
 .bss.ucHeap    0x0000000020000770      0xc00 Middlewares/Third_Party/FreeRTOS/Source/portable/MemMang/heap_4.o
 .bss.xStart    0x0000000020001370        0x8 Middlewares/Third_Party/FreeRTOS/Source/portable/MemMang/heap_4.o
 .bss.pxEnd     0x0000000020001378        0x4 Middlewares/Third_Party/FreeRTOS/Source/portable/MemMang/heap_4.o
 .bss.xFreeBytesRemaining
                0x000000002000137c        0x4 Middlewares/Third_Party/FreeRTOS/Source/portable/MemMang/heap_4.o
 .bss.xMinimumEverFreeBytesRemaining
                0x0000000020001380        0x4 Middlewares/Third_Party/FreeRTOS/Source/portable/MemMang/heap_4.o
 .bss.xBlockAllocatedBit
                0x0000000020001384        0x4 Middlewares/Third_Party/FreeRTOS/Source/portable/MemMang/heap_4.o
 .bss.__malloc_free_list
                0x0000000020001388        0x4 c:/st/stm32cubeide_1.3.0/stm32cubeide/plugins/com.st.stm32cube.ide.mcu.externaltools.gnu-tools-for-stm32.7-2018-q2-update.win32_1.0.0.201904181610/tools/bin/../lib/gcc/arm-none-eabi/7.3.1/../../../../arm-none-eabi/lib/thumb/v7-m\libc_nano.a(lib_a-nano-mallocr.o)
                0x0000000020001388                __malloc_free_list
 .bss.__malloc_sbrk_start
                0x000000002000138c        0x4 c:/st/stm32cubeide_1.3.0/stm32cubeide/plugins/com.st.stm32cube.ide.mcu.externaltools.gnu-tools-for-stm32.7-2018-q2-update.win32_1.0.0.201904181610/tools/bin/../lib/gcc/arm-none-eabi/7.3.1/../../../../arm-none-eabi/lib/thumb/v7-m\libc_nano.a(lib_a-nano-mallocr.o)
                0x000000002000138c                __malloc_sbrk_start
 *(COMMON)
 COMMON         0x0000000020001390        0x4 Core/Src/freertos.o
                0x0000000020001390                relayDelay
 COMMON         0x0000000020001394      0x280 Core/Src/main.o
                0x0000000020001394                meteoInDoor
                0x00000000200013a0                defaultTaskHandle
                0x00000000200013a4                xAfterSent
                0x00000000200013a8                pipe_pool_id
                0x00000000200013ac                xLastWakeTime
                0x00000000200013b0                osUnixTimerHandle
                0x00000000200013b4                event1
                0x00000000200013c0                huart1
                0x0000000020001400                myRadioHandle
                0x0000000020001404                meteoOutDoor
                0x0000000020001410                str_rx
                0x0000000020001428                unixtimeMutexHandle
                0x000000002000142c                msgPipeAllocHandle
                0x0000000020001430                pipeData
                0x0000000020001520                unixTimeCounterHandle
                0x0000000020001524                hspi1
                0x000000002000157c                _unixtime
                0x0000000020001580                osUnixTimer
                0x0000000020001584                msgUnixTimerHandle
                0x0000000020001588                meteoData
 COMMON         0x0000000020001614        0x2 Core/Src/nrf24l01.o
                0x0000000020001614                dynamic_payloads_enabled
                0x0000000020001615                p_variant
 *fill*         0x0000000020001616        0x2 
 COMMON         0x0000000020001618        0xa Core/Src/receiver.o
                0x0000000020001618                current_data_rate
                0x0000000020001619                current_power
                0x000000002000161c                unixtime
                0x0000000020001620                current_channel
                0x0000000020001621                synchro_delta
 *fill*         0x0000000020001622        0x2 
 COMMON         0x0000000020001624       0x40 Core/Src/stm32f1xx_hal_timebase_tim.o
                0x0000000020001624                htim4
 COMMON         0x0000000020001664        0x4 Drivers/STM32F1xx_HAL_Driver/Src/stm32f1xx_hal.o
                0x0000000020001664                uwTick
 COMMON         0x0000000020001668       0x40 Middlewares/Third_Party/FreeRTOS/Source/queue.o
                0x0000000020001668                xQueueRegistry
 COMMON         0x00000000200016a8        0x4 c:/st/stm32cubeide_1.3.0/stm32cubeide/plugins/com.st.stm32cube.ide.mcu.externaltools.gnu-tools-for-stm32.7-2018-q2-update.win32_1.0.0.201904181610/tools/bin/../lib/gcc/arm-none-eabi/7.3.1/../../../../arm-none-eabi/lib/thumb/v7-m\libc_nano.a(lib_a-reent.o)
                0x00000000200016a8                errno
                0x00000000200016ac                . = ALIGN (0x4)
                0x00000000200016ac                _ebss = .
                0x00000000200016ac                __bss_end__ = _ebss

._user_heap_stack
                0x00000000200016ac      0x604 load address 0x0000000008007adc
                0x00000000200016b0                . = ALIGN (0x8)
 *fill*         0x00000000200016ac        0x4 
                0x00000000200016b0                PROVIDE (end = .)
                [!provide]                        PROVIDE (_end = .)
                0x00000000200018b0                . = (. + _Min_Heap_Size)
 *fill*         0x00000000200016b0      0x200 
                0x0000000020001cb0                . = (. + _Min_Stack_Size)
 *fill*         0x00000000200018b0      0x400 
                0x0000000020001cb0                . = ALIGN (0x8)

/DISCARD/
 libc.a(*)
 libm.a(*)
 libgcc.a(*)

.ARM.attributes
                0x0000000000000000       0x29
 *(.ARM.attributes)
 .ARM.attributes
                0x0000000000000000       0x1d c:/st/stm32cubeide_1.3.0/stm32cubeide/plugins/com.st.stm32cube.ide.mcu.externaltools.gnu-tools-for-stm32.7-2018-q2-update.win32_1.0.0.201904181610/tools/bin/../lib/gcc/arm-none-eabi/7.3.1/thumb/v7-m/crti.o
 .ARM.attributes
                0x000000000000001d       0x2d c:/st/stm32cubeide_1.3.0/stm32cubeide/plugins/com.st.stm32cube.ide.mcu.externaltools.gnu-tools-for-stm32.7-2018-q2-update.win32_1.0.0.201904181610/tools/bin/../lib/gcc/arm-none-eabi/7.3.1/thumb/v7-m/crtbegin.o
 .ARM.attributes
                0x000000000000004a       0x33 Core/Src/freertos.o
 .ARM.attributes
                0x000000000000007d       0x33 Core/Src/main.o
 .ARM.attributes
                0x00000000000000b0       0x33 Core/Src/meteo_home.o
 .ARM.attributes
                0x00000000000000e3       0x33 Core/Src/nrf24l01.o
 .ARM.attributes
                0x0000000000000116       0x33 Core/Src/receiver.o
 .ARM.attributes
                0x0000000000000149       0x33 Core/Src/stm32f1xx_hal_msp.o
 .ARM.attributes
                0x000000000000017c       0x33 Core/Src/stm32f1xx_hal_timebase_tim.o
 .ARM.attributes
                0x00000000000001af       0x33 Core/Src/stm32f1xx_it.o
 .ARM.attributes
                0x00000000000001e2       0x33 Core/Src/sysmem.o
 .ARM.attributes
                0x0000000000000215       0x33 Core/Src/system_stm32f1xx.o
 .ARM.attributes
                0x0000000000000248       0x21 Core/Startup/startup_stm32f103c8tx.o
 .ARM.attributes
                0x0000000000000269       0x33 Drivers/STM32F1xx_HAL_Driver/Src/stm32f1xx_hal.o
 .ARM.attributes
                0x000000000000029c       0x33 Drivers/STM32F1xx_HAL_Driver/Src/stm32f1xx_hal_cortex.o
 .ARM.attributes
                0x00000000000002cf       0x33 Drivers/STM32F1xx_HAL_Driver/Src/stm32f1xx_hal_gpio.o
 .ARM.attributes
                0x0000000000000302       0x33 Drivers/STM32F1xx_HAL_Driver/Src/stm32f1xx_hal_rcc.o
 .ARM.attributes
                0x0000000000000335       0x33 Drivers/STM32F1xx_HAL_Driver/Src/stm32f1xx_hal_spi.o
 .ARM.attributes
                0x0000000000000368       0x33 Drivers/STM32F1xx_HAL_Driver/Src/stm32f1xx_hal_tim.o
 .ARM.attributes
                0x000000000000039b       0x33 Drivers/STM32F1xx_HAL_Driver/Src/stm32f1xx_hal_tim_ex.o
 .ARM.attributes
                0x00000000000003ce       0x33 Drivers/STM32F1xx_HAL_Driver/Src/stm32f1xx_hal_uart.o
 .ARM.attributes
                0x0000000000000401       0x33 Middlewares/Third_Party/FreeRTOS/Source/CMSIS_RTOS/cmsis_os.o
 .ARM.attributes
                0x0000000000000434       0x33 Middlewares/Third_Party/FreeRTOS/Source/list.o
 .ARM.attributes
                0x0000000000000467       0x33 Middlewares/Third_Party/FreeRTOS/Source/queue.o
 .ARM.attributes
                0x000000000000049a       0x33 Middlewares/Third_Party/FreeRTOS/Source/tasks.o
 .ARM.attributes
                0x00000000000004cd       0x33 Middlewares/Third_Party/FreeRTOS/Source/timers.o
 .ARM.attributes
                0x0000000000000500       0x33 Middlewares/Third_Party/FreeRTOS/Source/portable/GCC/ARM_CM3/port.o
 .ARM.attributes
                0x0000000000000533       0x33 Middlewares/Third_Party/FreeRTOS/Source/portable/MemMang/heap_4.o
 .ARM.attributes
                0x0000000000000566       0x2d c:/st/stm32cubeide_1.3.0/stm32cubeide/plugins/com.st.stm32cube.ide.mcu.externaltools.gnu-tools-for-stm32.7-2018-q2-update.win32_1.0.0.201904181610/tools/bin/../lib/gcc/arm-none-eabi/7.3.1/../../../../arm-none-eabi/lib/thumb/v7-m\libc_nano.a(lib_a-errno.o)
 .ARM.attributes
                0x0000000000000593       0x2d c:/st/stm32cubeide_1.3.0/stm32cubeide/plugins/com.st.stm32cube.ide.mcu.externaltools.gnu-tools-for-stm32.7-2018-q2-update.win32_1.0.0.201904181610/tools/bin/../lib/gcc/arm-none-eabi/7.3.1/../../../../arm-none-eabi/lib/thumb/v7-m\libc_nano.a(lib_a-impure.o)
 .ARM.attributes
                0x00000000000005c0       0x2d c:/st/stm32cubeide_1.3.0/stm32cubeide/plugins/com.st.stm32cube.ide.mcu.externaltools.gnu-tools-for-stm32.7-2018-q2-update.win32_1.0.0.201904181610/tools/bin/../lib/gcc/arm-none-eabi/7.3.1/../../../../arm-none-eabi/lib/thumb/v7-m\libc_nano.a(lib_a-init.o)
 .ARM.attributes
                0x00000000000005ed       0x2d c:/st/stm32cubeide_1.3.0/stm32cubeide/plugins/com.st.stm32cube.ide.mcu.externaltools.gnu-tools-for-stm32.7-2018-q2-update.win32_1.0.0.201904181610/tools/bin/../lib/gcc/arm-none-eabi/7.3.1/../../../../arm-none-eabi/lib/thumb/v7-m\libc_nano.a(lib_a-memcpy-stub.o)
 .ARM.attributes
                0x000000000000061a       0x2d c:/st/stm32cubeide_1.3.0/stm32cubeide/plugins/com.st.stm32cube.ide.mcu.externaltools.gnu-tools-for-stm32.7-2018-q2-update.win32_1.0.0.201904181610/tools/bin/../lib/gcc/arm-none-eabi/7.3.1/../../../../arm-none-eabi/lib/thumb/v7-m\libc_nano.a(lib_a-memset.o)
 .ARM.attributes
                0x0000000000000647       0x2d c:/st/stm32cubeide_1.3.0/stm32cubeide/plugins/com.st.stm32cube.ide.mcu.externaltools.gnu-tools-for-stm32.7-2018-q2-update.win32_1.0.0.201904181610/tools/bin/../lib/gcc/arm-none-eabi/7.3.1/../../../../arm-none-eabi/lib/thumb/v7-m\libc_nano.a(lib_a-snprintf.o)
 .ARM.attributes
                0x0000000000000674       0x2d c:/st/stm32cubeide_1.3.0/stm32cubeide/plugins/com.st.stm32cube.ide.mcu.externaltools.gnu-tools-for-stm32.7-2018-q2-update.win32_1.0.0.201904181610/tools/bin/../lib/gcc/arm-none-eabi/7.3.1/../../../../arm-none-eabi/lib/thumb/v7-m\libc_nano.a(lib_a-sprintf.o)
 .ARM.attributes
                0x00000000000006a1       0x17 c:/st/stm32cubeide_1.3.0/stm32cubeide/plugins/com.st.stm32cube.ide.mcu.externaltools.gnu-tools-for-stm32.7-2018-q2-update.win32_1.0.0.201904181610/tools/bin/../lib/gcc/arm-none-eabi/7.3.1/../../../../arm-none-eabi/lib/thumb/v7-m\libc_nano.a(lib_a-strlen.o)
 .ARM.attributes
                0x00000000000006b8       0x2d c:/st/stm32cubeide_1.3.0/stm32cubeide/plugins/com.st.stm32cube.ide.mcu.externaltools.gnu-tools-for-stm32.7-2018-q2-update.win32_1.0.0.201904181610/tools/bin/../lib/gcc/arm-none-eabi/7.3.1/../../../../arm-none-eabi/lib/thumb/v7-m\libc_nano.a(lib_a-nano-svfprintf.o)
 .ARM.attributes
                0x00000000000006e5       0x2d c:/st/stm32cubeide_1.3.0/stm32cubeide/plugins/com.st.stm32cube.ide.mcu.externaltools.gnu-tools-for-stm32.7-2018-q2-update.win32_1.0.0.201904181610/tools/bin/../lib/gcc/arm-none-eabi/7.3.1/../../../../arm-none-eabi/lib/thumb/v7-m\libc_nano.a(lib_a-nano-vfprintf_i.o)
 .ARM.attributes
                0x0000000000000712       0x2d c:/st/stm32cubeide_1.3.0/stm32cubeide/plugins/com.st.stm32cube.ide.mcu.externaltools.gnu-tools-for-stm32.7-2018-q2-update.win32_1.0.0.201904181610/tools/bin/../lib/gcc/arm-none-eabi/7.3.1/../../../../arm-none-eabi/lib/thumb/v7-m\libc_nano.a(lib_a-memchr-stub.o)
 .ARM.attributes
                0x000000000000073f       0x2d c:/st/stm32cubeide_1.3.0/stm32cubeide/plugins/com.st.stm32cube.ide.mcu.externaltools.gnu-tools-for-stm32.7-2018-q2-update.win32_1.0.0.201904181610/tools/bin/../lib/gcc/arm-none-eabi/7.3.1/../../../../arm-none-eabi/lib/thumb/v7-m\libc_nano.a(lib_a-memmove.o)
 .ARM.attributes
                0x000000000000076c       0x2d c:/st/stm32cubeide_1.3.0/stm32cubeide/plugins/com.st.stm32cube.ide.mcu.externaltools.gnu-tools-for-stm32.7-2018-q2-update.win32_1.0.0.201904181610/tools/bin/../lib/gcc/arm-none-eabi/7.3.1/../../../../arm-none-eabi/lib/thumb/v7-m\libc_nano.a(lib_a-nano-freer.o)
 .ARM.attributes
                0x0000000000000799       0x2d c:/st/stm32cubeide_1.3.0/stm32cubeide/plugins/com.st.stm32cube.ide.mcu.externaltools.gnu-tools-for-stm32.7-2018-q2-update.win32_1.0.0.201904181610/tools/bin/../lib/gcc/arm-none-eabi/7.3.1/../../../../arm-none-eabi/lib/thumb/v7-m\libc_nano.a(lib_a-nano-mallocr.o)
 .ARM.attributes
                0x00000000000007c6       0x2d c:/st/stm32cubeide_1.3.0/stm32cubeide/plugins/com.st.stm32cube.ide.mcu.externaltools.gnu-tools-for-stm32.7-2018-q2-update.win32_1.0.0.201904181610/tools/bin/../lib/gcc/arm-none-eabi/7.3.1/../../../../arm-none-eabi/lib/thumb/v7-m\libc_nano.a(lib_a-nano-reallocr.o)
 .ARM.attributes
                0x00000000000007f3       0x2d c:/st/stm32cubeide_1.3.0/stm32cubeide/plugins/com.st.stm32cube.ide.mcu.externaltools.gnu-tools-for-stm32.7-2018-q2-update.win32_1.0.0.201904181610/tools/bin/../lib/gcc/arm-none-eabi/7.3.1/../../../../arm-none-eabi/lib/thumb/v7-m\libc_nano.a(lib_a-sbrkr.o)
 .ARM.attributes
                0x0000000000000820       0x2d c:/st/stm32cubeide_1.3.0/stm32cubeide/plugins/com.st.stm32cube.ide.mcu.externaltools.gnu-tools-for-stm32.7-2018-q2-update.win32_1.0.0.201904181610/tools/bin/../lib/gcc/arm-none-eabi/7.3.1/../../../../arm-none-eabi/lib/thumb/v7-m\libc_nano.a(lib_a-mlock.o)
 .ARM.attributes
                0x000000000000084d       0x2d c:/st/stm32cubeide_1.3.0/stm32cubeide/plugins/com.st.stm32cube.ide.mcu.externaltools.gnu-tools-for-stm32.7-2018-q2-update.win32_1.0.0.201904181610/tools/bin/../lib/gcc/arm-none-eabi/7.3.1/../../../../arm-none-eabi/lib/thumb/v7-m\libc_nano.a(lib_a-nano-msizer.o)
 .ARM.attributes
                0x000000000000087a       0x2d c:/st/stm32cubeide_1.3.0/stm32cubeide/plugins/com.st.stm32cube.ide.mcu.externaltools.gnu-tools-for-stm32.7-2018-q2-update.win32_1.0.0.201904181610/tools/bin/../lib/gcc/arm-none-eabi/7.3.1/../../../../arm-none-eabi/lib/thumb/v7-m\libc_nano.a(lib_a-reent.o)
 .ARM.attributes
                0x00000000000008a7       0x1d c:/st/stm32cubeide_1.3.0/stm32cubeide/plugins/com.st.stm32cube.ide.mcu.externaltools.gnu-tools-for-stm32.7-2018-q2-update.win32_1.0.0.201904181610/tools/bin/../lib/gcc/arm-none-eabi/7.3.1/thumb/v7-m/crtn.o
OUTPUT(server_meteo.elf elf32-littlearm)

.debug_info     0x0000000000000000    0x199fb
 .debug_info    0x0000000000000000      0x40b Core/Src/freertos.o
 .debug_info    0x000000000000040b     0x25c8 Core/Src/main.o
 .debug_info    0x00000000000029d3      0xa1e Core/Src/meteo_home.o
 .debug_info    0x00000000000033f1     0x1b85 Core/Src/nrf24l01.o
 .debug_info    0x0000000000004f76      0xcf0 Core/Src/receiver.o
 .debug_info    0x0000000000005c66      0xc59 Core/Src/stm32f1xx_hal_msp.o
 .debug_info    0x00000000000068bf      0x8e8 Core/Src/stm32f1xx_hal_timebase_tim.o
 .debug_info    0x00000000000071a7      0x6a4 Core/Src/stm32f1xx_it.o
 .debug_info    0x000000000000784b      0x91c Core/Src/sysmem.o
 .debug_info    0x0000000000008167      0x433 Core/Src/system_stm32f1xx.o
 .debug_info    0x000000000000859a       0x22 Core/Startup/startup_stm32f103c8tx.o
 .debug_info    0x00000000000085bc      0x6fe Drivers/STM32F1xx_HAL_Driver/Src/stm32f1xx_hal.o
 .debug_info    0x0000000000008cba      0xb46 Drivers/STM32F1xx_HAL_Driver/Src/stm32f1xx_hal_cortex.o
 .debug_info    0x0000000000009800      0x681 Drivers/STM32F1xx_HAL_Driver/Src/stm32f1xx_hal_gpio.o
 .debug_info    0x0000000000009e81      0x804 Drivers/STM32F1xx_HAL_Driver/Src/stm32f1xx_hal_rcc.o
 .debug_info    0x000000000000a685     0x153a Drivers/STM32F1xx_HAL_Driver/Src/stm32f1xx_hal_spi.o
 .debug_info    0x000000000000bbbf     0x2456 Drivers/STM32F1xx_HAL_Driver/Src/stm32f1xx_hal_tim.o
 .debug_info    0x000000000000e015     0x1104 Drivers/STM32F1xx_HAL_Driver/Src/stm32f1xx_hal_tim_ex.o
 .debug_info    0x000000000000f119     0x11e3 Drivers/STM32F1xx_HAL_Driver/Src/stm32f1xx_hal_uart.o
 .debug_info    0x00000000000102fc     0x1e99 Middlewares/Third_Party/FreeRTOS/Source/CMSIS_RTOS/cmsis_os.o
 .debug_info    0x0000000000012195      0xac5 Middlewares/Third_Party/FreeRTOS/Source/list.o
 .debug_info    0x0000000000012c5a     0x1f80 Middlewares/Third_Party/FreeRTOS/Source/queue.o
 .debug_info    0x0000000000014bda     0x2593 Middlewares/Third_Party/FreeRTOS/Source/tasks.o
 .debug_info    0x000000000001716d     0x17bd Middlewares/Third_Party/FreeRTOS/Source/timers.o
 .debug_info    0x000000000001892a      0x4d2 Middlewares/Third_Party/FreeRTOS/Source/portable/GCC/ARM_CM3/port.o
 .debug_info    0x0000000000018dfc      0xbff Middlewares/Third_Party/FreeRTOS/Source/portable/MemMang/heap_4.o

.debug_abbrev   0x0000000000000000     0x3834
 .debug_abbrev  0x0000000000000000      0x132 Core/Src/freertos.o
 .debug_abbrev  0x0000000000000132      0x304 Core/Src/main.o
 .debug_abbrev  0x0000000000000436      0x1ed Core/Src/meteo_home.o
 .debug_abbrev  0x0000000000000623      0x3a5 Core/Src/nrf24l01.o
 .debug_abbrev  0x00000000000009c8      0x1ed Core/Src/receiver.o
 .debug_abbrev  0x0000000000000bb5      0x1a6 Core/Src/stm32f1xx_hal_msp.o
 .debug_abbrev  0x0000000000000d5b      0x19d Core/Src/stm32f1xx_hal_timebase_tim.o
 .debug_abbrev  0x0000000000000ef8      0x16b Core/Src/stm32f1xx_it.o
 .debug_abbrev  0x0000000000001063      0x1bb Core/Src/sysmem.o
 .debug_abbrev  0x000000000000121e      0x134 Core/Src/system_stm32f1xx.o
 .debug_abbrev  0x0000000000001352       0x12 Core/Startup/startup_stm32f103c8tx.o
 .debug_abbrev  0x0000000000001364      0x1d8 Drivers/STM32F1xx_HAL_Driver/Src/stm32f1xx_hal.o
 .debug_abbrev  0x000000000000153c      0x2d5 Drivers/STM32F1xx_HAL_Driver/Src/stm32f1xx_hal_cortex.o
 .debug_abbrev  0x0000000000001811      0x1c0 Drivers/STM32F1xx_HAL_Driver/Src/stm32f1xx_hal_gpio.o
 .debug_abbrev  0x00000000000019d1      0x243 Drivers/STM32F1xx_HAL_Driver/Src/stm32f1xx_hal_rcc.o
 .debug_abbrev  0x0000000000001c14      0x240 Drivers/STM32F1xx_HAL_Driver/Src/stm32f1xx_hal_spi.o
 .debug_abbrev  0x0000000000001e54      0x230 Drivers/STM32F1xx_HAL_Driver/Src/stm32f1xx_hal_tim.o
 .debug_abbrev  0x0000000000002084      0x21e Drivers/STM32F1xx_HAL_Driver/Src/stm32f1xx_hal_tim_ex.o
 .debug_abbrev  0x00000000000022a2      0x242 Drivers/STM32F1xx_HAL_Driver/Src/stm32f1xx_hal_uart.o
 .debug_abbrev  0x00000000000024e4      0x379 Middlewares/Third_Party/FreeRTOS/Source/CMSIS_RTOS/cmsis_os.o
 .debug_abbrev  0x000000000000285d      0x1cf Middlewares/Third_Party/FreeRTOS/Source/list.o
 .debug_abbrev  0x0000000000002a2c      0x354 Middlewares/Third_Party/FreeRTOS/Source/queue.o
 .debug_abbrev  0x0000000000002d80      0x338 Middlewares/Third_Party/FreeRTOS/Source/tasks.o
 .debug_abbrev  0x00000000000030b8      0x2bd Middlewares/Third_Party/FreeRTOS/Source/timers.o
 .debug_abbrev  0x0000000000003375      0x205 Middlewares/Third_Party/FreeRTOS/Source/portable/GCC/ARM_CM3/port.o
 .debug_abbrev  0x000000000000357a      0x2ba Middlewares/Third_Party/FreeRTOS/Source/portable/MemMang/heap_4.o

.debug_aranges  0x0000000000000000     0x15d0
 .debug_aranges
                0x0000000000000000       0x38 Core/Src/freertos.o
 .debug_aranges
                0x0000000000000038       0x78 Core/Src/main.o
 .debug_aranges
                0x00000000000000b0       0x28 Core/Src/meteo_home.o
 .debug_aranges
                0x00000000000000d8      0x1c8 Core/Src/nrf24l01.o
 .debug_aranges
                0x00000000000002a0       0x30 Core/Src/receiver.o
 .debug_aranges
                0x00000000000002d0       0x40 Core/Src/stm32f1xx_hal_msp.o
 .debug_aranges
                0x0000000000000310       0x30 Core/Src/stm32f1xx_hal_timebase_tim.o
 .debug_aranges
                0x0000000000000340       0x58 Core/Src/stm32f1xx_it.o
 .debug_aranges
                0x0000000000000398       0x20 Core/Src/sysmem.o
 .debug_aranges
                0x00000000000003b8       0x28 Core/Src/system_stm32f1xx.o
 .debug_aranges
                0x00000000000003e0       0x28 Core/Startup/startup_stm32f103c8tx.o
 .debug_aranges
                0x0000000000000408       0xe0 Drivers/STM32F1xx_HAL_Driver/Src/stm32f1xx_hal.o
 .debug_aranges
                0x00000000000004e8      0x100 Drivers/STM32F1xx_HAL_Driver/Src/stm32f1xx_hal_cortex.o
 .debug_aranges
                0x00000000000005e8       0x58 Drivers/STM32F1xx_HAL_Driver/Src/stm32f1xx_hal_gpio.o
 .debug_aranges
                0x0000000000000640       0x90 Drivers/STM32F1xx_HAL_Driver/Src/stm32f1xx_hal_rcc.o
 .debug_aranges
                0x00000000000006d0      0x1d0 Drivers/STM32F1xx_HAL_Driver/Src/stm32f1xx_hal_spi.o
 .debug_aranges
                0x00000000000008a0      0x3a8 Drivers/STM32F1xx_HAL_Driver/Src/stm32f1xx_hal_tim.o
 .debug_aranges
                0x0000000000000c48      0x150 Drivers/STM32F1xx_HAL_Driver/Src/stm32f1xx_hal_tim_ex.o
 .debug_aranges
                0x0000000000000d98      0x1d0 Drivers/STM32F1xx_HAL_Driver/Src/stm32f1xx_hal_uart.o
 .debug_aranges
                0x0000000000000f68      0x1d8 Middlewares/Third_Party/FreeRTOS/Source/CMSIS_RTOS/cmsis_os.o
 .debug_aranges
                0x0000000000001140       0x40 Middlewares/Third_Party/FreeRTOS/Source/list.o
 .debug_aranges
                0x0000000000001180      0x110 Middlewares/Third_Party/FreeRTOS/Source/queue.o
 .debug_aranges
                0x0000000000001290      0x1b8 Middlewares/Third_Party/FreeRTOS/Source/tasks.o
 .debug_aranges
                0x0000000000001448       0xc0 Middlewares/Third_Party/FreeRTOS/Source/timers.o
 .debug_aranges
                0x0000000000001508       0x78 Middlewares/Third_Party/FreeRTOS/Source/portable/GCC/ARM_CM3/port.o
 .debug_aranges
                0x0000000000001580       0x50 Middlewares/Third_Party/FreeRTOS/Source/portable/MemMang/heap_4.o

.debug_ranges   0x0000000000000000     0x1438
 .debug_ranges  0x0000000000000000       0x28 Core/Src/freertos.o
 .debug_ranges  0x0000000000000028       0x68 Core/Src/main.o
 .debug_ranges  0x0000000000000090       0x18 Core/Src/meteo_home.o
 .debug_ranges  0x00000000000000a8      0x1b8 Core/Src/nrf24l01.o
 .debug_ranges  0x0000000000000260       0x20 Core/Src/receiver.o
 .debug_ranges  0x0000000000000280       0x30 Core/Src/stm32f1xx_hal_msp.o
 .debug_ranges  0x00000000000002b0       0x20 Core/Src/stm32f1xx_hal_timebase_tim.o
 .debug_ranges  0x00000000000002d0       0x48 Core/Src/stm32f1xx_it.o
 .debug_ranges  0x0000000000000318       0x10 Core/Src/sysmem.o
 .debug_ranges  0x0000000000000328       0x18 Core/Src/system_stm32f1xx.o
 .debug_ranges  0x0000000000000340       0x20 Core/Startup/startup_stm32f103c8tx.o
 .debug_ranges  0x0000000000000360       0xd0 Drivers/STM32F1xx_HAL_Driver/Src/stm32f1xx_hal.o
 .debug_ranges  0x0000000000000430       0xf0 Drivers/STM32F1xx_HAL_Driver/Src/stm32f1xx_hal_cortex.o
 .debug_ranges  0x0000000000000520       0x48 Drivers/STM32F1xx_HAL_Driver/Src/stm32f1xx_hal_gpio.o
 .debug_ranges  0x0000000000000568       0x80 Drivers/STM32F1xx_HAL_Driver/Src/stm32f1xx_hal_rcc.o
 .debug_ranges  0x00000000000005e8      0x1c0 Drivers/STM32F1xx_HAL_Driver/Src/stm32f1xx_hal_spi.o
 .debug_ranges  0x00000000000007a8      0x398 Drivers/STM32F1xx_HAL_Driver/Src/stm32f1xx_hal_tim.o
 .debug_ranges  0x0000000000000b40      0x140 Drivers/STM32F1xx_HAL_Driver/Src/stm32f1xx_hal_tim_ex.o
 .debug_ranges  0x0000000000000c80      0x1c0 Drivers/STM32F1xx_HAL_Driver/Src/stm32f1xx_hal_uart.o
 .debug_ranges  0x0000000000000e40      0x1c8 Middlewares/Third_Party/FreeRTOS/Source/CMSIS_RTOS/cmsis_os.o
 .debug_ranges  0x0000000000001008       0x30 Middlewares/Third_Party/FreeRTOS/Source/list.o
 .debug_ranges  0x0000000000001038      0x100 Middlewares/Third_Party/FreeRTOS/Source/queue.o
 .debug_ranges  0x0000000000001138      0x1a8 Middlewares/Third_Party/FreeRTOS/Source/tasks.o
 .debug_ranges  0x00000000000012e0       0xb0 Middlewares/Third_Party/FreeRTOS/Source/timers.o
 .debug_ranges  0x0000000000001390       0x68 Middlewares/Third_Party/FreeRTOS/Source/portable/GCC/ARM_CM3/port.o
 .debug_ranges  0x00000000000013f8       0x40 Middlewares/Third_Party/FreeRTOS/Source/portable/MemMang/heap_4.o

.debug_macro    0x0000000000000000    0x17a8e
 .debug_macro   0x0000000000000000      0x21b Core/Src/freertos.o
 .debug_macro   0x000000000000021b      0xa5a Core/Src/freertos.o