main.c:109:5:main	152	static
main.c:212:6:SystemClock_Config	72	static
main.c:250:13:MX_SPI1_Init	8	static
main.c:288:13:MX_USART1_UART_Init	8	static
main.c:321:13:MX_GPIO_Init	40	static
main.c:364:6:HAL_GPIO_EXTI_Callback	24	static,ignoring_inline_asm
main.c:406:6:StartDefaultTask	16	static
main.c:421:6:StartRadio	88	static
main.c:505:6:StartUnixTimeCounter	48	static
main.c:547:6:CallbackUnixTimer	16	static
main.c:570:6:HAL_TIM_PeriodElapsedCallback	16	static
main.c:589:6:Error_Handler	4	static
