nrf24l01.c:26:6:DWT_Init	4	static
nrf24l01.c:32:6:delay_us	24	static
nrf24l01.c:39:6:csn	16	static
nrf24l01.c:45:6:ce	16	static
nrf24l01.c:50:9:read_register	32	static
nrf24l01.c:62:9:write_registerMy	32	static
nrf24l01.c:74:9:write_register	32	static
nrf24l01.c:85:9:write_payload	40	static
nrf24l01.c:108:9:read_payload	32	static
nrf24l01.c:135:9:flush_rx	8	static
nrf24l01.c:140:9:flush_tx	8	static
nrf24l01.c:145:9:spiTrans	32	static
nrf24l01.c:154:9:get_status	8	static
nrf24l01.c:159:6:setChannel	16	static
nrf24l01.c:164:9:getChannel	8	static
nrf24l01.c:169:6:setPayloadSize	16	static
nrf24l01.c:174:9:getPayloadSize	4	static
nrf24l01.c:179:9:NRF_Init	16	static
nrf24l01.c:219:6:read_pipe_address	32	static
nrf24l01.c:233:9:nRF24_Check	24	static
nrf24l01.c:256:6:isChipConnected	16	static
nrf24l01.c:268:6:startListening	8	static
nrf24l01.c:294:6:stopListening	8	static
nrf24l01.c:309:6:powerDown	8	static
nrf24l01.c:316:6:powerUp	16	static
nrf24l01.c:329:6:write	24	static
nrf24l01.c:348:6:writeWithAck	32	static
nrf24l01.c:370:6:startFastWrite	16	static
nrf24l01.c:380:6:maskIRQ	24	static
nrf24l01.c:388:9:getDynamicPayloadSize	24	static
nrf24l01.c:407:6:availableMy	8	static
nrf24l01.c:412:6:available	24	static
nrf24l01.c:428:6:read	16	static
nrf24l01.c:435:9:whatHappened	16	static
nrf24l01.c:444:6:openWritingPipe	16	static
nrf24l01.c:457:6:openReadingPipe	24	static
nrf24l01.c:477:6:setAddressWidth	16	static
nrf24l01.c:491:6:closeReadingPipe	16	static
nrf24l01.c:496:6:toggle_features	16	static
nrf24l01.c:505:6:enableDynamicPayloads	8	static
nrf24l01.c:512:6:disableDynamicPayloads	8	static
nrf24l01.c:519:6:enableAckPayload	8	static
nrf24l01.c:526:6:enableDynamicAck	8	static
nrf24l01.c:531:6:writeAckPayload	24	static
nrf24l01.c:542:6:isAckPayloadAvailable	8	static
nrf24l01.c:547:6:isPVariant	4	static
nrf24l01.c:552:6:setAutoAck	16	static
nrf24l01.c:560:6:setAutoAckPipe	24	static
nrf24l01.c:579:6:setPALevel	24	static
nrf24l01.c:595:9:getPALevel	8	static
nrf24l01.c:600:6:setDataRate	24	static
nrf24l01.c:632:17:getDataRate	16	static
nrf24l01.c:655:6:setCRCLength	24	static
nrf24l01.c:676:18:getCRCLength	16	static
nrf24l01.c:694:6:disableCRC	16	static
nrf24l01.c:700:6:setRetries	16	static
