nrf24l01.c:25:6:DWT_Init	4	static
nrf24l01.c:31:6:delay_us	24	static
nrf24l01.c:38:6:csn	16	static
nrf24l01.c:44:6:ce	16	static
nrf24l01.c:49:9:read_register	32	static
nrf24l01.c:61:9:write_registerMy	32	static
nrf24l01.c:73:9:write_register	32	static
nrf24l01.c:84:9:write_payload	40	static
nrf24l01.c:107:9:read_payload	32	static
nrf24l01.c:134:9:flush_rx	8	static
nrf24l01.c:139:9:flush_tx	8	static
nrf24l01.c:144:9:spiTrans	32	static
nrf24l01.c:153:9:get_status	8	static
nrf24l01.c:158:6:setChannel	16	static
nrf24l01.c:163:9:getChannel	8	static
nrf24l01.c:168:6:setPayloadSize	16	static
nrf24l01.c:173:9:getPayloadSize	4	static
nrf24l01.c:178:9:NRF_Init	16	static
nrf24l01.c:219:6:isChipConnected	16	static
nrf24l01.c:231:6:startListening	8	static
nrf24l01.c:257:6:stopListening	8	static
nrf24l01.c:272:6:powerDown	8	static
nrf24l01.c:279:6:powerUp	16	static
nrf24l01.c:292:6:write	24	static
nrf24l01.c:311:6:writeWithAck	32	static
nrf24l01.c:333:6:startFastWrite	16	static
nrf24l01.c:343:6:maskIRQ	24	static
nrf24l01.c:351:9:getDynamicPayloadSize	24	static
nrf24l01.c:370:6:availableMy	8	static
nrf24l01.c:375:6:available	24	static
nrf24l01.c:391:6:read	16	static
nrf24l01.c:398:9:whatHappened	16	static
nrf24l01.c:407:6:openWritingPipe	16	static
nrf24l01.c:420:6:openReadingPipe	24	static
nrf24l01.c:440:6:setAddressWidth	16	static
nrf24l01.c:454:6:closeReadingPipe	16	static
nrf24l01.c:459:6:toggle_features	16	static
nrf24l01.c:468:6:enableDynamicPayloads	8	static
nrf24l01.c:475:6:disableDynamicPayloads	8	static
nrf24l01.c:482:6:enableAckPayload	8	static
nrf24l01.c:489:6:enableDynamicAck	8	static
nrf24l01.c:494:6:writeAckPayload	24	static
nrf24l01.c:505:6:isAckPayloadAvailable	8	static
nrf24l01.c:510:6:isPVariant	4	static
nrf24l01.c:515:6:setAutoAck	16	static
nrf24l01.c:523:6:setAutoAckPipe	24	static
nrf24l01.c:542:6:setPALevel	24	static
nrf24l01.c:558:9:getPALevel	8	static
nrf24l01.c:563:6:setDataRate	24	static
nrf24l01.c:595:17:getDataRate	16	static
nrf24l01.c:618:6:setCRCLength	24	static
nrf24l01.c:639:18:getCRCLength	16	static
nrf24l01.c:657:6:disableCRC	16	static
nrf24l01.c:663:6:setRetries	16	static
